Archive member included to satisfy reference by file (symbol)

d:/enviro~1/gcc-ar~1/102021~1.10/bin/../lib/gcc/arm-none-eabi/10.3.1/../../../../arm-none-eabi/lib/thumb/v7e-m+fp/hard\libm.a(lib_a-wf_pow.o)
                              CMakeFiles/kosann_UAVGimbal.elf.dir/User/Framework/ADRC/ADRC.cpp.obj (powf)
d:/enviro~1/gcc-ar~1/102021~1.10/bin/../lib/gcc/arm-none-eabi/10.3.1/../../../../arm-none-eabi/lib/thumb/v7e-m+fp/hard\libm.a(lib_a-wf_sqrt.o)
                              CMakeFiles/kosann_UAVGimbal.elf.dir/User/Framework/ADRC/ADRC.cpp.obj (sqrtf)
d:/enviro~1/gcc-ar~1/102021~1.10/bin/../lib/gcc/arm-none-eabi/10.3.1/../../../../arm-none-eabi/lib/thumb/v7e-m+fp/hard\libm.a(lib_a-ef_pow.o)
                              d:/enviro~1/gcc-ar~1/102021~1.10/bin/../lib/gcc/arm-none-eabi/10.3.1/../../../../arm-none-eabi/lib/thumb/v7e-m+fp/hard\libm.a(lib_a-wf_pow.o) (__ieee754_powf)
d:/enviro~1/gcc-ar~1/102021~1.10/bin/../lib/gcc/arm-none-eabi/10.3.1/../../../../arm-none-eabi/lib/thumb/v7e-m+fp/hard\libm.a(lib_a-ef_sqrt.o)
                              d:/enviro~1/gcc-ar~1/102021~1.10/bin/../lib/gcc/arm-none-eabi/10.3.1/../../../../arm-none-eabi/lib/thumb/v7e-m+fp/hard\libm.a(lib_a-wf_sqrt.o) (__ieee754_sqrtf)
d:/enviro~1/gcc-ar~1/102021~1.10/bin/../lib/gcc/arm-none-eabi/10.3.1/../../../../arm-none-eabi/lib/thumb/v7e-m+fp/hard\libm.a(lib_a-math_errf.o)
                              d:/enviro~1/gcc-ar~1/102021~1.10/bin/../lib/gcc/arm-none-eabi/10.3.1/../../../../arm-none-eabi/lib/thumb/v7e-m+fp/hard\libm.a(lib_a-ef_pow.o) (__math_uflowf)
d:/enviro~1/gcc-ar~1/102021~1.10/bin/../lib/gcc/arm-none-eabi/10.3.1/../../../../arm-none-eabi/lib/thumb/v7e-m+fp/hard\libm.a(lib_a-sf_fabs.o)
                              d:/enviro~1/gcc-ar~1/102021~1.10/bin/../lib/gcc/arm-none-eabi/10.3.1/../../../../arm-none-eabi/lib/thumb/v7e-m+fp/hard\libm.a(lib_a-ef_pow.o) (fabsf)
d:/enviro~1/gcc-ar~1/102021~1.10/bin/../lib/gcc/arm-none-eabi/10.3.1/../../../../arm-none-eabi/lib/thumb/v7e-m+fp/hard\libm.a(lib_a-sf_finite.o)
                              d:/enviro~1/gcc-ar~1/102021~1.10/bin/../lib/gcc/arm-none-eabi/10.3.1/../../../../arm-none-eabi/lib/thumb/v7e-m+fp/hard\libm.a(lib_a-wf_pow.o) (finitef)
d:/enviro~1/gcc-ar~1/102021~1.10/bin/../lib/gcc/arm-none-eabi/10.3.1/../../../../arm-none-eabi/lib/thumb/v7e-m+fp/hard\libm.a(lib_a-sf_scalbn.o)
                              d:/enviro~1/gcc-ar~1/102021~1.10/bin/../lib/gcc/arm-none-eabi/10.3.1/../../../../arm-none-eabi/lib/thumb/v7e-m+fp/hard\libm.a(lib_a-ef_pow.o) (scalbnf)
d:/enviro~1/gcc-ar~1/102021~1.10/bin/../lib/gcc/arm-none-eabi/10.3.1/thumb/v7e-m+fp/hard\libgcc.a(_arm_muldf3.o)
                              CMakeFiles/kosann_UAVGimbal.elf.dir/User/Framework/ADRC/ADRC.cpp.obj (__aeabi_dmul)
d:/enviro~1/gcc-ar~1/102021~1.10/bin/../lib/gcc/arm-none-eabi/10.3.1/thumb/v7e-m+fp/hard\libgcc.a(_arm_addsubdf3.o)
                              CMakeFiles/kosann_UAVGimbal.elf.dir/User/Framework/RGB/lrgb.cpp.obj (__aeabi_dsub)
d:/enviro~1/gcc-ar~1/102021~1.10/bin/../lib/gcc/arm-none-eabi/10.3.1/thumb/v7e-m+fp/hard\libgcc.a(_arm_muldivdf3.o)
                              CMakeFiles/kosann_UAVGimbal.elf.dir/User/Framework/RGB/lrgb.cpp.obj (__aeabi_ddiv)
d:/enviro~1/gcc-ar~1/102021~1.10/bin/../lib/gcc/arm-none-eabi/10.3.1/thumb/v7e-m+fp/hard\libgcc.a(_arm_fixunsdfsi.o)
                              CMakeFiles/kosann_UAVGimbal.elf.dir/User/Framework/RGB/lrgb.cpp.obj (__aeabi_d2uiz)
d:/enviro~1/gcc-ar~1/102021~1.10/bin/../lib/gcc/arm-none-eabi/10.3.1/thumb/v7e-m+fp/hard\libgcc.a(_arm_truncdfsf2.o)
                              CMakeFiles/kosann_UAVGimbal.elf.dir/User/Framework/ADRC/ADRC.cpp.obj (__aeabi_d2f)
d:/enviro~1/gcc-ar~1/102021~1.10/bin/../lib/gcc/arm-none-eabi/10.3.1/thumb/v7e-m+fp/hard\libgcc.a(_aeabi_uldivmod.o)
                              CMakeFiles/kosann_UAVGimbal.elf.dir/Drivers/STM32F4xx_HAL_Driver/Src/stm32f4xx_hal_rcc.c.obj (__aeabi_uldivmod)
d:/enviro~1/gcc-ar~1/102021~1.10/bin/../lib/gcc/arm-none-eabi/10.3.1/thumb/v7e-m+fp/hard\libgcc.a(_udivmoddi4.o)
                              d:/enviro~1/gcc-ar~1/102021~1.10/bin/../lib/gcc/arm-none-eabi/10.3.1/thumb/v7e-m+fp/hard\libgcc.a(_aeabi_uldivmod.o) (__udivmoddi4)
d:/enviro~1/gcc-ar~1/102021~1.10/bin/../lib/gcc/arm-none-eabi/10.3.1/thumb/v7e-m+fp/hard\libgcc.a(unwind-arm.o)
                              CMakeFiles/kosann_UAVGimbal.elf.dir/User/Framework/Debug/DebugC.cpp.obj (__aeabi_unwind_cpp_pr0)
d:/enviro~1/gcc-ar~1/102021~1.10/bin/../lib/gcc/arm-none-eabi/10.3.1/thumb/v7e-m+fp/hard\libgcc.a(libunwind.o)
                              d:/enviro~1/gcc-ar~1/102021~1.10/bin/../lib/gcc/arm-none-eabi/10.3.1/thumb/v7e-m+fp/hard\libgcc.a(unwind-arm.o) (restore_core_regs)
d:/enviro~1/gcc-ar~1/102021~1.10/bin/../lib/gcc/arm-none-eabi/10.3.1/thumb/v7e-m+fp/hard\libgcc.a(pr-support.o)
[...]
Memory Configuration

Name             Origin             Length             Attributes
CCMRAM           0x10000000         0x00010000         xrw
RAM              0x20000000         0x00020000         xrw
FLASH            0x08000000         0x00100000         xr
*default*        0x00000000         0xffffffff

Linker script and memory map

LOAD d:/enviro~1/gcc-ar~1/102021~1.10/bin/../lib/gcc/arm-none-eabi/10.3.1/thumb/v7e-m+fp/hard/crti.o
LOAD d:/enviro~1/gcc-ar~1/102021~1.10/bin/../lib/gcc/arm-none-eabi/10.3.1/thumb/v7e-m+fp/hard/crtbegin.o
LOAD d:/enviro~1/gcc-ar~1/102021~1.10/bin/../lib/gcc/arm-none-eabi/10.3.1/../../../../arm-none-eabi/lib/thumb/v7e-m+fp/hard/crt0.o
LOAD CMakeFiles/kosann_UAVGimbal.elf.dir/Core/Src/can.c.obj
LOAD CMakeFiles/kosann_UAVGimbal.elf.dir/Core/Src/dma.c.obj
LOAD CMakeFiles/kosann_UAVGimbal.elf.dir/Core/Src/freertos.c.obj
LOAD CMakeFiles/kosann_UAVGimbal.elf.dir/Core/Src/gpio.c.obj
LOAD CMakeFiles/kosann_UAVGimbal.elf.dir/Core/Src/i2c.c.obj
LOAD CMakeFiles/kosann_UAVGimbal.elf.dir/Core/Src/iwdg.c.obj
LOAD CMakeFiles/kosann_UAVGimbal.elf.dir/Core/Src/main.c.obj
LOAD CMakeFiles/kosann_UAVGimbal.elf.dir/Core/Src/mainpp.cpp.obj
LOAD CMakeFiles/kosann_UAVGimbal.elf.dir/Core/Src/spi.c.obj
LOAD CMakeFiles/kosann_UAVGimbal.elf.dir/Core/Src/stm32f4xx_hal_msp.c.obj
LOAD CMakeFiles/kosann_UAVGimbal.elf.dir/Core/Src/stm32f4xx_hal_timebase_tim.c.obj
LOAD CMakeFiles/kosann_UAVGimbal.elf.dir/Core/Src/stm32f4xx_it.c.obj
LOAD CMakeFiles/kosann_UAVGimbal.elf.dir/Core/Src/syscalls.c.obj
LOAD CMakeFiles/kosann_UAVGimbal.elf.dir/Core/Src/sysmem.c.obj
LOAD CMakeFiles/kosann_UAVGimbal.elf.dir/Core/Src/system_stm32f4xx.c.obj
LOAD CMakeFiles/kosann_UAVGimbal.elf.dir/Core/Src/tim.c.obj
LOAD CMakeFiles/kosann_UAVGimbal.elf.dir/Core/Src/usart.c.obj
LOAD CMakeFiles/kosann_UAVGimbal.elf.dir/Core/Startup/startup_stm32f407ighx.s.obj
LOAD CMakeFiles/kosann_UAVGimbal.elf.dir/Drivers/STM32F4xx_HAL_Driver/Src/stm32f4xx_hal.c.obj
LOAD CMakeFiles/kosann_UAVGimbal.elf.dir/Drivers/STM32F4xx_HAL_Driver/Src/stm32f4xx_hal_can.c.obj
LOAD CMakeFiles/kosann_UAVGimbal.elf.dir/Drivers/STM32F4xx_HAL_Driver/Src/stm32f4xx_hal_cortex.c.obj
LOAD CMakeFiles/kosann_UAVGimbal.elf.dir/Drivers/STM32F4xx_HAL_Driver/Src/stm32f4xx_hal_dma.c.obj
LOAD CMakeFiles/kosann_UAVGimbal.elf.dir/Drivers/STM32F4xx_HAL_Driver/Src/stm32f4xx_hal_dma_ex.c.obj
LOAD CMakeFiles/kosann_UAVGimbal.elf.dir/Drivers/STM32F4xx_HAL_Driver/Src/stm32f4xx_hal_exti.c.obj
LOAD CMakeFiles/kosann_UAVGimbal.elf.dir/Drivers/STM32F4xx_HAL_Driver/Src/stm32f4xx_hal_flash.c.obj
LOAD CMakeFiles/kosann_UAVGimbal.elf.dir/Drivers/STM32F4xx_HAL_Driver/Src/stm32f4xx_hal_flash_ex.c.obj
LOAD CMakeFiles/kosann_UAVGimbal.elf.dir/Drivers/STM32F4xx_HAL_Driver/Src/stm32f4xx_hal_flash_ramfunc.c.obj
LOAD CMakeFiles/kosann_UAVGimbal.elf.dir/Drivers/STM32F4xx_HAL_Driver/Src/stm32f4xx_hal_gpio.c.obj
LOAD CMakeFiles/kosann_UAVGimbal.elf.dir/Drivers/STM32F4xx_HAL_Driver/Src/stm32f4xx_hal_i2c.c.obj
LOAD CMakeFiles/kosann_UAVGimbal.elf.dir/Drivers/STM32F4xx_HAL_Driver/Src/stm32f4xx_hal_i2c_ex.c.obj
LOAD CMakeFiles/kosann_UAVGimbal.elf.dir/Drivers/STM32F4xx_HAL_Driver/Src/stm32f4xx_hal_iwdg.c.obj
LOAD CMakeFiles/kosann_UAVGimbal.elf.dir/Drivers/STM32F4xx_HAL_Driver/Src/stm32f4xx_hal_pcd.c.obj
LOAD CMakeFiles/kosann_UAVGimbal.elf.dir/Drivers/STM32F4xx_HAL_Driver/Src/stm32f4xx_hal_pcd_ex.c.obj
LOAD CMakeFiles/kosann_UAVGimbal.elf.dir/Drivers/STM32F4xx_HAL_Driver/Src/stm32f4xx_hal_pwr.c.obj
LOAD CMakeFiles/kosann_UAVGimbal.elf.dir/Drivers/STM32F4xx_HAL_Driver/Src/stm32f4xx_hal_pwr_ex.c.obj
LOAD CMakeFiles/kosann_UAVGimbal.elf.dir/Drivers/STM32F4xx_HAL_Driver/Src/stm32f4xx_hal_rcc.c.obj
LOAD CMakeFiles/kosann_UAVGimbal.elf.dir/Drivers/STM32F4xx_HAL_Driver/Src/stm32f4xx_hal_rcc_ex.c.obj
LOAD CMakeFiles/kosann_UAVGimbal.elf.dir/Drivers/STM32F4xx_HAL_Driver/Src/stm32f4xx_hal_spi.c.obj
LOAD CMakeFiles/kosann_UAVGimbal.elf.dir/Drivers/STM32F4xx_HAL_Driver/Src/stm32f4xx_hal_tim.c.obj
LOAD CMakeFiles/kosann_UAVGimbal.elf.dir/Drivers/STM32F4xx_HAL_Driver/Src/stm32f4xx_hal_tim_ex.c.obj
LOAD CMakeFiles/kosann_UAVGimbal.elf.dir/Drivers/STM32F4xx_HAL_Driver/Src/stm32f4xx_hal_uart.c.obj
LOAD CMakeFiles/kosann_UAVGimbal.elf.dir/Drivers/STM32F4xx_HAL_Driver/Src/stm32f4xx_ll_usb.c.obj
LOAD CMakeFiles/kosann_UAVGimbal.elf.dir/FATFS/App/fatfs.c.obj
LOAD CMakeFiles/kosann_UAVGimbal.elf.dir/FATFS/Target/user_diskio.c.obj
LOAD CMakeFiles/kosann_UAVGimbal.elf.dir/Middlewares/ST/STM32_USB_Device_Library/Class/CDC/Src/usbd_cdc.c.obj
LOAD CMakeFiles/kosann_UAVGimbal.elf.dir/Middlewares/ST/STM32_USB_Device_Library/Core/Src/usbd_core.c.obj
LOAD CMakeFiles/kosann_UAVGimbal.elf.dir/Middlewares/ST/STM32_USB_Device_Library/Core/Src/usbd_ctlreq.c.obj
LOAD CMakeFiles/kosann_UAVGimbal.elf.dir/Middlewares/ST/STM32_USB_Device_Library/Core/Src/usbd_ioreq.c.obj
LOAD CMakeFiles/kosann_UAVGimbal.elf.dir/Middlewares/Third_Party/FatFs/src/diskio.c.obj
LOAD CMakeFiles/kosann_UAVGimbal.elf.dir/Middlewares/Third_Party/FatFs/src/ff.c.obj
LOAD CMakeFiles/kosann_UAVGimbal.elf.dir/Middlewares/Third_Party/FatFs/src/ff_gen_drv.c.obj
LOAD CMakeFiles/kosann_UAVGimbal.elf.dir/Middlewares/Third_Party/FatFs/src/option/syscall.c.obj
LOAD CMakeFiles/kosann_UAVGimbal.elf.dir/Middlewares/Third_Party/FreeRTOS/Source/CMSIS_RTOS/cmsis_os.c.obj
LOAD CMakeFiles/kosann_UAVGimbal.elf.dir/Middlewares/Third_Party/FreeRTOS/Source/croutine.c.obj
LOAD CMakeFiles/kosann_UAVGimbal.elf.dir/Middlewares/Third_Party/FreeRTOS/Source/event_groups.c.obj
LOAD CMakeFiles/kosann_UAVGimbal.elf.dir/Middlewares/Third_Party/FreeRTOS/Source/list.c.obj
LOAD CMakeFiles/kosann_UAVGimbal.elf.dir/Middlewares/Third_Party/FreeRTOS/Source/portable/GCC/ARM_CM4F/port.c.obj
LOAD CMakeFiles/kosann_UAVGimbal.elf.dir/Middlewares/Third_Party/FreeRTOS/Source/portable/MemMang/heap_4.c.obj
LOAD CMakeFiles/kosann_UAVGimbal.elf.dir/Middlewares/Third_Party/FreeRTOS/Source/queue.c.obj
LOAD CMakeFiles/kosann_UAVGimbal.elf.dir/Middlewares/Third_Party/FreeRTOS/Source/stream_buffer.c.obj
LOAD CMakeFiles/kosann_UAVGimbal.elf.dir/Middlewares/Third_Party/FreeRTOS/Source/tasks.c.obj
LOAD CMakeFiles/kosann_UAVGimbal.elf.dir/Middlewares/Third_Party/FreeRTOS/Source/timers.c.obj
LOAD CMakeFiles/kosann_UAVGimbal.elf.dir/USB_DEVICE/App/usb_device.c.obj
LOAD CMakeFiles/kosann_UAVGimbal.elf.dir/USB_DEVICE/App/usbd_cdc_if.c.obj
LOAD CMakeFiles/kosann_UAVGimbal.elf.dir/USB_DEVICE/App/usbd_desc.c.obj
LOAD CMakeFiles/kosann_UAVGimbal.elf.dir/USB_DEVICE/Target/usbd_conf.c.obj
LOAD CMakeFiles/kosann_UAVGimbal.elf.dir/User/Framework/ADRC/ADRC.cpp.obj
LOAD CMakeFiles/kosann_UAVGimbal.elf.dir/User/Framework/Debug/DebugC.cpp.obj
LOAD CMakeFiles/kosann_UAVGimbal.elf.dir/User/Framework/Filters/filter.cpp.obj
LOAD CMakeFiles/kosann_UAVGimbal.elf.dir/User/Framework/Filters/kalman.cpp.obj
LOAD CMakeFiles/kosann_UAVGimbal.elf.dir/User/Framework/Gimbal/gimbalc.cpp.obj
LOAD CMakeFiles/kosann_UAVGimbal.elf.dir/User/Framework/IMU/IMUC.cpp.obj
LOAD CMakeFiles/kosann_UAVGimbal.elf.dir/User/Framework/IWDG/iwdgC.cpp.obj
LOAD CMakeFiles/kosann_UAVGimbal.elf.dir/User/Framework/LED/LEDC.cpp.obj
LOAD CMakeFiles/kosann_UAVGimbal.elf.dir/User/Framework/PID/pidC.cpp.obj
LOAD CMakeFiles/kosann_UAVGimbal.elf.dir/User/Framework/RGB/lrgb.cpp.obj
LOAD CMakeFiles/kosann_UAVGimbal.elf.dir/User/Framework/RomteC/RemoteC.cpp.obj
LOAD CMakeFiles/kosann_UAVGimbal.elf.dir/User/LOG/log.c.obj
LOAD CMakeFiles/kosann_UAVGimbal.elf.dir/User/LOG/log_port.c.obj
LOAD CMakeFiles/kosann_UAVGimbal.elf.dir/User/MCUDriver/CAN/bsp_can.cpp.obj
LOAD CMakeFiles/kosann_UAVGimbal.elf.dir/User/MCUDriver/LASER/laser.cpp.obj
LOAD CMakeFiles/kosann_UAVGimbal.elf.dir/User/MCUDriver/LED/ledio.cpp.obj
LOAD CMakeFiles/kosann_UAVGimbal.elf.dir/User/MCUDriver/POWER/power.cpp.obj
LOAD CMakeFiles/kosann_UAVGimbal.elf.dir/User/MCUDriver/REMOTEC/remoteio.cpp.obj
LOAD CMakeFiles/kosann_UAVGimbal.elf.dir/User/MCUDriver/SERVO/servo.cpp.obj
LOAD CMakeFiles/kosann_UAVGimbal.elf.dir/User/MCUDriver/TIM5/TIM5.cpp.obj
LOAD CMakeFiles/kosann_UAVGimbal.elf.dir/User/Tasks/GimbalTask.cpp.obj
LOAD CMakeFiles/kosann_UAVGimbal.elf.dir/User/class.cpp.obj
LOAD d:/enviro~1/gcc-ar~1/102021~1.10/bin/../lib/gcc/arm-none-eabi/10.3.1/../../../../arm-none-eabi/lib/thumb/v7e-m+fp/hard\libstdc++.a
LOAD d:/enviro~1/gcc-ar~1/102021~1.10/bin/../lib/gcc/arm-none-eabi/10.3.1/../../../../arm-none-eabi/lib/thumb/v7e-m+fp/hard\libm.a
START GROUP
LOAD d:/enviro~1/gcc-ar~1/102021~1.10/bin/../lib/gcc/arm-none-eabi/10.3.1/thumb/v7e-m+fp/hard\libgcc.a
LOAD d:/enviro~1/gcc-ar~1/102021~1.10/bin/../lib/gcc/arm-none-eabi/10.3.1/../../../../arm-none-eabi/lib/thumb/v7e-m+fp/hard\libg.a
LOAD d:/enviro~1/gcc-ar~1/102021~1.10/bin/../lib/gcc/arm-none-eabi/10.3.1/../../../../arm-none-eabi/lib/thumb/v7e-m+fp/hard\libc.a
END GROUP
LOAD d:/enviro~1/gcc-ar~1/102021~1.10/bin/../lib/gcc/arm-none-eabi/10.3.1/thumb/v7e-m+fp/hard/crtend.o
LOAD d:/enviro~1/gcc-ar~1/102021~1.10/bin/../lib/gcc/arm-none-eabi/10.3.1/thumb/v7e-m+fp/hard/crtn.o
                0x20020000                _estack = (ORIGIN (RAM) + LENGTH (RAM))
                0x00000200                _Min_Heap_Size = 0x200
                0x00000400                _Min_Stack_Size = 0x400

.isr_vector     0x08000000      0x188
                0x08000000                . = ALIGN (0x4)
 *(.isr_vector)
 .isr_vector    0x08000000      0x188 CMakeFiles/kosann_UAVGimbal.elf.dir/Core/Startup/startup_stm32f407ighx.s.obj
                0x08000000                g_pfnVectors
                0x08000188                . = ALIGN (0x4)

.text           0x080001c0    0x1001c
                0x080001c0                . = ALIGN (0x4)
 *(.text)
 .text          0x080001c0       0x40 d:/enviro~1/gcc-ar~1/102021~1.10/bin/../lib/gcc/arm-none-eabi/10.3.1/thumb/v7e-m+fp/hard/crtbegin.o
 .text          0x08000200      0x378 d:/enviro~1/gcc-ar~1/102021~1.10/bin/../lib/gcc/arm-none-eabi/10.3.1/thumb/v7e-m+fp/hard\libgcc.a(_arm_addsubdf3.o)
                0x08000200                __aeabi_drsub
                0x08000208                __aeabi_dsub
                0x08000208                __subdf3
                0x0800020c                __aeabi_dadd
                0x0800020c                __adddf3
                0x08000484                __floatunsidf
                0x08000484                __aeabi_ui2d
                0x080004a4                __floatsidf
                0x080004a4                __aeabi_i2d
                0x080004c8                __aeabi_f2d
                0x080004c8                __extendsfdf2
                0x0800050c                __floatundidf
                0x0800050c                __aeabi_ul2d
                0x0800051c                __floatdidf
                0x0800051c                __aeabi_l2d
 .text          0x08000578      0x424 d:/enviro~1/gcc-ar~1/102021~1.10/bin/../lib/gcc/arm-none-eabi/10.3.1/thumb/v7e-m+fp/hard\libgcc.a(_arm_muldivdf3.o)
                0x08000578                __aeabi_dmul
                0x08000578                __muldf3
                0x080007cc                __divdf3
                0x080007cc                __aeabi_ddiv
 .text          0x0800099c       0x40 d:/enviro~1/gcc-ar~1/102021~1.10/bin/../lib/gcc/arm-none-eabi/10.3.1/thumb/v7e-m+fp/hard\libgcc.a(_arm_fixunsdfsi.o)
                0x0800099c                __aeabi_d2uiz
                0x0800099c                __fixunsdfsi
 .text          0x080009dc       0xa0 d:/enviro~1/gcc-ar~1/102021~1.10/bin/../lib/gcc/arm-none-eabi/10.3.1/thumb/v7e-m+fp/hard\libgcc.a(_arm_truncdfsf2.o)
                0x080009dc                __truncdfsf2
                0x080009dc                __aeabi_d2f
 .text          0x08000a7c       0x30 d:/enviro~1/gcc-ar~1/102021~1.10/bin/../lib/gcc/arm-none-eabi/10.3.1/thumb/v7e-m+fp/hard\libgcc.a(_aeabi_uldivmod.o)
                0x08000a7c                __aeabi_uldivmod
 .text          0x08000aac      0x2d0 d:/enviro~1/gcc-ar~1/102021~1.10/bin/../lib/gcc/arm-none-eabi/10.3.1/thumb/v7e-m+fp/hard\libgcc.a(_udivmoddi4.o)
                0x08000aac                __udivmoddi4
 .text          0x08000d7c      0x9d8 d:/enviro~1/gcc-ar~1/102021~1.10/bin/../lib/gcc/arm-none-eabi/10.3.1/thumb/v7e-m+fp/hard\libgcc.a(unwind-arm.o)
                0x08001024                _Unwind_GetCFA
                0x08001028                __gnu_Unwind_RaiseException
                0x08001090                __gnu_Unwind_ForcedUnwind
                0x080010a0                __gnu_Unwind_Resume
                0x080010e4                __gnu_Unwind_Resume_or_Rethrow
                0x080010f4                _Unwind_Complete
                0x080010f8                _Unwind_DeleteException
                0x08001104                _Unwind_VRS_Get
                0x08001150                _Unwind_VRS_Set
                0x08001198                __gnu_Unwind_Backtrace
                0x080014c4                __aeabi_unwind_cpp_pr0
                0x080014c8                __aeabi_unwind_cpp_pr1
                0x080014cc                __aeabi_unwind_cpp_pr2
                0x080014d0                _Unwind_VRS_Pop
 .text          0x08001754      0x1ac d:/enviro~1/gcc-ar~1/102021~1.10/bin/../lib/gcc/arm-none-eabi/10.3.1/thumb/v7e-m+fp/hard\libgcc.a(libunwind.o)
                0x08001754                __restore_core_regs
                0x08001754                restore_core_regs
                0x0800176c                __gnu_Unwind_Restore_VFP
                0x08001774                __gnu_Unwind_Save_VFP
                0x0800177c                __gnu_Unwind_Restore_VFP_D
                0x08001784                __gnu_Unwind_Save_VFP_D
                0x0800178c                __gnu_Unwind_Restore_VFP_D_16_to_31
                0x08001794                __gnu_Unwind_Save_VFP_D_16_to_31
                0x0800179c                __gnu_Unwind_Restore_WMMXD
                0x080017e0                __gnu_Unwind_Save_WMMXD
                0x08001824                __gnu_Unwind_Restore_WMMXC
                0x08001838                __gnu_Unwind_Save_WMMXC
                0x0800184c                ___Unwind_RaiseException
                0x0800184c                _Unwind_RaiseException
                0x08001870                _Unwind_Resume
                0x08001870                ___Unwind_Resume
                0x08001894                _Unwind_Resume_or_Rethrow
                0x08001894                ___Unwind_Resume_or_Rethrow
                0x080018b8                _Unwind_ForcedUnwind
                0x080018b8                ___Unwind_ForcedUnwind
                0x080018dc                ___Unwind_Backtrace
                0x080018dc                _Unwind_Backtrace
 .text          0x08001900      0x350 d:/enviro~1/gcc-ar~1/102021~1.10/bin/../lib/gcc/arm-none-eabi/10.3.1/thumb/v7e-m+fp/hard\libgcc.a(pr-support.o)
                0x08001958                __gnu_unwind_execute
                0x08001c04                __gnu_unwind_frame
                0x08001c30                _Unwind_GetRegionStart
                0x08001c3c                _Unwind_GetLanguageSpecificData
 .text          0x08001c50        0x4 d:/enviro~1/gcc-ar~1/102021~1.10/bin/../lib/gcc/arm-none-eabi/10.3.1/thumb/v7e-m+fp/hard\libgcc.a(_dvmd_tls.o)
                0x08001c50                __aeabi_idiv0
                0x08001c50                __aeabi_ldiv0
 .text          0x08001c54      0x134 d:/enviro~1/gcc-ar~1/102021~1.10/bin/../lib/gcc/arm-none-eabi/10.3.1/../../../../arm-none-eabi/lib/thumb/v7e-m+fp/hard\libg.a(lib_a-memcpy.o)
                0x08001c54                memcpy
 *fill*         0x08001d88       0x38 
 .text          0x08001dc0       0xdc d:/enviro~1/gcc-ar~1/102021~1.10/bin/../lib/gcc/arm-none-eabi/10.3.1/../../../../arm-none-eabi/lib/thumb/v7e-m+fp/hard\libg.a(lib_a-strlen.o)
                0x08001dc0                strlen
 *fill*         0x08001e9c        0x4 
 .text          0x08001ea0       0xa0 d:/enviro~1/gcc-ar~1/102021~1.10/bin/../lib/gcc/arm-none-eabi/10.3.1/../../../../arm-none-eabi/lib/thumb/v7e-m+fp/hard\libg.a(lib_a-memchr.o)
                0x08001ea0                memchr
 .text          0x08001f40      0x110 d:/enviro~1/gcc-ar~1/102021~1.10/bin/../lib/gcc/arm-none-eabi/10.3.1/thumb/v7e-m+fp/hard\libgcc.a(_arm_cmpdf2.o)
                0x08001f40                __gtdf2
                0x08001f40                __gedf2
                0x08001f48                __ltdf2
                0x08001f48                __ledf2
                0x08001f50                __nedf2
                0x08001f50                __eqdf2
                0x08001f50                __cmpdf2
                0x08001fcc                __aeabi_cdrcmple
                0x08001fdc                __aeabi_cdcmpeq
                0x08001fdc                __aeabi_cdcmple
                0x08001fec                __aeabi_dcmpeq
                0x08002000                __aeabi_dcmplt
                0x08002014                __aeabi_dcmple
                0x08002028                __aeabi_dcmpge
                0x0800203c                __aeabi_dcmpgt
 .text          0x08002050       0x2c d:/enviro~1/gcc-ar~1/102021~1.10/bin/../lib/gcc/arm-none-eabi/10.3.1/thumb/v7e-m+fp/hard\libgcc.a(_arm_unorddf2.o)
                0x08002050                __unorddf2
                0x08002050                __aeabi_dcmpun
 .text          0x0800207c       0x30 d:/enviro~1/gcc-ar~1/102021~1.10/bin/../lib/gcc/arm-none-eabi/10.3.1/thumb/v7e-m+fp/hard\libgcc.a(_fixdfdi.o)
                0x0800207c                __fixdfdi
                0x0800207c                __aeabi_d2lz
 .text          0x080020ac       0x3c d:/enviro~1/gcc-ar~1/102021~1.10/bin/../lib/gcc/arm-none-eabi/10.3.1/thumb/v7e-m+fp/hard\libgcc.a(_fixunsdfdi.o)
                0x080020ac                __fixunsdfdi
                0x080020ac                __aeabi_d2ulz
 *(.text*)
 .text.MX_CAN1_Init
                0x080020e8       0x40 CMakeFiles/kosann_UAVGimbal.elf.dir/Core/Src/can.c.obj
                0x080020e8                MX_CAN1_Init
 .text.MX_CAN2_Init
                0x08002128       0x40 CMakeFiles/kosann_UAVGimbal.elf.dir/Core/Src/can.c.obj
                0x08002128                MX_CAN2_Init
 .text.HAL_CAN_MspInit
                0x08002168      0x120 CMakeFiles/kosann_UAVGimbal.elf.dir/Core/Src/can.c.obj
                0x08002168                HAL_CAN_MspInit
 .text.MX_DMA_Init
                0x08002288       0x68 CMakeFiles/kosann_UAVGimbal.elf.dir/Core/Src/dma.c.obj
                0x08002288                MX_DMA_Init
 .text.Callback01
                0x080022f0        0x2 CMakeFiles/kosann_UAVGimbal.elf.dir/Core/Src/freertos.c.obj
                0x080022f0                Callback01
 .text.StartDefaultTask
                0x080022f2        0xe CMakeFiles/kosann_UAVGimbal.elf.dir/Core/Src/freertos.c.obj
                0x080022f2                StartDefaultTask
 .text.StartLog_Task
                0x08002300        0xa CMakeFiles/kosann_UAVGimbal.elf.dir/Core/Src/freertos.c.obj
                0x08002300                StartLog_Task
 .text.VisionComTask
                0x0800230a        0xa CMakeFiles/kosann_UAVGimbal.elf.dir/Core/Src/freertos.c.obj
                0x0800230a                VisionComTask
 .text.vApplicationGetIdleTaskMemory
                0x08002314       0x18 CMakeFiles/kosann_UAVGimbal.elf.dir/Core/Src/freertos.c.obj
                0x08002314                vApplicationGetIdleTaskMemory
 .text.vApplicationGetTimerTaskMemory
                0x0800232c       0x18 CMakeFiles/kosann_UAVGimbal.elf.dir/Core/Src/freertos.c.obj
                0x0800232c                vApplicationGetTimerTaskMemory
 .text.MX_FREERTOS_Init
                0x08002344       0xc8 CMakeFiles/kosann_UAVGimbal.elf.dir/Core/Src/freertos.c.obj
                0x08002344                MX_FREERTOS_Init
 .text.MX_GPIO_Init
                0x0800240c      0x164 CMakeFiles/kosann_UAVGimbal.elf.dir/Core/Src/gpio.c.obj
                0x0800240c                MX_GPIO_Init
 .text.MX_I2C3_Init
                0x08002570       0x3c CMakeFiles/kosann_UAVGimbal.elf.dir/Core/Src/i2c.c.obj
                0x08002570                MX_I2C3_Init
 .text.HAL_I2C_MspInit
                0x080025ac       0xa8 CMakeFiles/kosann_UAVGimbal.elf.dir/Core/Src/i2c.c.obj
                0x080025ac                HAL_I2C_MspInit
 .text.MX_IWDG_Init
                0x08002654       0x28 CMakeFiles/kosann_UAVGimbal.elf.dir/Core/Src/iwdg.c.obj
                0x08002654                MX_IWDG_Init
 .text.OS_Init  0x0800267c        0xc CMakeFiles/kosann_UAVGimbal.elf.dir/Core/Src/main.c.obj
                0x0800267c                OS_Init
 .text.HAL_TIM_PeriodElapsedCallback
                0x08002688       0x18 CMakeFiles/kosann_UAVGimbal.elf.dir/Core/Src/main.c.obj
                0x08002688                HAL_TIM_PeriodElapsedCallback
 .text.Error_Handler
                0x080026a0        0x4 CMakeFiles/kosann_UAVGimbal.elf.dir/Core/Src/main.c.obj
                0x080026a0                Error_Handler
 .text.SystemClock_Config
                0x080026a4       0xac CMakeFiles/kosann_UAVGimbal.elf.dir/Core/Src/main.c.obj
                0x080026a4                SystemClock_Config
 .text.main_Init
                0x08002750       0x40 CMakeFiles/kosann_UAVGimbal.elf.dir/Core/Src/main.c.obj
                0x08002750                main_Init
 .text._Z9User_Initv
                0x08002790       0x30 CMakeFiles/kosann_UAVGimbal.elf.dir/Core/Src/mainpp.cpp.obj
                0x08002790                User_Init()
 .text.main     0x080027c0       0x14 CMakeFiles/kosann_UAVGimbal.elf.dir/Core/Src/mainpp.cpp.obj
                0x080027c0                main
 .text.MX_SPI1_Init
                0x080027d4       0x48 CMakeFiles/kosann_UAVGimbal.elf.dir/Core/Src/spi.c.obj
                0x080027d4                MX_SPI1_Init
 .text.HAL_SPI_MspInit
                0x0800281c       0x98 CMakeFiles/kosann_UAVGimbal.elf.dir/Core/Src/spi.c.obj
                0x0800281c                HAL_SPI_MspInit
 .text.HAL_MspInit
                0x080028b4       0x44 CMakeFiles/kosann_UAVGimbal.elf.dir/Core/Src/stm32f4xx_hal_msp.c.obj
                0x080028b4                HAL_MspInit
 .text.HAL_InitTick
                0x080028f8       0xa4 CMakeFiles/kosann_UAVGimbal.elf.dir/Core/Src/stm32f4xx_hal_timebase_tim.c.obj
                0x080028f8                HAL_InitTick
 .text.NMI_Handler
                0x0800299c        0x2 CMakeFiles/kosann_UAVGimbal.elf.dir/Core/Src/stm32f4xx_it.c.obj
                0x0800299c                NMI_Handler
 .text.HardFault_Handler
                0x0800299e        0x2 CMakeFiles/kosann_UAVGimbal.elf.dir/Core/Src/stm32f4xx_it.c.obj
                0x0800299e                HardFault_Handler
 .text.MemManage_Handler
                0x080029a0        0x2 CMakeFiles/kosann_UAVGimbal.elf.dir/Core/Src/stm32f4xx_it.c.obj
                0x080029a0                MemManage_Handler
 .text.BusFault_Handler
                0x080029a2        0x2 CMakeFiles/kosann_UAVGimbal.elf.dir/Core/Src/stm32f4xx_it.c.obj
                0x080029a2                BusFault_Handler
 .text.UsageFault_Handler
                0x080029a4        0x2 CMakeFiles/kosann_UAVGimbal.elf.dir/Core/Src/stm32f4xx_it.c.obj
                0x080029a4                UsageFault_Handler
 .text.DebugMon_Handler
                0x080029a6        0x2 CMakeFiles/kosann_UAVGimbal.elf.dir/Core/Src/stm32f4xx_it.c.obj
                0x080029a6                DebugMon_Handler
 .text.DMA1_Stream1_IRQHandler
                0x080029a8       0x10 CMakeFiles/kosann_UAVGimbal.elf.dir/Core/Src/stm32f4xx_it.c.obj
                0x080029a8                DMA1_Stream1_IRQHandler
 .text.CAN1_RX0_IRQHandler
                0x080029b8       0x10 CMakeFiles/kosann_UAVGimbal.elf.dir/Core/Src/stm32f4xx_it.c.obj
                0x080029b8                CAN1_RX0_IRQHandler
 .text.USART1_IRQHandler
                0x080029c8       0x18 CMakeFiles/kosann_UAVGimbal.elf.dir/Core/Src/stm32f4xx_it.c.obj
                0x080029c8                USART1_IRQHandler
 .text.TIM6_DAC_IRQHandler
                0x080029e0       0x10 CMakeFiles/kosann_UAVGimbal.elf.dir/Core/Src/stm32f4xx_it.c.obj
                0x080029e0                TIM6_DAC_IRQHandler
 .text.DMA2_Stream2_IRQHandler
                0x080029f0       0x10 CMakeFiles/kosann_UAVGimbal.elf.dir/Core/Src/stm32f4xx_it.c.obj
                0x080029f0                DMA2_Stream2_IRQHandler
 .text.CAN2_RX0_IRQHandler
                0x08002a00       0x10 CMakeFiles/kosann_UAVGimbal.elf.dir/Core/Src/stm32f4xx_it.c.obj
                0x08002a00                CAN2_RX0_IRQHandler
 .text.OTG_FS_IRQHandler
                0x08002a10       0x10 CMakeFiles/kosann_UAVGimbal.elf.dir/Core/Src/stm32f4xx_it.c.obj
                0x08002a10                OTG_FS_IRQHandler
 .text.DMA2_Stream7_IRQHandler
                0x08002a20       0x10 CMakeFiles/kosann_UAVGimbal.elf.dir/Core/Src/stm32f4xx_it.c.obj
                0x08002a20                DMA2_Stream7_IRQHandler
 .text._getpid  0x08002a30        0x4 CMakeFiles/kosann_UAVGimbal.elf.dir/Core/Src/syscalls.c.obj
                0x08002a30                _getpid
 .text._kill    0x08002a34       0x10 CMakeFiles/kosann_UAVGimbal.elf.dir/Core/Src/syscalls.c.obj
                0x08002a34                _kill
 .text._exit    0x08002a44        0xc CMakeFiles/kosann_UAVGimbal.elf.dir/Core/Src/syscalls.c.obj
                0x08002a44                _exit
 .text._read    0x08002a50       0x20 CMakeFiles/kosann_UAVGimbal.elf.dir/Core/Src/syscalls.c.obj
                0x08002a50                _read
 .text._write   0x08002a70       0x1c CMakeFiles/kosann_UAVGimbal.elf.dir/Core/Src/syscalls.c.obj
                0x08002a70                _write
 .text._close   0x08002a8c        0x6 CMakeFiles/kosann_UAVGimbal.elf.dir/Core/Src/syscalls.c.obj
                0x08002a8c                _close
 .text._fstat   0x08002a92        0xa CMakeFiles/kosann_UAVGimbal.elf.dir/Core/Src/syscalls.c.obj
                0x08002a92                _fstat
 .text._isatty  0x08002a9c        0x4 CMakeFiles/kosann_UAVGimbal.elf.dir/Core/Src/syscalls.c.obj
                0x08002a9c                _isatty
 .text._lseek   0x08002aa0        0x4 CMakeFiles/kosann_UAVGimbal.elf.dir/Core/Src/syscalls.c.obj
                0x08002aa0                _lseek
 .text._sbrk    0x08002aa4       0x48 CMakeFiles/kosann_UAVGimbal.elf.dir/Core/Src/sysmem.c.obj
                0x08002aa4                _sbrk
 .text.SystemInit
                0x08002aec       0x14 CMakeFiles/kosann_UAVGimbal.elf.dir/Core/Src/system_stm32f4xx.c.obj
                0x08002aec                SystemInit
 .text.HAL_TIM_PWM_MspInit
                0x08002b00       0x78 CMakeFiles/kosann_UAVGimbal.elf.dir/Core/Src/tim.c.obj
                0x08002b00                HAL_TIM_PWM_MspInit
 .text.HAL_TIM_Base_MspInit
                0x08002b78       0x54 CMakeFiles/kosann_UAVGimbal.elf.dir/Core/Src/tim.c.obj
                0x08002b78                HAL_TIM_Base_MspInit
 .text.HAL_TIM_MspPostInit
                0x08002bcc      0x138 CMakeFiles/kosann_UAVGimbal.elf.dir/Core/Src/tim.c.obj
                0x08002bcc                HAL_TIM_MspPostInit
 .text.MX_TIM1_Init
                0x08002d04       0xf4 CMakeFiles/kosann_UAVGimbal.elf.dir/Core/Src/tim.c.obj
                0x08002d04                MX_TIM1_Init
 .text.MX_TIM5_Init
                0x08002df8       0xa4 CMakeFiles/kosann_UAVGimbal.elf.dir/Core/Src/tim.c.obj
                0x08002df8                MX_TIM5_Init
 .text.MX_TIM8_Init
                0x08002e9c       0xe0 CMakeFiles/kosann_UAVGimbal.elf.dir/Core/Src/tim.c.obj
                0x08002e9c                MX_TIM8_Init
 .text.MX_TIM10_Init
                0x08002f7c       0x74 CMakeFiles/kosann_UAVGimbal.elf.dir/Core/Src/tim.c.obj
                0x08002f7c                MX_TIM10_Init
 .text.MX_USART1_UART_Init
                0x08002ff0       0x34 CMakeFiles/kosann_UAVGimbal.elf.dir/Core/Src/usart.c.obj
                0x08002ff0                MX_USART1_UART_Init
 .text.MX_USART3_UART_Init
                0x08003024       0x38 CMakeFiles/kosann_UAVGimbal.elf.dir/Core/Src/usart.c.obj
                0x08003024                MX_USART3_UART_Init
 .text.HAL_UART_MspInit
                0x0800305c      0x1d4 CMakeFiles/kosann_UAVGimbal.elf.dir/Core/Src/usart.c.obj
                0x0800305c                HAL_UART_MspInit
 .text.Reset_Handler
                0x08003230       0x50 CMakeFiles/kosann_UAVGimbal.elf.dir/Core/Startup/startup_stm32f407ighx.s.obj
                0x08003230                Reset_Handler
 .text.Default_Handler
                0x08003280        0x2 CMakeFiles/kosann_UAVGimbal.elf.dir/Core/Startup/startup_stm32f407ighx.s.obj
                0x08003280                RTC_Alarm_IRQHandler
                0x08003280                HASH_RNG_IRQHandler
                0x08003280                EXTI2_IRQHandler
                0x08003280                TIM8_CC_IRQHandler
                0x08003280                TIM1_CC_IRQHandler
                0x08003280                DMA2_Stream5_IRQHandler
                0x08003280                DMA1_Stream5_IRQHandler
                0x08003280                PVD_IRQHandler
                0x08003280                SDIO_IRQHandler
                0x08003280                TAMP_STAMP_IRQHandler
                0x08003280                CAN2_RX1_IRQHandler
                0x08003280                EXTI3_IRQHandler
                0x08003280                TIM8_TRG_COM_TIM14_IRQHandler
                0x08003280                TIM1_UP_TIM10_IRQHandler
                0x08003280                TIM8_UP_TIM13_IRQHandler
                0x08003280                I2C3_ER_IRQHandler
                0x08003280                EXTI0_IRQHandler
                0x08003280                I2C2_EV_IRQHandler
                0x08003280                DMA1_Stream2_IRQHandler
                0x08003280                FPU_IRQHandler
                0x08003280                OTG_HS_WKUP_IRQHandler
                0x08003280                CAN2_SCE_IRQHandler
                0x08003280                SPI1_IRQHandler
                0x08003280                TIM1_BRK_TIM9_IRQHandler
                0x08003280                DCMI_IRQHandler
                0x08003280                DMA2_Stream3_IRQHandler
                0x08003280                USART6_IRQHandler
                0x08003280                USART3_IRQHandler
                0x08003280                CAN1_RX1_IRQHandler
                0x08003280                UART5_IRQHandler
                0x08003280                DMA2_Stream0_IRQHandler
                0x08003280                TIM4_IRQHandler
                0x08003280                I2C1_EV_IRQHandler
                0x08003280                DMA1_Stream6_IRQHandler
                0x08003280                UART4_IRQHandler
                0x08003280                TIM3_IRQHandler
                0x08003280                RCC_IRQHandler
                0x08003280                TIM8_BRK_TIM12_IRQHandler
                0x08003280                Default_Handler
                0x08003280                EXTI15_10_IRQHandler
                0x08003280                ADC_IRQHandler
                0x08003280                DMA1_Stream7_IRQHandler
                0x08003280                TIM7_IRQHandler
                0x08003280                CAN2_TX_IRQHandler
                0x08003280                TIM5_IRQHandler
                0x08003280                I2C3_EV_IRQHandler
                0x08003280                EXTI9_5_IRQHandler
                0x08003280                RTC_WKUP_IRQHandler
                0x08003280                ETH_WKUP_IRQHandler
                0x08003280                SPI2_IRQHandler
                0x08003280                OTG_HS_EP1_IN_IRQHandler
                0x08003280                DMA1_Stream0_IRQHandler
                0x08003280                CAN1_TX_IRQHandler
                0x08003280                EXTI4_IRQHandler
                0x08003280                FSMC_IRQHandler
                0x08003280                ETH_IRQHandler
                0x08003280                OTG_HS_EP1_OUT_IRQHandler
                0x08003280                WWDG_IRQHandler
                0x08003280                TIM2_IRQHandler
                0x08003280                OTG_FS_WKUP_IRQHandler
                0x08003280                TIM1_TRG_COM_TIM11_IRQHandler
                0x08003280                OTG_HS_IRQHandler
                0x08003280                EXTI1_IRQHandler
                0x08003280                USART2_IRQHandler
                0x08003280                I2C2_ER_IRQHandler
                0x08003280                DMA2_Stream1_IRQHandler
                0x08003280                CAN1_SCE_IRQHandler
                0x08003280                FLASH_IRQHandler
                0x08003280                DMA2_Stream4_IRQHandler
                0x08003280                SPI3_IRQHandler
                0x08003280                DMA1_Stream4_IRQHandler
                0x08003280                I2C1_ER_IRQHandler
                0x08003280                DMA2_Stream6_IRQHandler
                0x08003280                DMA1_Stream3_IRQHandler
 *fill*         0x08003282        0x2 
 .text.HAL_Init
                0x08003284       0x34 CMakeFiles/kosann_UAVGimbal.elf.dir/Drivers/STM32F4xx_HAL_Driver/Src/stm32f4xx_hal.c.obj
                0x08003284                HAL_Init
 .text.HAL_IncTick
                0x080032b8       0x18 CMakeFiles/kosann_UAVGimbal.elf.dir/Drivers/STM32F4xx_HAL_Driver/Src/stm32f4xx_hal.c.obj
                0x080032b8                HAL_IncTick
 .text.HAL_GetTick
                0x080032d0        0xc CMakeFiles/kosann_UAVGimbal.elf.dir/Drivers/STM32F4xx_HAL_Driver/Src/stm32f4xx_hal.c.obj
                0x080032d0                HAL_GetTick
 .text.HAL_Delay
                0x080032dc       0x28 CMakeFiles/kosann_UAVGimbal.elf.dir/Drivers/STM32F4xx_HAL_Driver/Src/stm32f4xx_hal.c.obj
                0x080032dc                HAL_Delay
 .text.HAL_CAN_Init
                0x08003304      0x14c CMakeFiles/kosann_UAVGimbal.elf.dir/Drivers/STM32F4xx_HAL_Driver/Src/stm32f4xx_hal_can.c.obj
                0x08003304                HAL_CAN_Init
 .text.HAL_CAN_ConfigFilter
                0x08003450      0x138 CMakeFiles/kosann_UAVGimbal.elf.dir/Drivers/STM32F4xx_HAL_Driver/Src/stm32f4xx_hal_can.c.obj
                0x08003450                HAL_CAN_ConfigFilter
 .text.HAL_CAN_Start
                0x08003588       0x5c CMakeFiles/kosann_UAVGimbal.elf.dir/Drivers/STM32F4xx_HAL_Driver/Src/stm32f4xx_hal_can.c.obj
                0x08003588                HAL_CAN_Start
 .text.HAL_CAN_AddTxMessage
                0x080035e4       0xfc CMakeFiles/kosann_UAVGimbal.elf.dir/Drivers/STM32F4xx_HAL_Driver/Src/stm32f4xx_hal_can.c.obj
                0x080035e4                HAL_CAN_AddTxMessage
 .text.HAL_CAN_GetRxMessage
                0x080036e0      0x14a CMakeFiles/kosann_UAVGimbal.elf.dir/Drivers/STM32F4xx_HAL_Driver/Src/stm32f4xx_hal_can.c.obj
                0x080036e0                HAL_CAN_GetRxMessage
 .text.HAL_CAN_ActivateNotification
                0x0800382a       0x24 CMakeFiles/kosann_UAVGimbal.elf.dir/Drivers/STM32F4xx_HAL_Driver/Src/stm32f4xx_hal_can.c.obj
                0x0800382a                HAL_CAN_ActivateNotification
 .text.HAL_CAN_TxMailbox0CompleteCallback
                0x0800384e        0x2 CMakeFiles/kosann_UAVGimbal.elf.dir/Drivers/STM32F4xx_HAL_Driver/Src/stm32f4xx_hal_can.c.obj
                0x0800384e                HAL_CAN_TxMailbox0CompleteCallback
 .text.HAL_CAN_TxMailbox1CompleteCallback
                0x08003850        0x2 CMakeFiles/kosann_UAVGimbal.elf.dir/Drivers/STM32F4xx_HAL_Driver/Src/stm32f4xx_hal_can.c.obj
                0x08003850                HAL_CAN_TxMailbox1CompleteCallback
 .text.HAL_CAN_TxMailbox2CompleteCallback
                0x08003852        0x2 CMakeFiles/kosann_UAVGimbal.elf.dir/Drivers/STM32F4xx_HAL_Driver/Src/stm32f4xx_hal_can.c.obj
                0x08003852                HAL_CAN_TxMailbox2CompleteCallback
 .text.HAL_CAN_TxMailbox0AbortCallback
                0x08003854        0x2 CMakeFiles/kosann_UAVGimbal.elf.dir/Drivers/STM32F4xx_HAL_Driver/Src/stm32f4xx_hal_can.c.obj
                0x08003854                HAL_CAN_TxMailbox0AbortCallback
 .text.HAL_CAN_TxMailbox1AbortCallback
                0x08003856        0x2 CMakeFiles/kosann_UAVGimbal.elf.dir/Drivers/STM32F4xx_HAL_Driver/Src/stm32f4xx_hal_can.c.obj
                0x08003856                HAL_CAN_TxMailbox1AbortCallback
 .text.HAL_CAN_TxMailbox2AbortCallback
                0x08003858        0x2 CMakeFiles/kosann_UAVGimbal.elf.dir/Drivers/STM32F4xx_HAL_Driver/Src/stm32f4xx_hal_can.c.obj
                0x08003858                HAL_CAN_TxMailbox2AbortCallback
 .text.HAL_CAN_RxFifo0FullCallback
                0x0800385a        0x2 CMakeFiles/kosann_UAVGimbal.elf.dir/Drivers/STM32F4xx_HAL_Driver/Src/stm32f4xx_hal_can.c.obj
                0x0800385a                HAL_CAN_RxFifo0FullCallback
 .text.HAL_CAN_RxFifo1MsgPendingCallback
                0x0800385c        0x2 CMakeFiles/kosann_UAVGimbal.elf.dir/Drivers/STM32F4xx_HAL_Driver/Src/stm32f4xx_hal_can.c.obj
                0x0800385c                HAL_CAN_RxFifo1MsgPendingCallback
 .text.HAL_CAN_RxFifo1FullCallback
                0x0800385e        0x2 CMakeFiles/kosann_UAVGimbal.elf.dir/Drivers/STM32F4xx_HAL_Driver/Src/stm32f4xx_hal_can.c.obj
                0x0800385e                HAL_CAN_RxFifo1FullCallback
 .text.HAL_CAN_SleepCallback
                0x08003860        0x2 CMakeFiles/kosann_UAVGimbal.elf.dir/Drivers/STM32F4xx_HAL_Driver/Src/stm32f4xx_hal_can.c.obj
                0x08003860                HAL_CAN_SleepCallback
 .text.HAL_CAN_WakeUpFromRxMsgCallback
                0x08003862        0x2 CMakeFiles/kosann_UAVGimbal.elf.dir/Drivers/STM32F4xx_HAL_Driver/Src/stm32f4xx_hal_can.c.obj
                0x08003862                HAL_CAN_WakeUpFromRxMsgCallback
 .text.HAL_CAN_ErrorCallback
                0x08003864        0x2 CMakeFiles/kosann_UAVGimbal.elf.dir/Drivers/STM32F4xx_HAL_Driver/Src/stm32f4xx_hal_can.c.obj
                0x08003864                HAL_CAN_ErrorCallback
 .text.HAL_CAN_IRQHandler
                0x08003866      0x24a CMakeFiles/kosann_UAVGimbal.elf.dir/Drivers/STM32F4xx_HAL_Driver/Src/stm32f4xx_hal_can.c.obj
                0x08003866                HAL_CAN_IRQHandler
 .text.HAL_NVIC_SetPriorityGrouping
                0x08003ab0       0x24 CMakeFiles/kosann_UAVGimbal.elf.dir/Drivers/STM32F4xx_HAL_Driver/Src/stm32f4xx_hal_cortex.c.obj
                0x08003ab0                HAL_NVIC_SetPriorityGrouping
 .text.HAL_NVIC_SetPriority
                0x08003ad4       0x70 CMakeFiles/kosann_UAVGimbal.elf.dir/Drivers/STM32F4xx_HAL_Driver/Src/stm32f4xx_hal_cortex.c.obj
                0x08003ad4                HAL_NVIC_SetPriority
 .text.HAL_NVIC_EnableIRQ
                0x08003b44       0x1c CMakeFiles/kosann_UAVGimbal.elf.dir/Drivers/STM32F4xx_HAL_Driver/Src/stm32f4xx_hal_cortex.c.obj
                0x08003b44                HAL_NVIC_EnableIRQ
 .text.DMA_SetConfig
                0x08003b60       0x2c CMakeFiles/kosann_UAVGimbal.elf.dir/Drivers/STM32F4xx_HAL_Driver/Src/stm32f4xx_hal_dma.c.obj
 .text.DMA_CalcBaseAndBitshift
                0x08003b8c       0x44 CMakeFiles/kosann_UAVGimbal.elf.dir/Drivers/STM32F4xx_HAL_Driver/Src/stm32f4xx_hal_dma.c.obj
 .text.DMA_CheckFifoParam
                0x08003bd0       0x8e CMakeFiles/kosann_UAVGimbal.elf.dir/Drivers/STM32F4xx_HAL_Driver/Src/stm32f4xx_hal_dma.c.obj
 *fill*         0x08003c5e        0x2 
 .text.HAL_DMA_Init
                0x08003c60       0xcc CMakeFiles/kosann_UAVGimbal.elf.dir/Drivers/STM32F4xx_HAL_Driver/Src/stm32f4xx_hal_dma.c.obj
                0x08003c60                HAL_DMA_Init
 .text.HAL_DMA_Start_IT
                0x08003d2c       0x6a CMakeFiles/kosann_UAVGimbal.elf.dir/Drivers/STM32F4xx_HAL_Driver/Src/stm32f4xx_hal_dma.c.obj
                0x08003d2c                HAL_DMA_Start_IT
 .text.HAL_DMA_Abort
                0x08003d96       0x94 CMakeFiles/kosann_UAVGimbal.elf.dir/Drivers/STM32F4xx_HAL_Driver/Src/stm32f4xx_hal_dma.c.obj
                0x08003d96                HAL_DMA_Abort
 .text.HAL_DMA_Abort_IT
                0x08003e2a       0x26 CMakeFiles/kosann_UAVGimbal.elf.dir/Drivers/STM32F4xx_HAL_Driver/Src/stm32f4xx_hal_dma.c.obj
                0x08003e2a                HAL_DMA_Abort_IT
 .text.HAL_DMA_IRQHandler
                0x08003e50      0x1dc CMakeFiles/kosann_UAVGimbal.elf.dir/Drivers/STM32F4xx_HAL_Driver/Src/stm32f4xx_hal_dma.c.obj
                0x08003e50                HAL_DMA_IRQHandler
 .text.HAL_GPIO_Init
                0x0800402c      0x1e4 CMakeFiles/kosann_UAVGimbal.elf.dir/Drivers/STM32F4xx_HAL_Driver/Src/stm32f4xx_hal_gpio.c.obj
                0x0800402c                HAL_GPIO_Init
 .text.HAL_GPIO_WritePin
                0x08004210        0xc CMakeFiles/kosann_UAVGimbal.elf.dir/Drivers/STM32F4xx_HAL_Driver/Src/stm32f4xx_hal_gpio.c.obj
                0x08004210                HAL_GPIO_WritePin
 .text.HAL_I2C_Init
                0x0800421c      0x1bc CMakeFiles/kosann_UAVGimbal.elf.dir/Drivers/STM32F4xx_HAL_Driver/Src/stm32f4xx_hal_i2c.c.obj
                0x0800421c                HAL_I2C_Init
 .text.HAL_IWDG_Init
                0x080043d8       0x58 CMakeFiles/kosann_UAVGimbal.elf.dir/Drivers/STM32F4xx_HAL_Driver/Src/stm32f4xx_hal_iwdg.c.obj
                0x080043d8                HAL_IWDG_Init
 .text.HAL_IWDG_Refresh
                0x08004430        0xc CMakeFiles/kosann_UAVGimbal.elf.dir/Drivers/STM32F4xx_HAL_Driver/Src/stm32f4xx_hal_iwdg.c.obj
                0x08004430                HAL_IWDG_Refresh
 .text.PCD_WriteEmptyTxFifo
                0x0800443c       0xd0 CMakeFiles/kosann_UAVGimbal.elf.dir/Drivers/STM32F4xx_HAL_Driver/Src/stm32f4xx_hal_pcd.c.obj
 .text.HAL_PCD_Init
                0x0800450c      0x12e CMakeFiles/kosann_UAVGimbal.elf.dir/Drivers/STM32F4xx_HAL_Driver/Src/stm32f4xx_hal_pcd.c.obj
                0x0800450c                HAL_PCD_Init
 .text.HAL_PCD_Start
                0x0800463a       0x42 CMakeFiles/kosann_UAVGimbal.elf.dir/Drivers/STM32F4xx_HAL_Driver/Src/stm32f4xx_hal_pcd.c.obj
                0x0800463a                HAL_PCD_Start
 .text.PCD_EP_OutXfrComplete_int
                0x0800467c      0x104 CMakeFiles/kosann_UAVGimbal.elf.dir/Drivers/STM32F4xx_HAL_Driver/Src/stm32f4xx_hal_pcd.c.obj
 .text.PCD_EP_OutSetupPacket_int
                0x08004780       0x50 CMakeFiles/kosann_UAVGimbal.elf.dir/Drivers/STM32F4xx_HAL_Driver/Src/stm32f4xx_hal_pcd.c.obj
 .text.HAL_PCD_SetAddress
                0x080047d0       0x28 CMakeFiles/kosann_UAVGimbal.elf.dir/Drivers/STM32F4xx_HAL_Driver/Src/stm32f4xx_hal_pcd.c.obj
                0x080047d0                HAL_PCD_SetAddress
 .text.HAL_PCD_EP_Open
                0x080047f8       0x8a CMakeFiles/kosann_UAVGimbal.elf.dir/Drivers/STM32F4xx_HAL_Driver/Src/stm32f4xx_hal_pcd.c.obj
                0x080047f8                HAL_PCD_EP_Open
 .text.HAL_PCD_EP_Close
                0x08004882       0x72 CMakeFiles/kosann_UAVGimbal.elf.dir/Drivers/STM32F4xx_HAL_Driver/Src/stm32f4xx_hal_pcd.c.obj
                0x08004882                HAL_PCD_EP_Close
 .text.HAL_PCD_EP_Receive
                0x080048f4       0x5e CMakeFiles/kosann_UAVGimbal.elf.dir/Drivers/STM32F4xx_HAL_Driver/Src/stm32f4xx_hal_pcd.c.obj
                0x080048f4                HAL_PCD_EP_Receive
 .text.HAL_PCD_EP_GetRxCount
                0x08004952       0x12 CMakeFiles/kosann_UAVGimbal.elf.dir/Drivers/STM32F4xx_HAL_Driver/Src/stm32f4xx_hal_pcd.c.obj
                0x08004952                HAL_PCD_EP_GetRxCount
 .text.HAL_PCD_EP_Transmit
                0x08004964       0x5e CMakeFiles/kosann_UAVGimbal.elf.dir/Drivers/STM32F4xx_HAL_Driver/Src/stm32f4xx_hal_pcd.c.obj
                0x08004964                HAL_PCD_EP_Transmit
 .text.HAL_PCD_EP_SetStall
                0x080049c2       0x88 CMakeFiles/kosann_UAVGimbal.elf.dir/Drivers/STM32F4xx_HAL_Driver/Src/stm32f4xx_hal_pcd.c.obj
                0x080049c2                HAL_PCD_EP_SetStall
 .text.HAL_PCD_EP_ClrStall
                0x08004a4a       0x76 CMakeFiles/kosann_UAVGimbal.elf.dir/Drivers/STM32F4xx_HAL_Driver/Src/stm32f4xx_hal_pcd.c.obj
                0x08004a4a                HAL_PCD_EP_ClrStall
 .text.HAL_PCD_EP_Abort
                0x08004ac0       0x34 CMakeFiles/kosann_UAVGimbal.elf.dir/Drivers/STM32F4xx_HAL_Driver/Src/stm32f4xx_hal_pcd.c.obj
                0x08004ac0                HAL_PCD_EP_Abort
 .text.HAL_PCD_IRQHandler
                0x08004af4      0x5c4 CMakeFiles/kosann_UAVGimbal.elf.dir/Drivers/STM32F4xx_HAL_Driver/Src/stm32f4xx_hal_pcd.c.obj
                0x08004af4                HAL_PCD_IRQHandler
 .text.HAL_PCDEx_SetTxFiFo
                0x080050b8       0x4c CMakeFiles/kosann_UAVGimbal.elf.dir/Drivers/STM32F4xx_HAL_Driver/Src/stm32f4xx_hal_pcd_ex.c.obj
                0x080050b8                HAL_PCDEx_SetTxFiFo
 .text.HAL_PCDEx_SetRxFiFo
                0x08005104        0x8 CMakeFiles/kosann_UAVGimbal.elf.dir/Drivers/STM32F4xx_HAL_Driver/Src/stm32f4xx_hal_pcd_ex.c.obj
                0x08005104                HAL_PCDEx_SetRxFiFo
 .text.HAL_PCDEx_LPM_Callback
                0x0800510c        0x2 CMakeFiles/kosann_UAVGimbal.elf.dir/Drivers/STM32F4xx_HAL_Driver/Src/stm32f4xx_hal_pcd_ex.c.obj
                0x0800510c                HAL_PCDEx_LPM_Callback
 *fill*         0x0800510e        0x2 
 .text.HAL_RCC_OscConfig
                0x08005110      0x3f8 CMakeFiles/kosann_UAVGimbal.elf.dir/Drivers/STM32F4xx_HAL_Driver/Src/stm32f4xx_hal_rcc.c.obj
                0x08005110                HAL_RCC_OscConfig
 .text.HAL_RCC_GetSysClockFreq
                0x08005508       0xa4 CMakeFiles/kosann_UAVGimbal.elf.dir/Drivers/STM32F4xx_HAL_Driver/Src/stm32f4xx_hal_rcc.c.obj
                0x08005508                HAL_RCC_GetSysClockFreq
 .text.HAL_RCC_ClockConfig
                0x080055ac      0x160 CMakeFiles/kosann_UAVGimbal.elf.dir/Drivers/STM32F4xx_HAL_Driver/Src/stm32f4xx_hal_rcc.c.obj
                0x080055ac                HAL_RCC_ClockConfig
 .text.HAL_RCC_GetHCLKFreq
                0x0800570c        0xc CMakeFiles/kosann_UAVGimbal.elf.dir/Drivers/STM32F4xx_HAL_Driver/Src/stm32f4xx_hal_rcc.c.obj
                0x0800570c                HAL_RCC_GetHCLKFreq
 .text.HAL_RCC_GetPCLK1Freq
                0x08005718       0x20 CMakeFiles/kosann_UAVGimbal.elf.dir/Drivers/STM32F4xx_HAL_Driver/Src/stm32f4xx_hal_rcc.c.obj
                0x08005718                HAL_RCC_GetPCLK1Freq
 .text.HAL_RCC_GetPCLK2Freq
                0x08005738       0x20 CMakeFiles/kosann_UAVGimbal.elf.dir/Drivers/STM32F4xx_HAL_Driver/Src/stm32f4xx_hal_rcc.c.obj
                0x08005738                HAL_RCC_GetPCLK2Freq
 .text.HAL_RCC_GetClockConfig
                0x08005758       0x3c CMakeFiles/kosann_UAVGimbal.elf.dir/Drivers/STM32F4xx_HAL_Driver/Src/stm32f4xx_hal_rcc.c.obj
                0x08005758                HAL_RCC_GetClockConfig
 .text.HAL_SPI_Init
                0x08005794       0xbe CMakeFiles/kosann_UAVGimbal.elf.dir/Drivers/STM32F4xx_HAL_Driver/Src/stm32f4xx_hal_spi.c.obj
                0x08005794                HAL_SPI_Init
 *fill*         0x08005852        0x2 
 .text.TIM_OC1_SetConfig
                0x08005854       0x68 CMakeFiles/kosann_UAVGimbal.elf.dir/Drivers/STM32F4xx_HAL_Driver/Src/stm32f4xx_hal_tim.c.obj
 .text.TIM_OC3_SetConfig
                0x080058bc       0x70 CMakeFiles/kosann_UAVGimbal.elf.dir/Drivers/STM32F4xx_HAL_Driver/Src/stm32f4xx_hal_tim.c.obj
 .text.TIM_OC4_SetConfig
                0x0800592c       0x50 CMakeFiles/kosann_UAVGimbal.elf.dir/Drivers/STM32F4xx_HAL_Driver/Src/stm32f4xx_hal_tim.c.obj
 .text.HAL_TIM_Base_Start
                0x0800597c       0x7c CMakeFiles/kosann_UAVGimbal.elf.dir/Drivers/STM32F4xx_HAL_Driver/Src/stm32f4xx_hal_tim.c.obj
                0x0800597c                HAL_TIM_Base_Start
 .text.HAL_TIM_Base_Start_IT
                0x080059f8       0x88 CMakeFiles/kosann_UAVGimbal.elf.dir/Drivers/STM32F4xx_HAL_Driver/Src/stm32f4xx_hal_tim.c.obj
                0x080059f8                HAL_TIM_Base_Start_IT
 .text.HAL_TIM_OC_DelayElapsedCallback
                0x08005a80        0x2 CMakeFiles/kosann_UAVGimbal.elf.dir/Drivers/STM32F4xx_HAL_Driver/Src/stm32f4xx_hal_tim.c.obj
                0x08005a80                HAL_TIM_OC_DelayElapsedCallback
 .text.HAL_TIM_IC_CaptureCallback
                0x08005a82        0x2 CMakeFiles/kosann_UAVGimbal.elf.dir/Drivers/STM32F4xx_HAL_Driver/Src/stm32f4xx_hal_tim.c.obj
                0x08005a82                HAL_TIM_IC_CaptureCallback
 .text.HAL_TIM_PWM_PulseFinishedCallback
                0x08005a84        0x2 CMakeFiles/kosann_UAVGimbal.elf.dir/Drivers/STM32F4xx_HAL_Driver/Src/stm32f4xx_hal_tim.c.obj
                0x08005a84                HAL_TIM_PWM_PulseFinishedCallback
 .text.HAL_TIM_TriggerCallback
                0x08005a86        0x2 CMakeFiles/kosann_UAVGimbal.elf.dir/Drivers/STM32F4xx_HAL_Driver/Src/stm32f4xx_hal_tim.c.obj
                0x08005a86                HAL_TIM_TriggerCallback
 .text.HAL_TIM_IRQHandler
                0x08005a88      0x17a CMakeFiles/kosann_UAVGimbal.elf.dir/Drivers/STM32F4xx_HAL_Driver/Src/stm32f4xx_hal_tim.c.obj
                0x08005a88                HAL_TIM_IRQHandler
 *fill*         0x08005c02        0x2 
 .text.TIM_Base_SetConfig
                0x08005c04       0xc8 CMakeFiles/kosann_UAVGimbal.elf.dir/Drivers/STM32F4xx_HAL_Driver/Src/stm32f4xx_hal_tim.c.obj
                0x08005c04                TIM_Base_SetConfig
 .text.HAL_TIM_Base_Init
                0x08005ccc       0x58 CMakeFiles/kosann_UAVGimbal.elf.dir/Drivers/STM32F4xx_HAL_Driver/Src/stm32f4xx_hal_tim.c.obj
                0x08005ccc                HAL_TIM_Base_Init
 .text.HAL_TIM_PWM_Init
                0x08005d24       0x58 CMakeFiles/kosann_UAVGimbal.elf.dir/Drivers/STM32F4xx_HAL_Driver/Src/stm32f4xx_hal_tim.c.obj
                0x08005d24                HAL_TIM_PWM_Init
 .text.TIM_OC2_SetConfig
                0x08005d7c       0x70 CMakeFiles/kosann_UAVGimbal.elf.dir/Drivers/STM32F4xx_HAL_Driver/Src/stm32f4xx_hal_tim.c.obj
                0x08005d7c                TIM_OC2_SetConfig
 .text.HAL_TIM_PWM_ConfigChannel
                0x08005dec       0xdc CMakeFiles/kosann_UAVGimbal.elf.dir/Drivers/STM32F4xx_HAL_Driver/Src/stm32f4xx_hal_tim.c.obj
                0x08005dec                HAL_TIM_PWM_ConfigChannel
 .text.TIM_CCxChannelCmd
                0x08005ec8       0x1e CMakeFiles/kosann_UAVGimbal.elf.dir/Drivers/STM32F4xx_HAL_Driver/Src/stm32f4xx_hal_tim.c.obj
                0x08005ec8                TIM_CCxChannelCmd
 *fill*         0x08005ee6        0x2 
 .text.HAL_TIM_PWM_Start
                0x08005ee8      0x104 CMakeFiles/kosann_UAVGimbal.elf.dir/Drivers/STM32F4xx_HAL_Driver/Src/stm32f4xx_hal_tim.c.obj
                0x08005ee8                HAL_TIM_PWM_Start
 .text.HAL_TIMEx_MasterConfigSynchronization
                0x08005fec       0x8c CMakeFiles/kosann_UAVGimbal.elf.dir/Drivers/STM32F4xx_HAL_Driver/Src/stm32f4xx_hal_tim_ex.c.obj
                0x08005fec                HAL_TIMEx_MasterConfigSynchronization
 .text.HAL_TIMEx_ConfigBreakDeadTime
                0x08006078       0x52 CMakeFiles/kosann_UAVGimbal.elf.dir/Drivers/STM32F4xx_HAL_Driver/Src/stm32f4xx_hal_tim_ex.c.obj
                0x08006078                HAL_TIMEx_ConfigBreakDeadTime
 .text.HAL_TIMEx_CommutCallback
                0x080060ca        0x2 CMakeFiles/kosann_UAVGimbal.elf.dir/Drivers/STM32F4xx_HAL_Driver/Src/stm32f4xx_hal_tim_ex.c.obj
                0x080060ca                HAL_TIMEx_CommutCallback
 .text.HAL_TIMEx_BreakCallback
                0x080060cc        0x2 CMakeFiles/kosann_UAVGimbal.elf.dir/Drivers/STM32F4xx_HAL_Driver/Src/stm32f4xx_hal_tim_ex.c.obj
                0x080060cc                HAL_TIMEx_BreakCallback
 .text.UART_EndTxTransfer
                0x080060ce       0x20 CMakeFiles/kosann_UAVGimbal.elf.dir/Drivers/STM32F4xx_HAL_Driver/Src/stm32f4xx_hal_uart.c.obj
 .text.UART_EndRxTransfer
                0x080060ee       0x5c CMakeFiles/kosann_UAVGimbal.elf.dir/Drivers/STM32F4xx_HAL_Driver/Src/stm32f4xx_hal_uart.c.obj
 .text.UART_Transmit_IT
                0x0800614a       0x60 CMakeFiles/kosann_UAVGimbal.elf.dir/Drivers/STM32F4xx_HAL_Driver/Src/stm32f4xx_hal_uart.c.obj
 *fill*         0x080061aa        0x2 
 .text.UART_SetConfig
                0x080061ac      0x110 CMakeFiles/kosann_UAVGimbal.elf.dir/Drivers/STM32F4xx_HAL_Driver/Src/stm32f4xx_hal_uart.c.obj
 .text.HAL_UART_Init
                0x080062bc       0x5e CMakeFiles/kosann_UAVGimbal.elf.dir/Drivers/STM32F4xx_HAL_Driver/Src/stm32f4xx_hal_uart.c.obj
                0x080062bc                HAL_UART_Init
 .text.HAL_UART_DMAStop
                0x0800631a       0x84 CMakeFiles/kosann_UAVGimbal.elf.dir/Drivers/STM32F4xx_HAL_Driver/Src/stm32f4xx_hal_uart.c.obj
                0x0800631a                HAL_UART_DMAStop
 .text.HAL_UART_TxCpltCallback
                0x0800639e        0x2 CMakeFiles/kosann_UAVGimbal.elf.dir/Drivers/STM32F4xx_HAL_Driver/Src/stm32f4xx_hal_uart.c.obj
                0x0800639e                HAL_UART_TxCpltCallback
 .text.UART_EndTransmit_IT
                0x080063a0       0x1a CMakeFiles/kosann_UAVGimbal.elf.dir/Drivers/STM32F4xx_HAL_Driver/Src/stm32f4xx_hal_uart.c.obj
 .text.HAL_UART_RxCpltCallback
                0x080063ba        0x2 CMakeFiles/kosann_UAVGimbal.elf.dir/Drivers/STM32F4xx_HAL_Driver/Src/stm32f4xx_hal_uart.c.obj
                0x080063ba                HAL_UART_RxCpltCallback
 .text.HAL_UART_RxHalfCpltCallback
                0x080063bc        0x2 CMakeFiles/kosann_UAVGimbal.elf.dir/Drivers/STM32F4xx_HAL_Driver/Src/stm32f4xx_hal_uart.c.obj
                0x080063bc                HAL_UART_RxHalfCpltCallback
 .text.HAL_UART_ErrorCallback
                0x080063be        0x2 CMakeFiles/kosann_UAVGimbal.elf.dir/Drivers/STM32F4xx_HAL_Driver/Src/stm32f4xx_hal_uart.c.obj
                0x080063be                HAL_UART_ErrorCallback
 .text.UART_DMAError
                0x080063c0       0x58 CMakeFiles/kosann_UAVGimbal.elf.dir/Drivers/STM32F4xx_HAL_Driver/Src/stm32f4xx_hal_uart.c.obj
 .text.UART_DMAAbortOnError
                0x08006418       0x10 CMakeFiles/kosann_UAVGimbal.elf.dir/Drivers/STM32F4xx_HAL_Driver/Src/stm32f4xx_hal_uart.c.obj
 .text.HAL_UARTEx_RxEventCallback
                0x08006428        0x2 CMakeFiles/kosann_UAVGimbal.elf.dir/Drivers/STM32F4xx_HAL_Driver/Src/stm32f4xx_hal_uart.c.obj
                0x08006428                HAL_UARTEx_RxEventCallback
 .text.UART_Receive_IT
                0x0800642a       0xe2 CMakeFiles/kosann_UAVGimbal.elf.dir/Drivers/STM32F4xx_HAL_Driver/Src/stm32f4xx_hal_uart.c.obj
 .text.HAL_UART_IRQHandler
                0x0800650c      0x280 CMakeFiles/kosann_UAVGimbal.elf.dir/Drivers/STM32F4xx_HAL_Driver/Src/stm32f4xx_hal_uart.c.obj
                0x0800650c                HAL_UART_IRQHandler
 .text.UART_DMARxHalfCplt
                0x0800678c       0x1a CMakeFiles/kosann_UAVGimbal.elf.dir/Drivers/STM32F4xx_HAL_Driver/Src/stm32f4xx_hal_uart.c.obj
 .text.UART_DMAReceiveCplt
                0x080067a6       0x96 CMakeFiles/kosann_UAVGimbal.elf.dir/Drivers/STM32F4xx_HAL_Driver/Src/stm32f4xx_hal_uart.c.obj
 .text.UART_Start_Receive_DMA
                0x0800683c       0xa8 CMakeFiles/kosann_UAVGimbal.elf.dir/Drivers/STM32F4xx_HAL_Driver/Src/stm32f4xx_hal_uart.c.obj
                0x0800683c                UART_Start_Receive_DMA
 .text.HAL_UART_Receive_DMA
                0x080068e4       0x38 CMakeFiles/kosann_UAVGimbal.elf.dir/Drivers/STM32F4xx_HAL_Driver/Src/stm32f4xx_hal_uart.c.obj
                0x080068e4                HAL_UART_Receive_DMA
 .text.USB_CoreReset
                0x0800691c       0x50 CMakeFiles/kosann_UAVGimbal.elf.dir/Drivers/STM32F4xx_HAL_Driver/Src/stm32f4xx_ll_usb.c.obj
 .text.USB_CoreInit
                0x0800696c       0x8a CMakeFiles/kosann_UAVGimbal.elf.dir/Drivers/STM32F4xx_HAL_Driver/Src/stm32f4xx_ll_usb.c.obj
                0x0800696c                USB_CoreInit
 *fill*         0x080069f6        0x2 
 .text.USB_SetTurnaroundTime
                0x080069f8       0xe4 CMakeFiles/kosann_UAVGimbal.elf.dir/Drivers/STM32F4xx_HAL_Driver/Src/stm32f4xx_ll_usb.c.obj
                0x080069f8                USB_SetTurnaroundTime
 .text.USB_EnableGlobalInt
                0x08006adc        0xc CMakeFiles/kosann_UAVGimbal.elf.dir/Drivers/STM32F4xx_HAL_Driver/Src/stm32f4xx_ll_usb.c.obj
                0x08006adc                USB_EnableGlobalInt
 .text.USB_DisableGlobalInt
                0x08006ae8        0xc CMakeFiles/kosann_UAVGimbal.elf.dir/Drivers/STM32F4xx_HAL_Driver/Src/stm32f4xx_ll_usb.c.obj
                0x08006ae8                USB_DisableGlobalInt
 .text.USB_FlushTxFifo
                0x08006af4       0x50 CMakeFiles/kosann_UAVGimbal.elf.dir/Drivers/STM32F4xx_HAL_Driver/Src/stm32f4xx_ll_usb.c.obj
                0x08006af4                USB_FlushTxFifo
 .text.USB_FlushRxFifo
                0x08006b44       0x4c CMakeFiles/kosann_UAVGimbal.elf.dir/Drivers/STM32F4xx_HAL_Driver/Src/stm32f4xx_ll_usb.c.obj
                0x08006b44                USB_FlushRxFifo
 .text.USB_SetDevSpeed
                0x08006b90        0xe CMakeFiles/kosann_UAVGimbal.elf.dir/Drivers/STM32F4xx_HAL_Driver/Src/stm32f4xx_ll_usb.c.obj
                0x08006b90                USB_SetDevSpeed
 *fill*         0x08006b9e        0x2 
 .text.USB_DevInit
                0x08006ba0      0x190 CMakeFiles/kosann_UAVGimbal.elf.dir/Drivers/STM32F4xx_HAL_Driver/Src/stm32f4xx_ll_usb.c.obj
                0x08006ba0                USB_DevInit
 .text.USB_GetDevSpeed
                0x08006d30       0x22 CMakeFiles/kosann_UAVGimbal.elf.dir/Drivers/STM32F4xx_HAL_Driver/Src/stm32f4xx_ll_usb.c.obj
                0x08006d30                USB_GetDevSpeed
 .text.USB_ActivateEndpoint
                0x08006d52       0x9c CMakeFiles/kosann_UAVGimbal.elf.dir/Drivers/STM32F4xx_HAL_Driver/Src/stm32f4xx_ll_usb.c.obj
                0x08006d52                USB_ActivateEndpoint
 *fill*         0x08006dee        0x2 
 .text.USB_DeactivateEndpoint
                0x08006df0       0xe0 CMakeFiles/kosann_UAVGimbal.elf.dir/Drivers/STM32F4xx_HAL_Driver/Src/stm32f4xx_ll_usb.c.obj
                0x08006df0                USB_DeactivateEndpoint
 .text.USB_EP0StartXfer
                0x08006ed0      0x124 CMakeFiles/kosann_UAVGimbal.elf.dir/Drivers/STM32F4xx_HAL_Driver/Src/stm32f4xx_ll_usb.c.obj
                0x08006ed0                USB_EP0StartXfer
 .text.USB_EPStopXfer
                0x08006ff4       0xbe CMakeFiles/kosann_UAVGimbal.elf.dir/Drivers/STM32F4xx_HAL_Driver/Src/stm32f4xx_ll_usb.c.obj
                0x08006ff4                USB_EPStopXfer
 .text.USB_WritePacket
                0x080070b2       0x2e CMakeFiles/kosann_UAVGimbal.elf.dir/Drivers/STM32F4xx_HAL_Driver/Src/stm32f4xx_ll_usb.c.obj
                0x080070b2                USB_WritePacket
 .text.USB_EPStartXfer
                0x080070e0      0x234 CMakeFiles/kosann_UAVGimbal.elf.dir/Drivers/STM32F4xx_HAL_Driver/Src/stm32f4xx_ll_usb.c.obj
                0x080070e0                USB_EPStartXfer
 .text.USB_ReadPacket
                0x08007314       0x54 CMakeFiles/kosann_UAVGimbal.elf.dir/Drivers/STM32F4xx_HAL_Driver/Src/stm32f4xx_ll_usb.c.obj
                0x08007314                USB_ReadPacket
 .text.USB_EPSetStall
                0x08007368       0x5a CMakeFiles/kosann_UAVGimbal.elf.dir/Drivers/STM32F4xx_HAL_Driver/Src/stm32f4xx_ll_usb.c.obj
                0x08007368                USB_EPSetStall
 .text.USB_EPClearStall
                0x080073c2       0x5c CMakeFiles/kosann_UAVGimbal.elf.dir/Drivers/STM32F4xx_HAL_Driver/Src/stm32f4xx_ll_usb.c.obj
                0x080073c2                USB_EPClearStall
 .text.USB_SetDevAddress
                0x0800741e       0x20 CMakeFiles/kosann_UAVGimbal.elf.dir/Drivers/STM32F4xx_HAL_Driver/Src/stm32f4xx_ll_usb.c.obj
                0x0800741e                USB_SetDevAddress
 .text.USB_DevConnect
                0x0800743e       0x1c CMakeFiles/kosann_UAVGimbal.elf.dir/Drivers/STM32F4xx_HAL_Driver/Src/stm32f4xx_ll_usb.c.obj
                0x0800743e                USB_DevConnect
 .text.USB_DevDisconnect
                0x0800745a       0x1c CMakeFiles/kosann_UAVGimbal.elf.dir/Drivers/STM32F4xx_HAL_Driver/Src/stm32f4xx_ll_usb.c.obj
                0x0800745a                USB_DevDisconnect
 .text.USB_ReadInterrupts
                0x08007476        0x8 CMakeFiles/kosann_UAVGimbal.elf.dir/Drivers/STM32F4xx_HAL_Driver/Src/stm32f4xx_ll_usb.c.obj
                0x08007476                USB_ReadInterrupts
 .text.USB_ReadDevAllOutEpInterrupt
                0x0800747e       0x10 CMakeFiles/kosann_UAVGimbal.elf.dir/Drivers/STM32F4xx_HAL_Driver/Src/stm32f4xx_ll_usb.c.obj
                0x0800747e                USB_ReadDevAllOutEpInterrupt
 .text.USB_ReadDevAllInEpInterrupt
                0x0800748e       0x10 CMakeFiles/kosann_UAVGimbal.elf.dir/Drivers/STM32F4xx_HAL_Driver/Src/stm32f4xx_ll_usb.c.obj
                0x0800748e                USB_ReadDevAllInEpInterrupt
 .text.USB_ReadDevOutEPInterrupt
                0x0800749e       0x12 CMakeFiles/kosann_UAVGimbal.elf.dir/Drivers/STM32F4xx_HAL_Driver/Src/stm32f4xx_ll_usb.c.obj
                0x0800749e                USB_ReadDevOutEPInterrupt
 .text.USB_ReadDevInEPInterrupt
                0x080074b0       0x28 CMakeFiles/kosann_UAVGimbal.elf.dir/Drivers/STM32F4xx_HAL_Driver/Src/stm32f4xx_ll_usb.c.obj
                0x080074b0                USB_ReadDevInEPInterrupt
 .text.USB_GetMode
                0x080074d8        0x8 CMakeFiles/kosann_UAVGimbal.elf.dir/Drivers/STM32F4xx_HAL_Driver/Src/stm32f4xx_ll_usb.c.obj
                0x080074d8                USB_GetMode
 .text.USB_SetCurrentMode
                0x080074e0       0x62 CMakeFiles/kosann_UAVGimbal.elf.dir/Drivers/STM32F4xx_HAL_Driver/Src/stm32f4xx_ll_usb.c.obj
                0x080074e0                USB_SetCurrentMode
 .text.USB_ActivateSetup
                0x08007542       0x20 CMakeFiles/kosann_UAVGimbal.elf.dir/Drivers/STM32F4xx_HAL_Driver/Src/stm32f4xx_ll_usb.c.obj
                0x08007542                USB_ActivateSetup
 *fill*         0x08007562        0x2 
 .text.USB_EP0_OutStart
                0x08007564       0x60 CMakeFiles/kosann_UAVGimbal.elf.dir/Drivers/STM32F4xx_HAL_Driver/Src/stm32f4xx_ll_usb.c.obj
                0x08007564                USB_EP0_OutStart
 .text.MX_FATFS_Init
                0x080075c4       0x1c CMakeFiles/kosann_UAVGimbal.elf.dir/FATFS/App/fatfs.c.obj
                0x080075c4                MX_FATFS_Init
 .text.USER_initialize
                0x080075e0       0x10 CMakeFiles/kosann_UAVGimbal.elf.dir/FATFS/Target/user_diskio.c.obj
                0x080075e0                USER_initialize
 .text.USER_status
                0x080075f0       0x10 CMakeFiles/kosann_UAVGimbal.elf.dir/FATFS/Target/user_diskio.c.obj
                0x080075f0                USER_status
 .text.USER_read
                0x08007600        0x4 CMakeFiles/kosann_UAVGimbal.elf.dir/FATFS/Target/user_diskio.c.obj
                0x08007600                USER_read
 .text.USER_write
                0x08007604        0x4 CMakeFiles/kosann_UAVGimbal.elf.dir/FATFS/Target/user_diskio.c.obj
                0x08007604                USER_write
 .text.USER_ioctl
                0x08007608        0x4 CMakeFiles/kosann_UAVGimbal.elf.dir/FATFS/Target/user_diskio.c.obj
                0x08007608                USER_ioctl
 .text.USBD_CDC_EP0_RxReady
                0x0800760c       0x40 CMakeFiles/kosann_UAVGimbal.elf.dir/Middlewares/ST/STM32_USB_Device_Library/Class/CDC/Src/usbd_cdc.c.obj
 .text.USBD_CDC_GetDeviceQualifierDescriptor
                0x0800764c        0xc CMakeFiles/kosann_UAVGimbal.elf.dir/Middlewares/ST/STM32_USB_Device_Library/Class/CDC/Src/usbd_cdc.c.obj
                0x0800764c                USBD_CDC_GetDeviceQualifierDescriptor
 .text.USBD_CDC_GetOtherSpeedCfgDesc
                0x08007658       0x48 CMakeFiles/kosann_UAVGimbal.elf.dir/Middlewares/ST/STM32_USB_Device_Library/Class/CDC/Src/usbd_cdc.c.obj
 .text.USBD_CDC_GetFSCfgDesc
                0x080076a0       0x48 CMakeFiles/kosann_UAVGimbal.elf.dir/Middlewares/ST/STM32_USB_Device_Library/Class/CDC/Src/usbd_cdc.c.obj
 .text.USBD_CDC_GetHSCfgDesc
                0x080076e8       0x48 CMakeFiles/kosann_UAVGimbal.elf.dir/Middlewares/ST/STM32_USB_Device_Library/Class/CDC/Src/usbd_cdc.c.obj
 .text.USBD_CDC_DataOut
                0x08007730       0x38 CMakeFiles/kosann_UAVGimbal.elf.dir/Middlewares/ST/STM32_USB_Device_Library/Class/CDC/Src/usbd_cdc.c.obj
 .text.USBD_CDC_DataIn
                0x08007768       0x7c CMakeFiles/kosann_UAVGimbal.elf.dir/Middlewares/ST/STM32_USB_Device_Library/Class/CDC/Src/usbd_cdc.c.obj
 .text.USBD_CDC_Setup
                0x080077e4      0x11a CMakeFiles/kosann_UAVGimbal.elf.dir/Middlewares/ST/STM32_USB_Device_Library/Class/CDC/Src/usbd_cdc.c.obj
 .text.USBD_CDC_DeInit
                0x080078fe       0x64 CMakeFiles/kosann_UAVGimbal.elf.dir/Middlewares/ST/STM32_USB_Device_Library/Class/CDC/Src/usbd_cdc.c.obj
 .text.USBD_CDC_Init
                0x08007962       0xee CMakeFiles/kosann_UAVGimbal.elf.dir/Middlewares/ST/STM32_USB_Device_Library/Class/CDC/Src/usbd_cdc.c.obj
 .text.USBD_CDC_RegisterInterface
                0x08007a50       0x16 CMakeFiles/kosann_UAVGimbal.elf.dir/Middlewares/ST/STM32_USB_Device_Library/Class/CDC/Src/usbd_cdc.c.obj
                0x08007a50                USBD_CDC_RegisterInterface
 .text.USBD_CDC_SetTxBuffer
                0x08007a66       0x1c CMakeFiles/kosann_UAVGimbal.elf.dir/Middlewares/ST/STM32_USB_Device_Library/Class/CDC/Src/usbd_cdc.c.obj
                0x08007a66                USBD_CDC_SetTxBuffer
 .text.USBD_CDC_SetRxBuffer
                0x08007a82       0x18 CMakeFiles/kosann_UAVGimbal.elf.dir/Middlewares/ST/STM32_USB_Device_Library/Class/CDC/Src/usbd_cdc.c.obj
                0x08007a82                USBD_CDC_SetRxBuffer
 .text.USBD_CDC_ReceivePacket
                0x08007a9a       0x38 CMakeFiles/kosann_UAVGimbal.elf.dir/Middlewares/ST/STM32_USB_Device_Library/Class/CDC/Src/usbd_cdc.c.obj
                0x08007a9a                USBD_CDC_ReceivePacket
 .text.USBD_Init
                0x08007ad2       0x2e CMakeFiles/kosann_UAVGimbal.elf.dir/Middlewares/ST/STM32_USB_Device_Library/Core/Src/usbd_core.c.obj
                0x08007ad2                USBD_Init
 .text.USBD_RegisterClass
                0x08007b00       0x34 CMakeFiles/kosann_UAVGimbal.elf.dir/Middlewares/ST/STM32_USB_Device_Library/Core/Src/usbd_core.c.obj
                0x08007b00                USBD_RegisterClass
 .text.USBD_Start
                0x08007b34        0x8 CMakeFiles/kosann_UAVGimbal.elf.dir/Middlewares/ST/STM32_USB_Device_Library/Core/Src/usbd_core.c.obj
                0x08007b34                USBD_Start
 .text.USBD_SetClassConfig
                0x08007b3c       0x12 CMakeFiles/kosann_UAVGimbal.elf.dir/Middlewares/ST/STM32_USB_Device_Library/Core/Src/usbd_core.c.obj
                0x08007b3c                USBD_SetClassConfig
 .text.USBD_ClrClassConfig
                0x08007b4e       0x12 CMakeFiles/kosann_UAVGimbal.elf.dir/Middlewares/ST/STM32_USB_Device_Library/Core/Src/usbd_core.c.obj
                0x08007b4e                USBD_ClrClassConfig
 .text.USBD_LL_SetupStage
                0x08007b60       0x58 CMakeFiles/kosann_UAVGimbal.elf.dir/Middlewares/ST/STM32_USB_Device_Library/Core/Src/usbd_core.c.obj
                0x08007b60                USBD_LL_SetupStage
 .text.USBD_LL_Reset
                0x08007bb8       0x64 CMakeFiles/kosann_UAVGimbal.elf.dir/Middlewares/ST/STM32_USB_Device_Library/Core/Src/usbd_core.c.obj
                0x08007bb8                USBD_LL_Reset
 .text.USBD_LL_SetSpeed
                0x08007c1c        0x6 CMakeFiles/kosann_UAVGimbal.elf.dir/Middlewares/ST/STM32_USB_Device_Library/Core/Src/usbd_core.c.obj
                0x08007c1c                USBD_LL_SetSpeed
 .text.USBD_LL_Suspend
                0x08007c22       0x14 CMakeFiles/kosann_UAVGimbal.elf.dir/Middlewares/ST/STM32_USB_Device_Library/Core/Src/usbd_core.c.obj
                0x08007c22                USBD_LL_Suspend
 .text.USBD_LL_Resume
                0x08007c36       0x1a CMakeFiles/kosann_UAVGimbal.elf.dir/Middlewares/ST/STM32_USB_Device_Library/Core/Src/usbd_core.c.obj
                0x08007c36                USBD_LL_Resume
 .text.USBD_LL_SOF
                0x08007c50       0x22 CMakeFiles/kosann_UAVGimbal.elf.dir/Middlewares/ST/STM32_USB_Device_Library/Core/Src/usbd_core.c.obj
                0x08007c50                USBD_LL_SOF
 .text.USBD_LL_IsoINIncomplete
                0x08007c72       0x2e CMakeFiles/kosann_UAVGimbal.elf.dir/Middlewares/ST/STM32_USB_Device_Library/Core/Src/usbd_core.c.obj
                0x08007c72                USBD_LL_IsoINIncomplete
 .text.USBD_LL_IsoOUTIncomplete
                0x08007ca0       0x2e CMakeFiles/kosann_UAVGimbal.elf.dir/Middlewares/ST/STM32_USB_Device_Library/Core/Src/usbd_core.c.obj
                0x08007ca0                USBD_LL_IsoOUTIncomplete
 .text.USBD_LL_DevConnected
                0x08007cce        0x4 CMakeFiles/kosann_UAVGimbal.elf.dir/Middlewares/ST/STM32_USB_Device_Library/Core/Src/usbd_core.c.obj
                0x08007cce                USBD_LL_DevConnected
 .text.USBD_LL_DevDisconnected
                0x08007cd2       0x20 CMakeFiles/kosann_UAVGimbal.elf.dir/Middlewares/ST/STM32_USB_Device_Library/Core/Src/usbd_core.c.obj
                0x08007cd2                USBD_LL_DevDisconnected
 .text.USBD_CoreFindIF
                0x08007cf2        0x4 CMakeFiles/kosann_UAVGimbal.elf.dir/Middlewares/ST/STM32_USB_Device_Library/Core/Src/usbd_core.c.obj
                0x08007cf2                USBD_CoreFindIF
 .text.USBD_CoreFindEP
                0x08007cf6        0x4 CMakeFiles/kosann_UAVGimbal.elf.dir/Middlewares/ST/STM32_USB_Device_Library/Core/Src/usbd_core.c.obj
                0x08007cf6                USBD_CoreFindEP
 .text.USBD_LL_DataOutStage
                0x08007cfa       0xc6 CMakeFiles/kosann_UAVGimbal.elf.dir/Middlewares/ST/STM32_USB_Device_Library/Core/Src/usbd_core.c.obj
                0x08007cfa                USBD_LL_DataOutStage
 .text.USBD_LL_DataInStage
                0x08007dc0       0xd6 CMakeFiles/kosann_UAVGimbal.elf.dir/Middlewares/ST/STM32_USB_Device_Library/Core/Src/usbd_core.c.obj
                0x08007dc0                USBD_LL_DataInStage
 .text.USBD_GetNextDesc
                0x08007e96        0xe CMakeFiles/kosann_UAVGimbal.elf.dir/Middlewares/ST/STM32_USB_Device_Library/Core/Src/usbd_core.c.obj
                0x08007e96                USBD_GetNextDesc
 .text.USBD_GetEpDesc
                0x08007ea4       0x3e CMakeFiles/kosann_UAVGimbal.elf.dir/Middlewares/ST/STM32_USB_Device_Library/Core/Src/usbd_core.c.obj
                0x08007ea4                USBD_GetEpDesc
 .text.USBD_GetLen
                0x08007ee2       0x14 CMakeFiles/kosann_UAVGimbal.elf.dir/Middlewares/ST/STM32_USB_Device_Library/Core/Src/usbd_ctlreq.c.obj
 .text.USBD_ParseSetupRequest
                0x08007ef6       0x28 CMakeFiles/kosann_UAVGimbal.elf.dir/Middlewares/ST/STM32_USB_Device_Library/Core/Src/usbd_ctlreq.c.obj
                0x08007ef6                USBD_ParseSetupRequest
 .text.USBD_CtlError
                0x08007f1e       0x14 CMakeFiles/kosann_UAVGimbal.elf.dir/Middlewares/ST/STM32_USB_Device_Library/Core/Src/usbd_ctlreq.c.obj
                0x08007f1e                USBD_CtlError
 .text.USBD_GetDescriptor
                0x08007f32      0x18a CMakeFiles/kosann_UAVGimbal.elf.dir/Middlewares/ST/STM32_USB_Device_Library/Core/Src/usbd_ctlreq.c.obj
 .text.USBD_SetAddress
                0x080080bc       0x50 CMakeFiles/kosann_UAVGimbal.elf.dir/Middlewares/ST/STM32_USB_Device_Library/Core/Src/usbd_ctlreq.c.obj
 .text.USBD_SetConfig
                0x0800810c       0xcc CMakeFiles/kosann_UAVGimbal.elf.dir/Middlewares/ST/STM32_USB_Device_Library/Core/Src/usbd_ctlreq.c.obj
 .text.USBD_GetConfig
                0x080081d8       0x40 CMakeFiles/kosann_UAVGimbal.elf.dir/Middlewares/ST/STM32_USB_Device_Library/Core/Src/usbd_ctlreq.c.obj
 .text.USBD_GetStatus
                0x08008218       0x38 CMakeFiles/kosann_UAVGimbal.elf.dir/Middlewares/ST/STM32_USB_Device_Library/Core/Src/usbd_ctlreq.c.obj
 .text.USBD_SetFeature
                0x08008250       0x2a CMakeFiles/kosann_UAVGimbal.elf.dir/Middlewares/ST/STM32_USB_Device_Library/Core/Src/usbd_ctlreq.c.obj
 .text.USBD_ClrFeature
                0x0800827a       0x26 CMakeFiles/kosann_UAVGimbal.elf.dir/Middlewares/ST/STM32_USB_Device_Library/Core/Src/usbd_ctlreq.c.obj
 .text.USBD_StdDevReq
                0x080082a0       0x76 CMakeFiles/kosann_UAVGimbal.elf.dir/Middlewares/ST/STM32_USB_Device_Library/Core/Src/usbd_ctlreq.c.obj
                0x080082a0                USBD_StdDevReq
 .text.USBD_StdItfReq
                0x08008316       0x84 CMakeFiles/kosann_UAVGimbal.elf.dir/Middlewares/ST/STM32_USB_Device_Library/Core/Src/usbd_ctlreq.c.obj
                0x08008316                USBD_StdItfReq
 .text.USBD_StdEPReq
                0x0800839a      0x230 CMakeFiles/kosann_UAVGimbal.elf.dir/Middlewares/ST/STM32_USB_Device_Library/Core/Src/usbd_ctlreq.c.obj
                0x0800839a                USBD_StdEPReq
 .text.USBD_GetString
                0x080085ca       0x3a CMakeFiles/kosann_UAVGimbal.elf.dir/Middlewares/ST/STM32_USB_Device_Library/Core/Src/usbd_ctlreq.c.obj
                0x080085ca                USBD_GetString
 .text.USBD_CtlSendData
                0x08008604       0x1a CMakeFiles/kosann_UAVGimbal.elf.dir/Middlewares/ST/STM32_USB_Device_Library/Core/Src/usbd_ioreq.c.obj
                0x08008604                USBD_CtlSendData
 .text.USBD_CtlContinueSendData
                0x0800861e       0x10 CMakeFiles/kosann_UAVGimbal.elf.dir/Middlewares/ST/STM32_USB_Device_Library/Core/Src/usbd_ioreq.c.obj
                0x0800861e                USBD_CtlContinueSendData
 .text.USBD_CtlPrepareRx
                0x0800862e       0x1e CMakeFiles/kosann_UAVGimbal.elf.dir/Middlewares/ST/STM32_USB_Device_Library/Core/Src/usbd_ioreq.c.obj
                0x0800862e                USBD_CtlPrepareRx
 .text.USBD_CtlContinueRx
                0x0800864c       0x10 CMakeFiles/kosann_UAVGimbal.elf.dir/Middlewares/ST/STM32_USB_Device_Library/Core/Src/usbd_ioreq.c.obj
                0x0800864c                USBD_CtlContinueRx
 .text.USBD_CtlSendStatus
                0x0800865c       0x16 CMakeFiles/kosann_UAVGimbal.elf.dir/Middlewares/ST/STM32_USB_Device_Library/Core/Src/usbd_ioreq.c.obj
                0x0800865c                USBD_CtlSendStatus
 .text.USBD_CtlReceiveStatus
                0x08008672       0x16 CMakeFiles/kosann_UAVGimbal.elf.dir/Middlewares/ST/STM32_USB_Device_Library/Core/Src/usbd_ioreq.c.obj
                0x08008672                USBD_CtlReceiveStatus
 .text.FATFS_LinkDriverEx
                0x08008688       0x54 CMakeFiles/kosann_UAVGimbal.elf.dir/Middlewares/Third_Party/FatFs/src/ff_gen_drv.c.obj
                0x08008688                FATFS_LinkDriverEx
 .text.FATFS_LinkDriver
                0x080086dc        0xa CMakeFiles/kosann_UAVGimbal.elf.dir/Middlewares/Third_Party/FatFs/src/ff_gen_drv.c.obj
                0x080086dc                FATFS_LinkDriver
 .text.makeFreeRtosPriority
                0x080086e6        0xc CMakeFiles/kosann_UAVGimbal.elf.dir/Middlewares/Third_Party/FreeRTOS/Source/CMSIS_RTOS/cmsis_os.c.obj
 .text.osKernelStart
                0x080086f2        0xa CMakeFiles/kosann_UAVGimbal.elf.dir/Middlewares/Third_Party/FreeRTOS/Source/CMSIS_RTOS/cmsis_os.c.obj
                0x080086f2                osKernelStart
 .text.osThreadCreate
                0x080086fc       0x6a CMakeFiles/kosann_UAVGimbal.elf.dir/Middlewares/Third_Party/FreeRTOS/Source/CMSIS_RTOS/cmsis_os.c.obj
                0x080086fc                osThreadCreate
 .text.osDelay  0x08008766        0xe CMakeFiles/kosann_UAVGimbal.elf.dir/Middlewares/Third_Party/FreeRTOS/Source/CMSIS_RTOS/cmsis_os.c.obj
                0x08008766                osDelay
 .text.osTimerCreate
                0x08008774       0x44 CMakeFiles/kosann_UAVGimbal.elf.dir/Middlewares/Third_Party/FreeRTOS/Source/CMSIS_RTOS/cmsis_os.c.obj
                0x08008774                osTimerCreate
 .text.vListInitialise
                0x080087b8       0x16 CMakeFiles/kosann_UAVGimbal.elf.dir/Middlewares/Third_Party/FreeRTOS/Source/list.c.obj
                0x080087b8                vListInitialise
 .text.vListInitialiseItem
                0x080087ce        0x6 CMakeFiles/kosann_UAVGimbal.elf.dir/Middlewares/Third_Party/FreeRTOS/Source/list.c.obj
                0x080087ce                vListInitialiseItem
 .text.vListInsertEnd
                0x080087d4       0x16 CMakeFiles/kosann_UAVGimbal.elf.dir/Middlewares/Third_Party/FreeRTOS/Source/list.c.obj
                0x080087d4                vListInsertEnd
 .text.vListInsert
                0x080087ea       0x32 CMakeFiles/kosann_UAVGimbal.elf.dir/Middlewares/Third_Party/FreeRTOS/Source/list.c.obj
                0x080087ea                vListInsert
 .text.uxListRemove
                0x0800881c       0x26 CMakeFiles/kosann_UAVGimbal.elf.dir/Middlewares/Third_Party/FreeRTOS/Source/list.c.obj
                0x0800881c                uxListRemove
 *fill*         0x08008842        0x2 
 .text.prvTaskExitError
                0x08008844       0x40 CMakeFiles/kosann_UAVGimbal.elf.dir/Middlewares/Third_Party/FreeRTOS/Source/portable/GCC/ARM_CM4F/port.c.obj
 .text.prvPortStartFirstTask
                0x08008884       0x28 CMakeFiles/kosann_UAVGimbal.elf.dir/Middlewares/Third_Party/FreeRTOS/Source/portable/GCC/ARM_CM4F/port.c.obj
 .text.vPortEnableVFP
                0x080088ac       0x14 CMakeFiles/kosann_UAVGimbal.elf.dir/Middlewares/Third_Party/FreeRTOS/Source/portable/GCC/ARM_CM4F/port.c.obj
 .text.pxPortInitialiseStack
                0x080088c0       0x2c CMakeFiles/kosann_UAVGimbal.elf.dir/Middlewares/Third_Party/FreeRTOS/Source/portable/GCC/ARM_CM4F/port.c.obj
                0x080088c0                pxPortInitialiseStack
 *fill*         0x080088ec        0x4 
 .text.SVC_Handler
                0x080088f0       0x24 CMakeFiles/kosann_UAVGimbal.elf.dir/Middlewares/Third_Party/FreeRTOS/Source/portable/GCC/ARM_CM4F/port.c.obj
                0x080088f0                SVC_Handler
 .text.vPortEnterCritical
                0x08008914       0x44 CMakeFiles/kosann_UAVGimbal.elf.dir/Middlewares/Third_Party/FreeRTOS/Source/portable/GCC/ARM_CM4F/port.c.obj
                0x08008914                vPortEnterCritical
 .text.vPortExitCritical
                0x08008958       0x2c CMakeFiles/kosann_UAVGimbal.elf.dir/Middlewares/Third_Party/FreeRTOS/Source/portable/GCC/ARM_CM4F/port.c.obj
                0x08008958                vPortExitCritical
 *fill*         0x08008984        0xc 
 .text.PendSV_Handler
                0x08008990       0x64 CMakeFiles/kosann_UAVGimbal.elf.dir/Middlewares/Third_Party/FreeRTOS/Source/portable/GCC/ARM_CM4F/port.c.obj
                0x08008990                PendSV_Handler
 .text.SysTick_Handler
                0x080089f4       0x2c CMakeFiles/kosann_UAVGimbal.elf.dir/Middlewares/Third_Party/FreeRTOS/Source/portable/GCC/ARM_CM4F/port.c.obj
                0x080089f4                SysTick_Handler
 .text.vPortSetupTimerInterrupt
                0x08008a20       0x28 CMakeFiles/kosann_UAVGimbal.elf.dir/Middlewares/Third_Party/FreeRTOS/Source/portable/GCC/ARM_CM4F/port.c.obj
                0x08008a20                vPortSetupTimerInterrupt
 .text.xPortStartScheduler
                0x08008a48      0x118 CMakeFiles/kosann_UAVGimbal.elf.dir/Middlewares/Third_Party/FreeRTOS/Source/portable/GCC/ARM_CM4F/port.c.obj
                0x08008a48                xPortStartScheduler
 .text.vPortValidateInterruptPriority
                0x08008b60       0x5c CMakeFiles/kosann_UAVGimbal.elf.dir/Middlewares/Third_Party/FreeRTOS/Source/portable/GCC/ARM_CM4F/port.c.obj
                0x08008b60                vPortValidateInterruptPriority
 .text.prvHeapInit
                0x08008bbc       0x64 CMakeFiles/kosann_UAVGimbal.elf.dir/Middlewares/Third_Party/FreeRTOS/Source/portable/MemMang/heap_4.c.obj
 .text.prvInsertBlockIntoFreeList
                0x08008c20       0x64 CMakeFiles/kosann_UAVGimbal.elf.dir/Middlewares/Third_Party/FreeRTOS/Source/portable/MemMang/heap_4.c.obj
 .text.pvPortMalloc
                0x08008c84       0xfc CMakeFiles/kosann_UAVGimbal.elf.dir/Middlewares/Third_Party/FreeRTOS/Source/portable/MemMang/heap_4.c.obj
                0x08008c84                pvPortMalloc
 .text.vPortFree
                0x08008d80       0x7c CMakeFiles/kosann_UAVGimbal.elf.dir/Middlewares/Third_Party/FreeRTOS/Source/portable/MemMang/heap_4.c.obj
                0x08008d80                vPortFree
 .text.prvIsQueueFull
                0x08008dfc       0x1e CMakeFiles/kosann_UAVGimbal.elf.dir/Middlewares/Third_Party/FreeRTOS/Source/queue.c.obj
 .text.prvIsQueueEmpty
                0x08008e1a       0x1a CMakeFiles/kosann_UAVGimbal.elf.dir/Middlewares/Third_Party/FreeRTOS/Source/queue.c.obj
 .text.prvCopyDataToQueue
                0x08008e34       0x76 CMakeFiles/kosann_UAVGimbal.elf.dir/Middlewares/Third_Party/FreeRTOS/Source/queue.c.obj
 .text.prvCopyDataFromQueue
                0x08008eaa       0x24 CMakeFiles/kosann_UAVGimbal.elf.dir/Middlewares/Third_Party/FreeRTOS/Source/queue.c.obj
 .text.prvUnlockQueue
                0x08008ece       0x6e CMakeFiles/kosann_UAVGimbal.elf.dir/Middlewares/Third_Party/FreeRTOS/Source/queue.c.obj
 .text.xQueueGenericReset
                0x08008f3c       0x84 CMakeFiles/kosann_UAVGimbal.elf.dir/Middlewares/Third_Party/FreeRTOS/Source/queue.c.obj
                0x08008f3c                xQueueGenericReset
 .text.prvInitialiseNewQueue
                0x08008fc0       0x1c CMakeFiles/kosann_UAVGimbal.elf.dir/Middlewares/Third_Party/FreeRTOS/Source/queue.c.obj
 .text.xQueueGenericCreateStatic
                0x08008fdc       0x94 CMakeFiles/kosann_UAVGimbal.elf.dir/Middlewares/Third_Party/FreeRTOS/Source/queue.c.obj
                0x08008fdc                xQueueGenericCreateStatic
 .text.xQueueGenericSend
                0x08009070      0x188 CMakeFiles/kosann_UAVGimbal.elf.dir/Middlewares/Third_Party/FreeRTOS/Source/queue.c.obj
                0x08009070                xQueueGenericSend
 .text.xQueueGenericSendFromISR
                0x080091f8       0xce CMakeFiles/kosann_UAVGimbal.elf.dir/Middlewares/Third_Party/FreeRTOS/Source/queue.c.obj
                0x080091f8                xQueueGenericSendFromISR
 .text.xQueueReceive
                0x080092c6      0x15e CMakeFiles/kosann_UAVGimbal.elf.dir/Middlewares/Third_Party/FreeRTOS/Source/queue.c.obj
                0x080092c6                xQueueReceive
 .text.vQueueAddToRegistry
                0x08009424       0x28 CMakeFiles/kosann_UAVGimbal.elf.dir/Middlewares/Third_Party/FreeRTOS/Source/queue.c.obj
                0x08009424                vQueueAddToRegistry
 .text.vQueueWaitForMessageRestricted
                0x0800944c       0x52 CMakeFiles/kosann_UAVGimbal.elf.dir/Middlewares/Third_Party/FreeRTOS/Source/queue.c.obj
                0x0800944c                vQueueWaitForMessageRestricted
 *fill*         0x0800949e        0x2 
 .text.prvResetNextTaskUnblockTime
                0x080094a0       0x2c CMakeFiles/kosann_UAVGimbal.elf.dir/Middlewares/Third_Party/FreeRTOS/Source/tasks.c.obj
 .text.prvInitialiseNewTask
                0x080094cc       0xfe CMakeFiles/kosann_UAVGimbal.elf.dir/Middlewares/Third_Party/FreeRTOS/Source/tasks.c.obj
 *fill*         0x080095ca        0x2 
 .text.prvInitialiseTaskLists
                0x080095cc       0x68 CMakeFiles/kosann_UAVGimbal.elf.dir/Middlewares/Third_Party/FreeRTOS/Source/tasks.c.obj
 .text.prvAddNewTaskToReadyList
                0x08009634       0xa8 CMakeFiles/kosann_UAVGimbal.elf.dir/Middlewares/Third_Party/FreeRTOS/Source/tasks.c.obj
 .text.prvDeleteTCB
                0x080096dc       0x40 CMakeFiles/kosann_UAVGimbal.elf.dir/Middlewares/Third_Party/FreeRTOS/Source/tasks.c.obj
 .text.prvCheckTasksWaitingTermination
                0x0800971c       0x4c CMakeFiles/kosann_UAVGimbal.elf.dir/Middlewares/Third_Party/FreeRTOS/Source/tasks.c.obj
 .text.prvIdleTask
                0x08009768       0x28 CMakeFiles/kosann_UAVGimbal.elf.dir/Middlewares/Third_Party/FreeRTOS/Source/tasks.c.obj
 .text.prvAddCurrentTaskToDelayedList
                0x08009790       0x98 CMakeFiles/kosann_UAVGimbal.elf.dir/Middlewares/Third_Party/FreeRTOS/Source/tasks.c.obj
 .text.xTaskCreateStatic
                0x08009828       0x7a CMakeFiles/kosann_UAVGimbal.elf.dir/Middlewares/Third_Party/FreeRTOS/Source/tasks.c.obj
                0x08009828                xTaskCreateStatic
 .text.xTaskCreate
                0x080098a2       0x6a CMakeFiles/kosann_UAVGimbal.elf.dir/Middlewares/Third_Party/FreeRTOS/Source/tasks.c.obj
                0x080098a2                xTaskCreate
 .text.vTaskStartScheduler
                0x0800990c       0xac CMakeFiles/kosann_UAVGimbal.elf.dir/Middlewares/Third_Party/FreeRTOS/Source/tasks.c.obj
                0x0800990c                vTaskStartScheduler
 .text.vTaskSuspendAll
                0x080099b8       0x10 CMakeFiles/kosann_UAVGimbal.elf.dir/Middlewares/Third_Party/FreeRTOS/Source/tasks.c.obj
                0x080099b8                vTaskSuspendAll
 .text.xTaskGetTickCount
                0x080099c8        0xc CMakeFiles/kosann_UAVGimbal.elf.dir/Middlewares/Third_Party/FreeRTOS/Source/tasks.c.obj
                0x080099c8                xTaskGetTickCount
 .text.xTaskIncrementTick
                0x080099d4      0x118 CMakeFiles/kosann_UAVGimbal.elf.dir/Middlewares/Third_Party/FreeRTOS/Source/tasks.c.obj
                0x080099d4                xTaskIncrementTick
 .text.xTaskResumeAll
                0x08009aec       0xf8 CMakeFiles/kosann_UAVGimbal.elf.dir/Middlewares/Third_Party/FreeRTOS/Source/tasks.c.obj
                0x08009aec                xTaskResumeAll
 .text.vTaskDelayUntil
                0x08009be4       0xa4 CMakeFiles/kosann_UAVGimbal.elf.dir/Middlewares/Third_Party/FreeRTOS/Source/tasks.c.obj
                0x08009be4                vTaskDelayUntil
 .text.vTaskDelay
                0x08009c88       0x4c CMakeFiles/kosann_UAVGimbal.elf.dir/Middlewares/Third_Party/FreeRTOS/Source/tasks.c.obj
                0x08009c88                vTaskDelay
 .text.vTaskSwitchContext
                0x08009cd4       0xa4 CMakeFiles/kosann_UAVGimbal.elf.dir/Middlewares/Third_Party/FreeRTOS/Source/tasks.c.obj
                0x08009cd4                vTaskSwitchContext
 .text.vTaskPlaceOnEventList
                0x08009d78       0x30 CMakeFiles/kosann_UAVGimbal.elf.dir/Middlewares/Third_Party/FreeRTOS/Source/tasks.c.obj
                0x08009d78                vTaskPlaceOnEventList
 .text.vTaskPlaceOnEventListRestricted
                0x08009da8       0x38 CMakeFiles/kosann_UAVGimbal.elf.dir/Middlewares/Third_Party/FreeRTOS/Source/tasks.c.obj
                0x08009da8                vTaskPlaceOnEventListRestricted
 .text.xTaskRemoveFromEventList
                0x08009de0       0x8c CMakeFiles/kosann_UAVGimbal.elf.dir/Middlewares/Third_Party/FreeRTOS/Source/tasks.c.obj
                0x08009de0                xTaskRemoveFromEventList
 .text.vTaskInternalSetTimeOutState
                0x08009e6c       0x18 CMakeFiles/kosann_UAVGimbal.elf.dir/Middlewares/Third_Party/FreeRTOS/Source/tasks.c.obj
                0x08009e6c                vTaskInternalSetTimeOutState
 .text.xTaskCheckForTimeOut
                0x08009e84       0x84 CMakeFiles/kosann_UAVGimbal.elf.dir/Middlewares/Third_Party/FreeRTOS/Source/tasks.c.obj
                0x08009e84                xTaskCheckForTimeOut
 .text.vTaskMissedYield
                0x08009f08        0xc CMakeFiles/kosann_UAVGimbal.elf.dir/Middlewares/Third_Party/FreeRTOS/Source/tasks.c.obj
                0x08009f08                vTaskMissedYield
 .text.xTaskGetSchedulerState
                0x08009f14       0x20 CMakeFiles/kosann_UAVGimbal.elf.dir/Middlewares/Third_Party/FreeRTOS/Source/tasks.c.obj
                0x08009f14                xTaskGetSchedulerState
 .text.xTaskPriorityDisinherit
                0x08009f34       0xb4 CMakeFiles/kosann_UAVGimbal.elf.dir/Middlewares/Third_Party/FreeRTOS/Source/tasks.c.obj
                0x08009f34                xTaskPriorityDisinherit
 .text.prvGetNextExpireTime
                0x08009fe8       0x20 CMakeFiles/kosann_UAVGimbal.elf.dir/Middlewares/Third_Party/FreeRTOS/Source/timers.c.obj
 .text.prvInsertTimerInActiveList
                0x0800a008       0x48 CMakeFiles/kosann_UAVGimbal.elf.dir/Middlewares/Third_Party/FreeRTOS/Source/timers.c.obj
 .text.prvCheckForValidListAndQueue
                0x0800a050       0x70 CMakeFiles/kosann_UAVGimbal.elf.dir/Middlewares/Third_Party/FreeRTOS/Source/timers.c.obj
 .text.prvInitialiseNewTimer
                0x0800a0c0       0x4c CMakeFiles/kosann_UAVGimbal.elf.dir/Middlewares/Third_Party/FreeRTOS/Source/timers.c.obj
 .text.xTimerCreateTimerTask
                0x0800a10c       0x64 CMakeFiles/kosann_UAVGimbal.elf.dir/Middlewares/Third_Party/FreeRTOS/Source/timers.c.obj
                0x0800a10c                xTimerCreateTimerTask
 .text.xTimerCreate
                0x0800a170       0x38 CMakeFiles/kosann_UAVGimbal.elf.dir/Middlewares/Third_Party/FreeRTOS/Source/timers.c.obj
                0x0800a170                xTimerCreate
 .text.xTimerCreateStatic
                0x0800a1a8       0x54 CMakeFiles/kosann_UAVGimbal.elf.dir/Middlewares/Third_Party/FreeRTOS/Source/timers.c.obj
                0x0800a1a8                xTimerCreateStatic
 .text.xTimerGenericCommand
                0x0800a1fc       0x6c CMakeFiles/kosann_UAVGimbal.elf.dir/Middlewares/Third_Party/FreeRTOS/Source/timers.c.obj
                0x0800a1fc                xTimerGenericCommand
 .text.prvSwitchTimerLists
                0x0800a268       0x7c CMakeFiles/kosann_UAVGimbal.elf.dir/Middlewares/Third_Party/FreeRTOS/Source/timers.c.obj
 .text.prvSampleTimeNow
                0x0800a2e4       0x2c CMakeFiles/kosann_UAVGimbal.elf.dir/Middlewares/Third_Party/FreeRTOS/Source/timers.c.obj
 .text.prvProcessExpiredTimer
                0x0800a310       0x6c CMakeFiles/kosann_UAVGimbal.elf.dir/Middlewares/Third_Party/FreeRTOS/Source/timers.c.obj
 .text.prvProcessTimerOrBlockTask
                0x0800a37c       0x74 CMakeFiles/kosann_UAVGimbal.elf.dir/Middlewares/Third_Party/FreeRTOS/Source/timers.c.obj
 .text.prvProcessReceivedCommands
                0x0800a3f0       0xfc CMakeFiles/kosann_UAVGimbal.elf.dir/Middlewares/Third_Party/FreeRTOS/Source/timers.c.obj
 .text.prvTimerTask
                0x0800a4ec       0x16 CMakeFiles/kosann_UAVGimbal.elf.dir/Middlewares/Third_Party/FreeRTOS/Source/timers.c.obj
 *fill*         0x0800a502        0x2 
 .text.MX_USB_DEVICE_Init
                0x0800a504       0x54 CMakeFiles/kosann_UAVGimbal.elf.dir/USB_DEVICE/App/usb_device.c.obj
                0x0800a504                MX_USB_DEVICE_Init
 .text.CDC_DeInit_FS
                0x0800a558        0x4 CMakeFiles/kosann_UAVGimbal.elf.dir/USB_DEVICE/App/usbd_cdc_if.c.obj
 .text.CDC_Control_FS
                0x0800a55c        0x4 CMakeFiles/kosann_UAVGimbal.elf.dir/USB_DEVICE/App/usbd_cdc_if.c.obj
 .text.CDC_TransmitCplt_FS
                0x0800a560        0x4 CMakeFiles/kosann_UAVGimbal.elf.dir/USB_DEVICE/App/usbd_cdc_if.c.obj
 .text.CDC_Receive_FS
                0x0800a564       0x1c CMakeFiles/kosann_UAVGimbal.elf.dir/USB_DEVICE/App/usbd_cdc_if.c.obj
 .text.CDC_Init_FS
                0x0800a580       0x28 CMakeFiles/kosann_UAVGimbal.elf.dir/USB_DEVICE/App/usbd_cdc_if.c.obj
 .text.USBD_FS_DeviceDescriptor
                0x0800a5a8        0xc CMakeFiles/kosann_UAVGimbal.elf.dir/USB_DEVICE/App/usbd_desc.c.obj
                0x0800a5a8                USBD_FS_DeviceDescriptor
 .text.USBD_FS_LangIDStrDescriptor
                0x0800a5b4        0xc CMakeFiles/kosann_UAVGimbal.elf.dir/USB_DEVICE/App/usbd_desc.c.obj
                0x0800a5b4                USBD_FS_LangIDStrDescriptor
 .text.IntToUnicode
                0x0800a5c0       0x46 CMakeFiles/kosann_UAVGimbal.elf.dir/USB_DEVICE/App/usbd_desc.c.obj
 *fill*         0x0800a606        0x2 
 .text.Get_SerialNum
                0x0800a608       0x38 CMakeFiles/kosann_UAVGimbal.elf.dir/USB_DEVICE/App/usbd_desc.c.obj
 .text.USBD_FS_SerialStrDescriptor
                0x0800a640       0x14 CMakeFiles/kosann_UAVGimbal.elf.dir/USB_DEVICE/App/usbd_desc.c.obj
                0x0800a640                USBD_FS_SerialStrDescriptor
 .text.USBD_FS_ProductStrDescriptor
                0x0800a654       0x24 CMakeFiles/kosann_UAVGimbal.elf.dir/USB_DEVICE/App/usbd_desc.c.obj
                0x0800a654                USBD_FS_ProductStrDescriptor
 .text.USBD_FS_ManufacturerStrDescriptor
                0x0800a678       0x1c CMakeFiles/kosann_UAVGimbal.elf.dir/USB_DEVICE/App/usbd_desc.c.obj
                0x0800a678                USBD_FS_ManufacturerStrDescriptor
 .text.USBD_FS_ConfigStrDescriptor
                0x0800a694       0x24 CMakeFiles/kosann_UAVGimbal.elf.dir/USB_DEVICE/App/usbd_desc.c.obj
                0x0800a694                USBD_FS_ConfigStrDescriptor
 .text.USBD_FS_InterfaceStrDescriptor
                0x0800a6b8       0x24 CMakeFiles/kosann_UAVGimbal.elf.dir/USB_DEVICE/App/usbd_desc.c.obj
                0x0800a6b8                USBD_FS_InterfaceStrDescriptor
 .text.HAL_PCD_MspInit
                0x0800a6dc       0x84 CMakeFiles/kosann_UAVGimbal.elf.dir/USB_DEVICE/Target/usbd_conf.c.obj
                0x0800a6dc                HAL_PCD_MspInit
 .text.HAL_PCD_SetupStageCallback
                0x0800a760       0x10 CMakeFiles/kosann_UAVGimbal.elf.dir/USB_DEVICE/Target/usbd_conf.c.obj
                0x0800a760                HAL_PCD_SetupStageCallback
 .text.HAL_PCD_DataOutStageCallback
                0x0800a770       0x18 CMakeFiles/kosann_UAVGimbal.elf.dir/USB_DEVICE/Target/usbd_conf.c.obj
                0x0800a770                HAL_PCD_DataOutStageCallback
 .text.HAL_PCD_DataInStageCallback
                0x0800a788       0x16 CMakeFiles/kosann_UAVGimbal.elf.dir/USB_DEVICE/Target/usbd_conf.c.obj
                0x0800a788                HAL_PCD_DataInStageCallback
 .text.HAL_PCD_SOFCallback
                0x0800a79e        0xc CMakeFiles/kosann_UAVGimbal.elf.dir/USB_DEVICE/Target/usbd_conf.c.obj