Archive member included to satisfy reference by file (symbol)

d:/enviro~1/gcc-ar~1/102021~1.10/bin/../lib/gcc/arm-none-eabi/10.3.1/../../../../arm-none-eabi/lib/thumb/v7e-m+fp/hard\libm.a(lib_a-wf_pow.o)
                              CMakeFiles/kosann_UAVGimbal.elf.dir/User/Framework/ADRC/ADRC.cpp.obj (powf)
d:/enviro~1/gcc-ar~1/102021~1.10/bin/../lib/gcc/arm-none-eabi/10.3.1/../../../../arm-none-eabi/lib/thumb/v7e-m+fp/hard\libm.a(lib_a-wf_sqrt.o)
                              CMakeFiles/kosann_UAVGimbal.elf.dir/User/Framework/ADRC/ADRC.cpp.obj (sqrtf)
d:/enviro~1/gcc-ar~1/102021~1.10/bin/../lib/gcc/arm-none-eabi/10.3.1/../../../../arm-none-eabi/lib/thumb/v7e-m+fp/hard\libm.a(lib_a-ef_pow.o)
                              d:/enviro~1/gcc-ar~1/102021~1.10/bin/../lib/gcc/arm-none-eabi/10.3.1/../../../../arm-none-eabi/lib/thumb/v7e-m+fp/hard\libm.a(lib_a-wf_pow.o) (__ieee754_powf)
d:/enviro~1/gcc-ar~1/102021~1.10/bin/../lib/gcc/arm-none-eabi/10.3.1/../../../../arm-none-eabi/lib/thumb/v7e-m+fp/hard\libm.a(lib_a-ef_sqrt.o)
                              d:/enviro~1/gcc-ar~1/102021~1.10/bin/../lib/gcc/arm-none-eabi/10.3.1/../../../../arm-none-eabi/lib/thumb/v7e-m+fp/hard\libm.a(lib_a-wf_sqrt.o) (__ieee754_sqrtf)
d:/enviro~1/gcc-ar~1/102021~1.10/bin/../lib/gcc/arm-none-eabi/10.3.1/../../../../arm-none-eabi/lib/thumb/v7e-m+fp/hard\libm.a(lib_a-math_errf.o)
                              d:/enviro~1/gcc-ar~1/102021~1.10/bin/../lib/gcc/arm-none-eabi/10.3.1/../../../../arm-none-eabi/lib/thumb/v7e-m+fp/hard\libm.a(lib_a-ef_pow.o) (__math_uflowf)
d:/enviro~1/gcc-ar~1/102021~1.10/bin/../lib/gcc/arm-none-eabi/10.3.1/../../../../arm-none-eabi/lib/thumb/v7e-m+fp/hard\libm.a(lib_a-sf_fabs.o)
                              d:/enviro~1/gcc-ar~1/102021~1.10/bin/../lib/gcc/arm-none-eabi/10.3.1/../../../../arm-none-eabi/lib/thumb/v7e-m+fp/hard\libm.a(lib_a-ef_pow.o) (fabsf)
d:/enviro~1/gcc-ar~1/102021~1.10/bin/../lib/gcc/arm-none-eabi/10.3.1/../../../../arm-none-eabi/lib/thumb/v7e-m+fp/hard\libm.a(lib_a-sf_finite.o)
                              d:/enviro~1/gcc-ar~1/102021~1.10/bin/../lib/gcc/arm-none-eabi/10.3.1/../../../../arm-none-eabi/lib/thumb/v7e-m+fp/hard\libm.a(lib_a-wf_pow.o) (finitef)
d:/enviro~1/gcc-ar~1/102021~1.10/bin/../lib/gcc/arm-none-eabi/10.3.1/../../../../arm-none-eabi/lib/thumb/v7e-m+fp/hard\libm.a(lib_a-sf_scalbn.o)
                              d:/enviro~1/gcc-ar~1/102021~1.10/bin/../lib/gcc/arm-none-eabi/10.3.1/../../../../arm-none-eabi/lib/thumb/v7e-m+fp/hard\libm.a(lib_a-ef_pow.o) (scalbnf)
d:/enviro~1/gcc-ar~1/102021~1.10/bin/../lib/gcc/arm-none-eabi/10.3.1/thumb/v7e-m+fp/hard\libgcc.a(_arm_muldf3.o)
                              CMakeFiles/kosann_UAVGimbal.elf.dir/User/Framework/ADRC/ADRC.cpp.obj (__aeabi_dmul)
d:/enviro~1/gcc-ar~1/102021~1.10/bin/../lib/gcc/arm-none-eabi/10.3.1/thumb/v7e-m+fp/hard\libgcc.a(_arm_addsubdf3.o)
                              CMakeFiles/kosann_UAVGimbal.elf.dir/User/Framework/RGB/lrgb.cpp.obj (__aeabi_dsub)
d:/enviro~1/gcc-ar~1/102021~1.10/bin/../lib/gcc/arm-none-eabi/10.3.1/thumb/v7e-m+fp/hard\libgcc.a(_arm_muldivdf3.o)
                              CMakeFiles/kosann_UAVGimbal.elf.dir/User/Framework/RGB/lrgb.cpp.obj (__aeabi_ddiv)
d:/enviro~1/gcc-ar~1/102021~1.10/bin/../lib/gcc/arm-none-eabi/10.3.1/thumb/v7e-m+fp/hard\libgcc.a(_arm_fixunsdfsi.o)
                              CMakeFiles/kosann_UAVGimbal.elf.dir/User/Framework/RGB/lrgb.cpp.obj (__aeabi_d2uiz)
d:/enviro~1/gcc-ar~1/102021~1.10/bin/../lib/gcc/arm-none-eabi/10.3.1/thumb/v7e-m+fp/hard\libgcc.a(_arm_truncdfsf2.o)
                              CMakeFiles/kosann_UAVGimbal.elf.dir/User/Framework/ADRC/ADRC.cpp.obj (__aeabi_d2f)
d:/enviro~1/gcc-ar~1/102021~1.10/bin/../lib/gcc/arm-none-eabi/10.3.1/thumb/v7e-m+fp/hard\libgcc.a(_aeabi_uldivmod.o)
                              CMakeFiles/kosann_UAVGimbal.elf.dir/Drivers/STM32F4xx_HAL_Driver/Src/stm32f4xx_hal_rcc.c.obj (__aeabi_uldivmod)
d:/enviro~1/gcc-ar~1/102021~1.10/bin/../lib/gcc/arm-none-eabi/10.3.1/thumb/v7e-m+fp/hard\libgcc.a(_udivmoddi4.o)
                              d:/enviro~1/gcc-ar~1/102021~1.10/bin/../lib/gcc/arm-none-eabi/10.3.1/thumb/v7e-m+fp/hard\libgcc.a(_aeabi_uldivmod.o) (__udivmoddi4)
d:/enviro~1/gcc-ar~1/102021~1.10/bin/../lib/gcc/arm-none-eabi/10.3.1/thumb/v7e-m+fp/hard\libgcc.a(unwind-arm.o)
                              CMakeFiles/kosann_UAVGimbal.elf.dir/User/Framework/Debug/DebugC.cpp.obj (__aeabi_unwind_cpp_pr0)
d:/enviro~1/gcc-ar~1/102021~1.10/bin/../lib/gcc/arm-none-eabi/10.3.1/thumb/v7e-m+fp/hard\libgcc.a(libunwind.o)
                              d:/enviro~1/gcc-ar~1/102021~1.10/bin/../lib/gcc/arm-none-eabi/10.3.1/thumb/v7e-m+fp/hard\libgcc.a(unwind-arm.o) (restore_core_regs)
d:/enviro~1/gcc-ar~1/102021~1.10/bin/../lib/gcc/arm-none-eabi/10.3.1/thumb/v7e-m+fp/hard\libgcc.a(pr-support.o)
[...]
Memory Configuration

Name             Origin             Length             Attributes
CCMRAM           0x10000000         0x00010000         xrw
RAM              0x20000000         0x00020000         xrw
FLASH            0x08000000         0x00100000         xr
*default*        0x00000000         0xffffffff

Linker script and memory map

LOAD d:/enviro~1/gcc-ar~1/102021~1.10/bin/../lib/gcc/arm-none-eabi/10.3.1/thumb/v7e-m+fp/hard/crti.o
LOAD d:/enviro~1/gcc-ar~1/102021~1.10/bin/../lib/gcc/arm-none-eabi/10.3.1/thumb/v7e-m+fp/hard/crtbegin.o
LOAD d:/enviro~1/gcc-ar~1/102021~1.10/bin/../lib/gcc/arm-none-eabi/10.3.1/../../../../arm-none-eabi/lib/thumb/v7e-m+fp/hard/crt0.o
LOAD CMakeFiles/kosann_UAVGimbal.elf.dir/Core/Src/can.c.obj
LOAD CMakeFiles/kosann_UAVGimbal.elf.dir/Core/Src/dma.c.obj
LOAD CMakeFiles/kosann_UAVGimbal.elf.dir/Core/Src/freertos.c.obj
LOAD CMakeFiles/kosann_UAVGimbal.elf.dir/Core/Src/gpio.c.obj
LOAD CMakeFiles/kosann_UAVGimbal.elf.dir/Core/Src/i2c.c.obj
LOAD CMakeFiles/kosann_UAVGimbal.elf.dir/Core/Src/iwdg.c.obj
LOAD CMakeFiles/kosann_UAVGimbal.elf.dir/Core/Src/main.c.obj
LOAD CMakeFiles/kosann_UAVGimbal.elf.dir/Core/Src/mainpp.cpp.obj
LOAD CMakeFiles/kosann_UAVGimbal.elf.dir/Core/Src/spi.c.obj
LOAD CMakeFiles/kosann_UAVGimbal.elf.dir/Core/Src/stm32f4xx_hal_msp.c.obj
LOAD CMakeFiles/kosann_UAVGimbal.elf.dir/Core/Src/stm32f4xx_hal_timebase_tim.c.obj
LOAD CMakeFiles/kosann_UAVGimbal.elf.dir/Core/Src/stm32f4xx_it.c.obj
LOAD CMakeFiles/kosann_UAVGimbal.elf.dir/Core/Src/syscalls.c.obj
LOAD CMakeFiles/kosann_UAVGimbal.elf.dir/Core/Src/sysmem.c.obj
LOAD CMakeFiles/kosann_UAVGimbal.elf.dir/Core/Src/system_stm32f4xx.c.obj
LOAD CMakeFiles/kosann_UAVGimbal.elf.dir/Core/Src/tim.c.obj
LOAD CMakeFiles/kosann_UAVGimbal.elf.dir/Core/Src/usart.c.obj
LOAD CMakeFiles/kosann_UAVGimbal.elf.dir/Core/Startup/startup_stm32f407ighx.s.obj
LOAD CMakeFiles/kosann_UAVGimbal.elf.dir/Drivers/STM32F4xx_HAL_Driver/Src/stm32f4xx_hal.c.obj
LOAD CMakeFiles/kosann_UAVGimbal.elf.dir/Drivers/STM32F4xx_HAL_Driver/Src/stm32f4xx_hal_can.c.obj
LOAD CMakeFiles/kosann_UAVGimbal.elf.dir/Drivers/STM32F4xx_HAL_Driver/Src/stm32f4xx_hal_cortex.c.obj
LOAD CMakeFiles/kosann_UAVGimbal.elf.dir/Drivers/STM32F4xx_HAL_Driver/Src/stm32f4xx_hal_dma.c.obj
LOAD CMakeFiles/kosann_UAVGimbal.elf.dir/Drivers/STM32F4xx_HAL_Driver/Src/stm32f4xx_hal_dma_ex.c.obj
LOAD CMakeFiles/kosann_UAVGimbal.elf.dir/Drivers/STM32F4xx_HAL_Driver/Src/stm32f4xx_hal_exti.c.obj
LOAD CMakeFiles/kosann_UAVGimbal.elf.dir/Drivers/STM32F4xx_HAL_Driver/Src/stm32f4xx_hal_flash.c.obj
LOAD CMakeFiles/kosann_UAVGimbal.elf.dir/Drivers/STM32F4xx_HAL_Driver/Src/stm32f4xx_hal_flash_ex.c.obj
LOAD CMakeFiles/kosann_UAVGimbal.elf.dir/Drivers/STM32F4xx_HAL_Driver/Src/stm32f4xx_hal_flash_ramfunc.c.obj
LOAD CMakeFiles/kosann_UAVGimbal.elf.dir/Drivers/STM32F4xx_HAL_Driver/Src/stm32f4xx_hal_gpio.c.obj
LOAD CMakeFiles/kosann_UAVGimbal.elf.dir/Drivers/STM32F4xx_HAL_Driver/Src/stm32f4xx_hal_i2c.c.obj
LOAD CMakeFiles/kosann_UAVGimbal.elf.dir/Drivers/STM32F4xx_HAL_Driver/Src/stm32f4xx_hal_i2c_ex.c.obj
LOAD CMakeFiles/kosann_UAVGimbal.elf.dir/Drivers/STM32F4xx_HAL_Driver/Src/stm32f4xx_hal_iwdg.c.obj
LOAD CMakeFiles/kosann_UAVGimbal.elf.dir/Drivers/STM32F4xx_HAL_Driver/Src/stm32f4xx_hal_pcd.c.obj
LOAD CMakeFiles/kosann_UAVGimbal.elf.dir/Drivers/STM32F4xx_HAL_Driver/Src/stm32f4xx_hal_pcd_ex.c.obj
LOAD CMakeFiles/kosann_UAVGimbal.elf.dir/Drivers/STM32F4xx_HAL_Driver/Src/stm32f4xx_hal_pwr.c.obj
LOAD CMakeFiles/kosann_UAVGimbal.elf.dir/Drivers/STM32F4xx_HAL_Driver/Src/stm32f4xx_hal_pwr_ex.c.obj
LOAD CMakeFiles/kosann_UAVGimbal.elf.dir/Drivers/STM32F4xx_HAL_Driver/Src/stm32f4xx_hal_rcc.c.obj
LOAD CMakeFiles/kosann_UAVGimbal.elf.dir/Drivers/STM32F4xx_HAL_Driver/Src/stm32f4xx_hal_rcc_ex.c.obj
LOAD CMakeFiles/kosann_UAVGimbal.elf.dir/Drivers/STM32F4xx_HAL_Driver/Src/stm32f4xx_hal_spi.c.obj
LOAD CMakeFiles/kosann_UAVGimbal.elf.dir/Drivers/STM32F4xx_HAL_Driver/Src/stm32f4xx_hal_tim.c.obj
LOAD CMakeFiles/kosann_UAVGimbal.elf.dir/Drivers/STM32F4xx_HAL_Driver/Src/stm32f4xx_hal_tim_ex.c.obj
LOAD CMakeFiles/kosann_UAVGimbal.elf.dir/Drivers/STM32F4xx_HAL_Driver/Src/stm32f4xx_hal_uart.c.obj
LOAD CMakeFiles/kosann_UAVGimbal.elf.dir/Drivers/STM32F4xx_HAL_Driver/Src/stm32f4xx_ll_usb.c.obj
LOAD CMakeFiles/kosann_UAVGimbal.elf.dir/FATFS/App/fatfs.c.obj
LOAD CMakeFiles/kosann_UAVGimbal.elf.dir/FATFS/Target/user_diskio.c.obj
LOAD CMakeFiles/kosann_UAVGimbal.elf.dir/Middlewares/ST/STM32_USB_Device_Library/Class/CDC/Src/usbd_cdc.c.obj
LOAD CMakeFiles/kosann_UAVGimbal.elf.dir/Middlewares/ST/STM32_USB_Device_Library/Core/Src/usbd_core.c.obj
LOAD CMakeFiles/kosann_UAVGimbal.elf.dir/Middlewares/ST/STM32_USB_Device_Library/Core/Src/usbd_ctlreq.c.obj
LOAD CMakeFiles/kosann_UAVGimbal.elf.dir/Middlewares/ST/STM32_USB_Device_Library/Core/Src/usbd_ioreq.c.obj
LOAD CMakeFiles/kosann_UAVGimbal.elf.dir/Middlewares/Third_Party/FatFs/src/diskio.c.obj
LOAD CMakeFiles/kosann_UAVGimbal.elf.dir/Middlewares/Third_Party/FatFs/src/ff.c.obj
LOAD CMakeFiles/kosann_UAVGimbal.elf.dir/Middlewares/Third_Party/FatFs/src/ff_gen_drv.c.obj
LOAD CMakeFiles/kosann_UAVGimbal.elf.dir/Middlewares/Third_Party/FatFs/src/option/syscall.c.obj
LOAD CMakeFiles/kosann_UAVGimbal.elf.dir/Middlewares/Third_Party/FreeRTOS/Source/CMSIS_RTOS/cmsis_os.c.obj
LOAD CMakeFiles/kosann_UAVGimbal.elf.dir/Middlewares/Third_Party/FreeRTOS/Source/croutine.c.obj
LOAD CMakeFiles/kosann_UAVGimbal.elf.dir/Middlewares/Third_Party/FreeRTOS/Source/event_groups.c.obj
LOAD CMakeFiles/kosann_UAVGimbal.elf.dir/Middlewares/Third_Party/FreeRTOS/Source/list.c.obj
LOAD CMakeFiles/kosann_UAVGimbal.elf.dir/Middlewares/Third_Party/FreeRTOS/Source/portable/GCC/ARM_CM4F/port.c.obj
LOAD CMakeFiles/kosann_UAVGimbal.elf.dir/Middlewares/Third_Party/FreeRTOS/Source/portable/MemMang/heap_4.c.obj
LOAD CMakeFiles/kosann_UAVGimbal.elf.dir/Middlewares/Third_Party/FreeRTOS/Source/queue.c.obj
LOAD CMakeFiles/kosann_UAVGimbal.elf.dir/Middlewares/Third_Party/FreeRTOS/Source/stream_buffer.c.obj
LOAD CMakeFiles/kosann_UAVGimbal.elf.dir/Middlewares/Third_Party/FreeRTOS/Source/tasks.c.obj
LOAD CMakeFiles/kosann_UAVGimbal.elf.dir/Middlewares/Third_Party/FreeRTOS/Source/timers.c.obj
LOAD CMakeFiles/kosann_UAVGimbal.elf.dir/USB_DEVICE/App/usb_device.c.obj
LOAD CMakeFiles/kosann_UAVGimbal.elf.dir/USB_DEVICE/App/usbd_cdc_if.c.obj
LOAD CMakeFiles/kosann_UAVGimbal.elf.dir/USB_DEVICE/App/usbd_desc.c.obj
LOAD CMakeFiles/kosann_UAVGimbal.elf.dir/USB_DEVICE/Target/usbd_conf.c.obj
LOAD CMakeFiles/kosann_UAVGimbal.elf.dir/User/Framework/ADRC/ADRC.cpp.obj
LOAD CMakeFiles/kosann_UAVGimbal.elf.dir/User/Framework/Debug/DebugC.cpp.obj
LOAD CMakeFiles/kosann_UAVGimbal.elf.dir/User/Framework/Filters/filter.cpp.obj
LOAD CMakeFiles/kosann_UAVGimbal.elf.dir/User/Framework/Filters/kalman.cpp.obj
LOAD CMakeFiles/kosann_UAVGimbal.elf.dir/User/Framework/Gimbal/gimbalc.cpp.obj
LOAD CMakeFiles/kosann_UAVGimbal.elf.dir/User/Framework/IMU/IMUC.cpp.obj
LOAD CMakeFiles/kosann_UAVGimbal.elf.dir/User/Framework/IWDG/iwdgC.cpp.obj
LOAD CMakeFiles/kosann_UAVGimbal.elf.dir/User/Framework/LED/LEDC.cpp.obj
LOAD CMakeFiles/kosann_UAVGimbal.elf.dir/User/Framework/PID/pidC.cpp.obj
LOAD CMakeFiles/kosann_UAVGimbal.elf.dir/User/Framework/RGB/lrgb.cpp.obj
LOAD CMakeFiles/kosann_UAVGimbal.elf.dir/User/Framework/RomteC/RemoteC.cpp.obj
LOAD CMakeFiles/kosann_UAVGimbal.elf.dir/User/LOG/log.c.obj
LOAD CMakeFiles/kosann_UAVGimbal.elf.dir/User/LOG/log_port.c.obj
LOAD CMakeFiles/kosann_UAVGimbal.elf.dir/User/MCUDriver/CAN/bsp_can.cpp.obj
LOAD CMakeFiles/kosann_UAVGimbal.elf.dir/User/MCUDriver/LASER/laser.cpp.obj
LOAD CMakeFiles/kosann_UAVGimbal.elf.dir/User/MCUDriver/LED/ledio.cpp.obj
LOAD CMakeFiles/kosann_UAVGimbal.elf.dir/User/MCUDriver/POWER/power.cpp.obj
LOAD CMakeFiles/kosann_UAVGimbal.elf.dir/User/MCUDriver/REMOTEC/remoteio.cpp.obj
LOAD CMakeFiles/kosann_UAVGimbal.elf.dir/User/MCUDriver/SERVO/servo.cpp.obj
LOAD CMakeFiles/kosann_UAVGimbal.elf.dir/User/Tasks/GimbalTask.cpp.obj
LOAD CMakeFiles/kosann_UAVGimbal.elf.dir/User/class.cpp.obj
LOAD d:/enviro~1/gcc-ar~1/102021~1.10/bin/../lib/gcc/arm-none-eabi/10.3.1/../../../../arm-none-eabi/lib/thumb/v7e-m+fp/hard\libstdc++.a
LOAD d:/enviro~1/gcc-ar~1/102021~1.10/bin/../lib/gcc/arm-none-eabi/10.3.1/../../../../arm-none-eabi/lib/thumb/v7e-m+fp/hard\libm.a
START GROUP
LOAD d:/enviro~1/gcc-ar~1/102021~1.10/bin/../lib/gcc/arm-none-eabi/10.3.1/thumb/v7e-m+fp/hard\libgcc.a
LOAD d:/enviro~1/gcc-ar~1/102021~1.10/bin/../lib/gcc/arm-none-eabi/10.3.1/../../../../arm-none-eabi/lib/thumb/v7e-m+fp/hard\libg.a
LOAD d:/enviro~1/gcc-ar~1/102021~1.10/bin/../lib/gcc/arm-none-eabi/10.3.1/../../../../arm-none-eabi/lib/thumb/v7e-m+fp/hard\libc.a
END GROUP
LOAD d:/enviro~1/gcc-ar~1/102021~1.10/bin/../lib/gcc/arm-none-eabi/10.3.1/thumb/v7e-m+fp/hard/crtend.o
LOAD d:/enviro~1/gcc-ar~1/102021~1.10/bin/../lib/gcc/arm-none-eabi/10.3.1/thumb/v7e-m+fp/hard/crtn.o
                0x20020000                _estack = (ORIGIN (RAM) + LENGTH (RAM))
                0x00000200                _Min_Heap_Size = 0x200
                0x00000400                _Min_Stack_Size = 0x400

.isr_vector     0x08000000      0x188
                0x08000000                . = ALIGN (0x4)
 *(.isr_vector)
 .isr_vector    0x08000000      0x188 CMakeFiles/kosann_UAVGimbal.elf.dir/Core/Startup/startup_stm32f407ighx.s.obj
                0x08000000                g_pfnVectors
                0x08000188                . = ALIGN (0x4)

.text           0x080001c0    0x10384
                0x080001c0                . = ALIGN (0x4)
 *(.text)
 .text          0x080001c0       0x40 d:/enviro~1/gcc-ar~1/102021~1.10/bin/../lib/gcc/arm-none-eabi/10.3.1/thumb/v7e-m+fp/hard/crtbegin.o
 .text          0x08000200      0x378 d:/enviro~1/gcc-ar~1/102021~1.10/bin/../lib/gcc/arm-none-eabi/10.3.1/thumb/v7e-m+fp/hard\libgcc.a(_arm_addsubdf3.o)
                0x08000200                __aeabi_drsub
                0x08000208                __aeabi_dsub
                0x08000208                __subdf3
                0x0800020c                __aeabi_dadd
                0x0800020c                __adddf3
                0x08000484                __floatunsidf
                0x08000484                __aeabi_ui2d
                0x080004a4                __floatsidf
                0x080004a4                __aeabi_i2d
                0x080004c8                __aeabi_f2d
                0x080004c8                __extendsfdf2
                0x0800050c                __floatundidf
                0x0800050c                __aeabi_ul2d
                0x0800051c                __floatdidf
                0x0800051c                __aeabi_l2d
 .text          0x08000578      0x424 d:/enviro~1/gcc-ar~1/102021~1.10/bin/../lib/gcc/arm-none-eabi/10.3.1/thumb/v7e-m+fp/hard\libgcc.a(_arm_muldivdf3.o)
                0x08000578                __aeabi_dmul
                0x08000578                __muldf3
                0x080007cc                __divdf3
                0x080007cc                __aeabi_ddiv
 .text          0x0800099c       0x40 d:/enviro~1/gcc-ar~1/102021~1.10/bin/../lib/gcc/arm-none-eabi/10.3.1/thumb/v7e-m+fp/hard\libgcc.a(_arm_fixunsdfsi.o)
                0x0800099c                __aeabi_d2uiz
                0x0800099c                __fixunsdfsi
 .text          0x080009dc       0xa0 d:/enviro~1/gcc-ar~1/102021~1.10/bin/../lib/gcc/arm-none-eabi/10.3.1/thumb/v7e-m+fp/hard\libgcc.a(_arm_truncdfsf2.o)
                0x080009dc                __truncdfsf2
                0x080009dc                __aeabi_d2f
 .text          0x08000a7c       0x30 d:/enviro~1/gcc-ar~1/102021~1.10/bin/../lib/gcc/arm-none-eabi/10.3.1/thumb/v7e-m+fp/hard\libgcc.a(_aeabi_uldivmod.o)
                0x08000a7c                __aeabi_uldivmod
 .text          0x08000aac      0x2d0 d:/enviro~1/gcc-ar~1/102021~1.10/bin/../lib/gcc/arm-none-eabi/10.3.1/thumb/v7e-m+fp/hard\libgcc.a(_udivmoddi4.o)
                0x08000aac                __udivmoddi4
 .text          0x08000d7c      0x9d8 d:/enviro~1/gcc-ar~1/102021~1.10/bin/../lib/gcc/arm-none-eabi/10.3.1/thumb/v7e-m+fp/hard\libgcc.a(unwind-arm.o)
                0x08001024                _Unwind_GetCFA
                0x08001028                __gnu_Unwind_RaiseException
                0x08001090                __gnu_Unwind_ForcedUnwind
                0x080010a0                __gnu_Unwind_Resume
                0x080010e4                __gnu_Unwind_Resume_or_Rethrow
                0x080010f4                _Unwind_Complete
                0x080010f8                _Unwind_DeleteException
                0x08001104                _Unwind_VRS_Get
                0x08001150                _Unwind_VRS_Set
                0x08001198                __gnu_Unwind_Backtrace
                0x080014c4                __aeabi_unwind_cpp_pr0
                0x080014c8                __aeabi_unwind_cpp_pr1
                0x080014cc                __aeabi_unwind_cpp_pr2
                0x080014d0                _Unwind_VRS_Pop
 .text          0x08001754      0x1ac d:/enviro~1/gcc-ar~1/102021~1.10/bin/../lib/gcc/arm-none-eabi/10.3.1/thumb/v7e-m+fp/hard\libgcc.a(libunwind.o)
                0x08001754                __restore_core_regs
                0x08001754                restore_core_regs
                0x0800176c                __gnu_Unwind_Restore_VFP
                0x08001774                __gnu_Unwind_Save_VFP
                0x0800177c                __gnu_Unwind_Restore_VFP_D
                0x08001784                __gnu_Unwind_Save_VFP_D
                0x0800178c                __gnu_Unwind_Restore_VFP_D_16_to_31
                0x08001794                __gnu_Unwind_Save_VFP_D_16_to_31
                0x0800179c                __gnu_Unwind_Restore_WMMXD
                0x080017e0                __gnu_Unwind_Save_WMMXD
                0x08001824                __gnu_Unwind_Restore_WMMXC
                0x08001838                __gnu_Unwind_Save_WMMXC
                0x0800184c                ___Unwind_RaiseException
                0x0800184c                _Unwind_RaiseException
                0x08001870                _Unwind_Resume
                0x08001870                ___Unwind_Resume
                0x08001894                _Unwind_Resume_or_Rethrow
                0x08001894                ___Unwind_Resume_or_Rethrow
                0x080018b8                _Unwind_ForcedUnwind
                0x080018b8                ___Unwind_ForcedUnwind
                0x080018dc                ___Unwind_Backtrace
                0x080018dc                _Unwind_Backtrace
 .text          0x08001900      0x350 d:/enviro~1/gcc-ar~1/102021~1.10/bin/../lib/gcc/arm-none-eabi/10.3.1/thumb/v7e-m+fp/hard\libgcc.a(pr-support.o)
                0x08001958                __gnu_unwind_execute
                0x08001c04                __gnu_unwind_frame
                0x08001c30                _Unwind_GetRegionStart
                0x08001c3c                _Unwind_GetLanguageSpecificData
 .text          0x08001c50        0x4 d:/enviro~1/gcc-ar~1/102021~1.10/bin/../lib/gcc/arm-none-eabi/10.3.1/thumb/v7e-m+fp/hard\libgcc.a(_dvmd_tls.o)
                0x08001c50                __aeabi_idiv0
                0x08001c50                __aeabi_ldiv0
 .text          0x08001c54      0x134 d:/enviro~1/gcc-ar~1/102021~1.10/bin/../lib/gcc/arm-none-eabi/10.3.1/../../../../arm-none-eabi/lib/thumb/v7e-m+fp/hard\libg.a(lib_a-memcpy.o)
                0x08001c54                memcpy
 *fill*         0x08001d88       0x38 
 .text          0x08001dc0       0xdc d:/enviro~1/gcc-ar~1/102021~1.10/bin/../lib/gcc/arm-none-eabi/10.3.1/../../../../arm-none-eabi/lib/thumb/v7e-m+fp/hard\libg.a(lib_a-strlen.o)
                0x08001dc0                strlen
 *fill*         0x08001e9c        0x4 
 .text          0x08001ea0       0xa0 d:/enviro~1/gcc-ar~1/102021~1.10/bin/../lib/gcc/arm-none-eabi/10.3.1/../../../../arm-none-eabi/lib/thumb/v7e-m+fp/hard\libg.a(lib_a-memchr.o)
                0x08001ea0                memchr
 .text          0x08001f40      0x110 d:/enviro~1/gcc-ar~1/102021~1.10/bin/../lib/gcc/arm-none-eabi/10.3.1/thumb/v7e-m+fp/hard\libgcc.a(_arm_cmpdf2.o)
                0x08001f40                __gtdf2
                0x08001f40                __gedf2
                0x08001f48                __ltdf2
                0x08001f48                __ledf2
                0x08001f50                __nedf2
                0x08001f50                __eqdf2
                0x08001f50                __cmpdf2
                0x08001fcc                __aeabi_cdrcmple
                0x08001fdc                __aeabi_cdcmpeq
                0x08001fdc                __aeabi_cdcmple
                0x08001fec                __aeabi_dcmpeq
                0x08002000                __aeabi_dcmplt
                0x08002014                __aeabi_dcmple
                0x08002028                __aeabi_dcmpge
                0x0800203c                __aeabi_dcmpgt
 .text          0x08002050       0x2c d:/enviro~1/gcc-ar~1/102021~1.10/bin/../lib/gcc/arm-none-eabi/10.3.1/thumb/v7e-m+fp/hard\libgcc.a(_arm_unorddf2.o)
                0x08002050                __unorddf2
                0x08002050                __aeabi_dcmpun
 .text          0x0800207c       0x30 d:/enviro~1/gcc-ar~1/102021~1.10/bin/../lib/gcc/arm-none-eabi/10.3.1/thumb/v7e-m+fp/hard\libgcc.a(_fixdfdi.o)
                0x0800207c                __fixdfdi
                0x0800207c                __aeabi_d2lz
 .text          0x080020ac       0x3c d:/enviro~1/gcc-ar~1/102021~1.10/bin/../lib/gcc/arm-none-eabi/10.3.1/thumb/v7e-m+fp/hard\libgcc.a(_fixunsdfdi.o)
                0x080020ac                __fixunsdfdi
                0x080020ac                __aeabi_d2ulz
 *(.text*)
 .text.MX_CAN1_Init
                0x080020e8       0x40 CMakeFiles/kosann_UAVGimbal.elf.dir/Core/Src/can.c.obj
                0x080020e8                MX_CAN1_Init
 .text.MX_CAN2_Init
                0x08002128       0x40 CMakeFiles/kosann_UAVGimbal.elf.dir/Core/Src/can.c.obj
                0x08002128                MX_CAN2_Init
 .text.HAL_CAN_MspInit
                0x08002168      0x120 CMakeFiles/kosann_UAVGimbal.elf.dir/Core/Src/can.c.obj
                0x08002168                HAL_CAN_MspInit
 .text.MX_DMA_Init
                0x08002288       0x68 CMakeFiles/kosann_UAVGimbal.elf.dir/Core/Src/dma.c.obj
                0x08002288                MX_DMA_Init
 .text.Callback01
                0x080022f0        0x2 CMakeFiles/kosann_UAVGimbal.elf.dir/Core/Src/freertos.c.obj
                0x080022f0                Callback01
 .text.StartDefaultTask
                0x080022f2        0xe CMakeFiles/kosann_UAVGimbal.elf.dir/Core/Src/freertos.c.obj
                0x080022f2                StartDefaultTask
 .text.StartLog_Task
                0x08002300        0xa CMakeFiles/kosann_UAVGimbal.elf.dir/Core/Src/freertos.c.obj
                0x08002300                StartLog_Task
 .text.VisionComTask
                0x0800230a        0xa CMakeFiles/kosann_UAVGimbal.elf.dir/Core/Src/freertos.c.obj
                0x0800230a                VisionComTask
 .text.vApplicationGetIdleTaskMemory
                0x08002314       0x18 CMakeFiles/kosann_UAVGimbal.elf.dir/Core/Src/freertos.c.obj
                0x08002314                vApplicationGetIdleTaskMemory
 .text.vApplicationGetTimerTaskMemory
                0x0800232c       0x18 CMakeFiles/kosann_UAVGimbal.elf.dir/Core/Src/freertos.c.obj
                0x0800232c                vApplicationGetTimerTaskMemory
 .text.MX_FREERTOS_Init
                0x08002344       0xc8 CMakeFiles/kosann_UAVGimbal.elf.dir/Core/Src/freertos.c.obj
                0x08002344                MX_FREERTOS_Init
 .text.MX_GPIO_Init
                0x0800240c      0x164 CMakeFiles/kosann_UAVGimbal.elf.dir/Core/Src/gpio.c.obj
                0x0800240c                MX_GPIO_Init
 .text.MX_I2C3_Init
                0x08002570       0x3c CMakeFiles/kosann_UAVGimbal.elf.dir/Core/Src/i2c.c.obj
                0x08002570                MX_I2C3_Init
 .text.HAL_I2C_MspInit
                0x080025ac       0xa8 CMakeFiles/kosann_UAVGimbal.elf.dir/Core/Src/i2c.c.obj
                0x080025ac                HAL_I2C_MspInit
 .text.MX_IWDG_Init
                0x08002654       0x28 CMakeFiles/kosann_UAVGimbal.elf.dir/Core/Src/iwdg.c.obj
                0x08002654                MX_IWDG_Init
 .text.OS_Init  0x0800267c        0xc CMakeFiles/kosann_UAVGimbal.elf.dir/Core/Src/main.c.obj
                0x0800267c                OS_Init
 .text.HAL_TIM_PeriodElapsedCallback
                0x08002688       0x18 CMakeFiles/kosann_UAVGimbal.elf.dir/Core/Src/main.c.obj
                0x08002688                HAL_TIM_PeriodElapsedCallback
 .text.Error_Handler
                0x080026a0        0x4 CMakeFiles/kosann_UAVGimbal.elf.dir/Core/Src/main.c.obj
                0x080026a0                Error_Handler
 .text.SystemClock_Config
                0x080026a4       0xac CMakeFiles/kosann_UAVGimbal.elf.dir/Core/Src/main.c.obj
                0x080026a4                SystemClock_Config
 .text.main_Init
                0x08002750       0x4c CMakeFiles/kosann_UAVGimbal.elf.dir/Core/Src/main.c.obj
                0x08002750                main_Init
 .text._Z8UserInitv
                0x0800279c       0x30 CMakeFiles/kosann_UAVGimbal.elf.dir/Core/Src/mainpp.cpp.obj
                0x0800279c                UserInit()
 .text.main     0x080027cc       0x14 CMakeFiles/kosann_UAVGimbal.elf.dir/Core/Src/mainpp.cpp.obj
                0x080027cc                main
 .text.MX_SPI1_Init
                0x080027e0       0x48 CMakeFiles/kosann_UAVGimbal.elf.dir/Core/Src/spi.c.obj
                0x080027e0                MX_SPI1_Init
 .text.HAL_SPI_MspInit
                0x08002828       0x98 CMakeFiles/kosann_UAVGimbal.elf.dir/Core/Src/spi.c.obj
                0x08002828                HAL_SPI_MspInit
 .text.HAL_MspInit
                0x080028c0       0x44 CMakeFiles/kosann_UAVGimbal.elf.dir/Core/Src/stm32f4xx_hal_msp.c.obj
                0x080028c0                HAL_MspInit
 .text.HAL_InitTick
                0x08002904       0xa4 CMakeFiles/kosann_UAVGimbal.elf.dir/Core/Src/stm32f4xx_hal_timebase_tim.c.obj
                0x08002904                HAL_InitTick
 .text.NMI_Handler
                0x080029a8        0x2 CMakeFiles/kosann_UAVGimbal.elf.dir/Core/Src/stm32f4xx_it.c.obj
                0x080029a8                NMI_Handler
 .text.HardFault_Handler
                0x080029aa        0x2 CMakeFiles/kosann_UAVGimbal.elf.dir/Core/Src/stm32f4xx_it.c.obj
                0x080029aa                HardFault_Handler
 .text.MemManage_Handler
                0x080029ac        0x2 CMakeFiles/kosann_UAVGimbal.elf.dir/Core/Src/stm32f4xx_it.c.obj
                0x080029ac                MemManage_Handler
 .text.BusFault_Handler
                0x080029ae        0x2 CMakeFiles/kosann_UAVGimbal.elf.dir/Core/Src/stm32f4xx_it.c.obj
                0x080029ae                BusFault_Handler
 .text.UsageFault_Handler
                0x080029b0        0x2 CMakeFiles/kosann_UAVGimbal.elf.dir/Core/Src/stm32f4xx_it.c.obj
                0x080029b0                UsageFault_Handler
 .text.DebugMon_Handler
                0x080029b2        0x2 CMakeFiles/kosann_UAVGimbal.elf.dir/Core/Src/stm32f4xx_it.c.obj
                0x080029b2                DebugMon_Handler
 .text.DMA1_Stream1_IRQHandler
                0x080029b4       0x10 CMakeFiles/kosann_UAVGimbal.elf.dir/Core/Src/stm32f4xx_it.c.obj
                0x080029b4                DMA1_Stream1_IRQHandler
 .text.CAN1_RX0_IRQHandler
                0x080029c4       0x10 CMakeFiles/kosann_UAVGimbal.elf.dir/Core/Src/stm32f4xx_it.c.obj
                0x080029c4                CAN1_RX0_IRQHandler
 .text.USART1_IRQHandler
                0x080029d4       0x18 CMakeFiles/kosann_UAVGimbal.elf.dir/Core/Src/stm32f4xx_it.c.obj
                0x080029d4                USART1_IRQHandler
 .text.TIM6_DAC_IRQHandler
                0x080029ec       0x10 CMakeFiles/kosann_UAVGimbal.elf.dir/Core/Src/stm32f4xx_it.c.obj
                0x080029ec                TIM6_DAC_IRQHandler
 .text.DMA2_Stream2_IRQHandler
                0x080029fc       0x10 CMakeFiles/kosann_UAVGimbal.elf.dir/Core/Src/stm32f4xx_it.c.obj
                0x080029fc                DMA2_Stream2_IRQHandler
 .text.CAN2_RX0_IRQHandler
                0x08002a0c       0x10 CMakeFiles/kosann_UAVGimbal.elf.dir/Core/Src/stm32f4xx_it.c.obj
                0x08002a0c                CAN2_RX0_IRQHandler
 .text.OTG_FS_IRQHandler
                0x08002a1c       0x10 CMakeFiles/kosann_UAVGimbal.elf.dir/Core/Src/stm32f4xx_it.c.obj
                0x08002a1c                OTG_FS_IRQHandler
 .text.DMA2_Stream7_IRQHandler
                0x08002a2c       0x10 CMakeFiles/kosann_UAVGimbal.elf.dir/Core/Src/stm32f4xx_it.c.obj
                0x08002a2c                DMA2_Stream7_IRQHandler
 .text._getpid  0x08002a3c        0x4 CMakeFiles/kosann_UAVGimbal.elf.dir/Core/Src/syscalls.c.obj
                0x08002a3c                _getpid
 .text._kill    0x08002a40       0x10 CMakeFiles/kosann_UAVGimbal.elf.dir/Core/Src/syscalls.c.obj
                0x08002a40                _kill
 .text._exit    0x08002a50        0xc CMakeFiles/kosann_UAVGimbal.elf.dir/Core/Src/syscalls.c.obj
                0x08002a50                _exit
 .text._read    0x08002a5c       0x20 CMakeFiles/kosann_UAVGimbal.elf.dir/Core/Src/syscalls.c.obj
                0x08002a5c                _read
 .text._write   0x08002a7c       0x1c CMakeFiles/kosann_UAVGimbal.elf.dir/Core/Src/syscalls.c.obj
                0x08002a7c                _write
 .text._close   0x08002a98        0x6 CMakeFiles/kosann_UAVGimbal.elf.dir/Core/Src/syscalls.c.obj
                0x08002a98                _close
 .text._fstat   0x08002a9e        0xa CMakeFiles/kosann_UAVGimbal.elf.dir/Core/Src/syscalls.c.obj
                0x08002a9e                _fstat
 .text._isatty  0x08002aa8        0x4 CMakeFiles/kosann_UAVGimbal.elf.dir/Core/Src/syscalls.c.obj
                0x08002aa8                _isatty
 .text._lseek   0x08002aac        0x4 CMakeFiles/kosann_UAVGimbal.elf.dir/Core/Src/syscalls.c.obj
                0x08002aac                _lseek
 .text._sbrk    0x08002ab0       0x48 CMakeFiles/kosann_UAVGimbal.elf.dir/Core/Src/sysmem.c.obj
                0x08002ab0                _sbrk
 .text.SystemInit
                0x08002af8       0x14 CMakeFiles/kosann_UAVGimbal.elf.dir/Core/Src/system_stm32f4xx.c.obj
                0x08002af8                SystemInit
 .text.HAL_TIM_PWM_MspInit
                0x08002b0c       0x78 CMakeFiles/kosann_UAVGimbal.elf.dir/Core/Src/tim.c.obj
                0x08002b0c                HAL_TIM_PWM_MspInit
 .text.HAL_TIM_Base_MspInit
                0x08002b84       0x54 CMakeFiles/kosann_UAVGimbal.elf.dir/Core/Src/tim.c.obj
                0x08002b84                HAL_TIM_Base_MspInit
 .text.HAL_TIM_MspPostInit
                0x08002bd8      0x138 CMakeFiles/kosann_UAVGimbal.elf.dir/Core/Src/tim.c.obj
                0x08002bd8                HAL_TIM_MspPostInit
 .text.MX_TIM1_Init
                0x08002d10       0xf4 CMakeFiles/kosann_UAVGimbal.elf.dir/Core/Src/tim.c.obj
                0x08002d10                MX_TIM1_Init
 .text.MX_TIM5_Init
                0x08002e04       0xa4 CMakeFiles/kosann_UAVGimbal.elf.dir/Core/Src/tim.c.obj
                0x08002e04                MX_TIM5_Init
 .text.MX_TIM8_Init
                0x08002ea8       0xe0 CMakeFiles/kosann_UAVGimbal.elf.dir/Core/Src/tim.c.obj
                0x08002ea8                MX_TIM8_Init
 .text.MX_TIM10_Init
                0x08002f88       0x74 CMakeFiles/kosann_UAVGimbal.elf.dir/Core/Src/tim.c.obj
                0x08002f88                MX_TIM10_Init
 .text.MX_USART1_UART_Init
                0x08002ffc       0x34 CMakeFiles/kosann_UAVGimbal.elf.dir/Core/Src/usart.c.obj
                0x08002ffc                MX_USART1_UART_Init
 .text.MX_USART3_UART_Init
                0x08003030       0x38 CMakeFiles/kosann_UAVGimbal.elf.dir/Core/Src/usart.c.obj
                0x08003030                MX_USART3_UART_Init
 .text.HAL_UART_MspInit
                0x08003068      0x1d4 CMakeFiles/kosann_UAVGimbal.elf.dir/Core/Src/usart.c.obj
                0x08003068                HAL_UART_MspInit
 .text.Reset_Handler
                0x0800323c       0x50 CMakeFiles/kosann_UAVGimbal.elf.dir/Core/Startup/startup_stm32f407ighx.s.obj
                0x0800323c                Reset_Handler
 .text.Default_Handler
                0x0800328c        0x2 CMakeFiles/kosann_UAVGimbal.elf.dir/Core/Startup/startup_stm32f407ighx.s.obj
                0x0800328c                RTC_Alarm_IRQHandler
                0x0800328c                HASH_RNG_IRQHandler
                0x0800328c                EXTI2_IRQHandler
                0x0800328c                TIM8_CC_IRQHandler
                0x0800328c                TIM1_CC_IRQHandler
                0x0800328c                DMA2_Stream5_IRQHandler
                0x0800328c                DMA1_Stream5_IRQHandler
                0x0800328c                PVD_IRQHandler
                0x0800328c                SDIO_IRQHandler
                0x0800328c                TAMP_STAMP_IRQHandler
                0x0800328c                CAN2_RX1_IRQHandler
                0x0800328c                EXTI3_IRQHandler
                0x0800328c                TIM8_TRG_COM_TIM14_IRQHandler
                0x0800328c                TIM1_UP_TIM10_IRQHandler
                0x0800328c                TIM8_UP_TIM13_IRQHandler
                0x0800328c                I2C3_ER_IRQHandler
                0x0800328c                EXTI0_IRQHandler
                0x0800328c                I2C2_EV_IRQHandler
                0x0800328c                DMA1_Stream2_IRQHandler
                0x0800328c                FPU_IRQHandler
                0x0800328c                OTG_HS_WKUP_IRQHandler
                0x0800328c                CAN2_SCE_IRQHandler
                0x0800328c                SPI1_IRQHandler
                0x0800328c                TIM1_BRK_TIM9_IRQHandler
                0x0800328c                DCMI_IRQHandler
                0x0800328c                DMA2_Stream3_IRQHandler
                0x0800328c                USART6_IRQHandler
                0x0800328c                USART3_IRQHandler
                0x0800328c                CAN1_RX1_IRQHandler
                0x0800328c                UART5_IRQHandler
                0x0800328c                DMA2_Stream0_IRQHandler
                0x0800328c                TIM4_IRQHandler
                0x0800328c                I2C1_EV_IRQHandler
                0x0800328c                DMA1_Stream6_IRQHandler
                0x0800328c                UART4_IRQHandler
                0x0800328c                TIM3_IRQHandler
                0x0800328c                RCC_IRQHandler
                0x0800328c                TIM8_BRK_TIM12_IRQHandler
                0x0800328c                Default_Handler
                0x0800328c                EXTI15_10_IRQHandler
                0x0800328c                ADC_IRQHandler
                0x0800328c                DMA1_Stream7_IRQHandler
                0x0800328c                TIM7_IRQHandler
                0x0800328c                CAN2_TX_IRQHandler
                0x0800328c                TIM5_IRQHandler
                0x0800328c                I2C3_EV_IRQHandler
                0x0800328c                EXTI9_5_IRQHandler
                0x0800328c                RTC_WKUP_IRQHandler
                0x0800328c                ETH_WKUP_IRQHandler
                0x0800328c                SPI2_IRQHandler
                0x0800328c                OTG_HS_EP1_IN_IRQHandler
                0x0800328c                DMA1_Stream0_IRQHandler
                0x0800328c                CAN1_TX_IRQHandler
                0x0800328c                EXTI4_IRQHandler
                0x0800328c                FSMC_IRQHandler
                0x0800328c                ETH_IRQHandler
                0x0800328c                OTG_HS_EP1_OUT_IRQHandler
                0x0800328c                WWDG_IRQHandler
                0x0800328c                TIM2_IRQHandler
                0x0800328c                OTG_FS_WKUP_IRQHandler
                0x0800328c                TIM1_TRG_COM_TIM11_IRQHandler
                0x0800328c                OTG_HS_IRQHandler
                0x0800328c                EXTI1_IRQHandler
                0x0800328c                USART2_IRQHandler
                0x0800328c                I2C2_ER_IRQHandler
                0x0800328c                DMA2_Stream1_IRQHandler
                0x0800328c                CAN1_SCE_IRQHandler
                0x0800328c                FLASH_IRQHandler
                0x0800328c                DMA2_Stream4_IRQHandler
                0x0800328c                SPI3_IRQHandler
                0x0800328c                DMA1_Stream4_IRQHandler
                0x0800328c                I2C1_ER_IRQHandler
                0x0800328c                DMA2_Stream6_IRQHandler
                0x0800328c                DMA1_Stream3_IRQHandler
 *fill*         0x0800328e        0x2 
 .text.HAL_Init
                0x08003290       0x34 CMakeFiles/kosann_UAVGimbal.elf.dir/Drivers/STM32F4xx_HAL_Driver/Src/stm32f4xx_hal.c.obj
                0x08003290                HAL_Init
 .text.HAL_IncTick
                0x080032c4       0x18 CMakeFiles/kosann_UAVGimbal.elf.dir/Drivers/STM32F4xx_HAL_Driver/Src/stm32f4xx_hal.c.obj
                0x080032c4                HAL_IncTick
 .text.HAL_GetTick
                0x080032dc        0xc CMakeFiles/kosann_UAVGimbal.elf.dir/Drivers/STM32F4xx_HAL_Driver/Src/stm32f4xx_hal.c.obj
                0x080032dc                HAL_GetTick
 .text.HAL_Delay
                0x080032e8       0x28 CMakeFiles/kosann_UAVGimbal.elf.dir/Drivers/STM32F4xx_HAL_Driver/Src/stm32f4xx_hal.c.obj
                0x080032e8                HAL_Delay
 .text.HAL_CAN_Init
                0x08003310      0x14c CMakeFiles/kosann_UAVGimbal.elf.dir/Drivers/STM32F4xx_HAL_Driver/Src/stm32f4xx_hal_can.c.obj
                0x08003310                HAL_CAN_Init
 .text.HAL_CAN_ConfigFilter
                0x0800345c      0x138 CMakeFiles/kosann_UAVGimbal.elf.dir/Drivers/STM32F4xx_HAL_Driver/Src/stm32f4xx_hal_can.c.obj
                0x0800345c                HAL_CAN_ConfigFilter
 .text.HAL_CAN_Start
                0x08003594       0x5c CMakeFiles/kosann_UAVGimbal.elf.dir/Drivers/STM32F4xx_HAL_Driver/Src/stm32f4xx_hal_can.c.obj
                0x08003594                HAL_CAN_Start
 .text.HAL_CAN_AddTxMessage
                0x080035f0       0xfc CMakeFiles/kosann_UAVGimbal.elf.dir/Drivers/STM32F4xx_HAL_Driver/Src/stm32f4xx_hal_can.c.obj
                0x080035f0                HAL_CAN_AddTxMessage
 .text.HAL_CAN_GetRxMessage
                0x080036ec      0x14a CMakeFiles/kosann_UAVGimbal.elf.dir/Drivers/STM32F4xx_HAL_Driver/Src/stm32f4xx_hal_can.c.obj
                0x080036ec                HAL_CAN_GetRxMessage
 .text.HAL_CAN_ActivateNotification
                0x08003836       0x24 CMakeFiles/kosann_UAVGimbal.elf.dir/Drivers/STM32F4xx_HAL_Driver/Src/stm32f4xx_hal_can.c.obj
                0x08003836                HAL_CAN_ActivateNotification
 .text.HAL_CAN_TxMailbox0CompleteCallback
                0x0800385a        0x2 CMakeFiles/kosann_UAVGimbal.elf.dir/Drivers/STM32F4xx_HAL_Driver/Src/stm32f4xx_hal_can.c.obj
                0x0800385a                HAL_CAN_TxMailbox0CompleteCallback
 .text.HAL_CAN_TxMailbox1CompleteCallback
                0x0800385c        0x2 CMakeFiles/kosann_UAVGimbal.elf.dir/Drivers/STM32F4xx_HAL_Driver/Src/stm32f4xx_hal_can.c.obj
                0x0800385c                HAL_CAN_TxMailbox1CompleteCallback
 .text.HAL_CAN_TxMailbox2CompleteCallback
                0x0800385e        0x2 CMakeFiles/kosann_UAVGimbal.elf.dir/Drivers/STM32F4xx_HAL_Driver/Src/stm32f4xx_hal_can.c.obj
                0x0800385e                HAL_CAN_TxMailbox2CompleteCallback
 .text.HAL_CAN_TxMailbox0AbortCallback
                0x08003860        0x2 CMakeFiles/kosann_UAVGimbal.elf.dir/Drivers/STM32F4xx_HAL_Driver/Src/stm32f4xx_hal_can.c.obj
                0x08003860                HAL_CAN_TxMailbox0AbortCallback
 .text.HAL_CAN_TxMailbox1AbortCallback
                0x08003862        0x2 CMakeFiles/kosann_UAVGimbal.elf.dir/Drivers/STM32F4xx_HAL_Driver/Src/stm32f4xx_hal_can.c.obj
                0x08003862                HAL_CAN_TxMailbox1AbortCallback
 .text.HAL_CAN_TxMailbox2AbortCallback
                0x08003864        0x2 CMakeFiles/kosann_UAVGimbal.elf.dir/Drivers/STM32F4xx_HAL_Driver/Src/stm32f4xx_hal_can.c.obj
                0x08003864                HAL_CAN_TxMailbox2AbortCallback
 .text.HAL_CAN_RxFifo0FullCallback
                0x08003866        0x2 CMakeFiles/kosann_UAVGimbal.elf.dir/Drivers/STM32F4xx_HAL_Driver/Src/stm32f4xx_hal_can.c.obj
                0x08003866                HAL_CAN_RxFifo0FullCallback
 .text.HAL_CAN_RxFifo1MsgPendingCallback
                0x08003868        0x2 CMakeFiles/kosann_UAVGimbal.elf.dir/Drivers/STM32F4xx_HAL_Driver/Src/stm32f4xx_hal_can.c.obj
                0x08003868                HAL_CAN_RxFifo1MsgPendingCallback
 .text.HAL_CAN_RxFifo1FullCallback
                0x0800386a        0x2 CMakeFiles/kosann_UAVGimbal.elf.dir/Drivers/STM32F4xx_HAL_Driver/Src/stm32f4xx_hal_can.c.obj
                0x0800386a                HAL_CAN_RxFifo1FullCallback
 .text.HAL_CAN_SleepCallback
                0x0800386c        0x2 CMakeFiles/kosann_UAVGimbal.elf.dir/Drivers/STM32F4xx_HAL_Driver/Src/stm32f4xx_hal_can.c.obj
                0x0800386c                HAL_CAN_SleepCallback
 .text.HAL_CAN_WakeUpFromRxMsgCallback
                0x0800386e        0x2 CMakeFiles/kosann_UAVGimbal.elf.dir/Drivers/STM32F4xx_HAL_Driver/Src/stm32f4xx_hal_can.c.obj
                0x0800386e                HAL_CAN_WakeUpFromRxMsgCallback
 .text.HAL_CAN_ErrorCallback
                0x08003870        0x2 CMakeFiles/kosann_UAVGimbal.elf.dir/Drivers/STM32F4xx_HAL_Driver/Src/stm32f4xx_hal_can.c.obj
                0x08003870                HAL_CAN_ErrorCallback
 .text.HAL_CAN_IRQHandler
                0x08003872      0x24a CMakeFiles/kosann_UAVGimbal.elf.dir/Drivers/STM32F4xx_HAL_Driver/Src/stm32f4xx_hal_can.c.obj
                0x08003872                HAL_CAN_IRQHandler
 .text.HAL_NVIC_SetPriorityGrouping
                0x08003abc       0x24 CMakeFiles/kosann_UAVGimbal.elf.dir/Drivers/STM32F4xx_HAL_Driver/Src/stm32f4xx_hal_cortex.c.obj
                0x08003abc                HAL_NVIC_SetPriorityGrouping
 .text.HAL_NVIC_SetPriority
                0x08003ae0       0x70 CMakeFiles/kosann_UAVGimbal.elf.dir/Drivers/STM32F4xx_HAL_Driver/Src/stm32f4xx_hal_cortex.c.obj
                0x08003ae0                HAL_NVIC_SetPriority
 .text.HAL_NVIC_EnableIRQ
                0x08003b50       0x1c CMakeFiles/kosann_UAVGimbal.elf.dir/Drivers/STM32F4xx_HAL_Driver/Src/stm32f4xx_hal_cortex.c.obj
                0x08003b50                HAL_NVIC_EnableIRQ
 .text.DMA_SetConfig
                0x08003b6c       0x2c CMakeFiles/kosann_UAVGimbal.elf.dir/Drivers/STM32F4xx_HAL_Driver/Src/stm32f4xx_hal_dma.c.obj
 .text.DMA_CalcBaseAndBitshift
                0x08003b98       0x44 CMakeFiles/kosann_UAVGimbal.elf.dir/Drivers/STM32F4xx_HAL_Driver/Src/stm32f4xx_hal_dma.c.obj
 .text.DMA_CheckFifoParam
                0x08003bdc       0x8e CMakeFiles/kosann_UAVGimbal.elf.dir/Drivers/STM32F4xx_HAL_Driver/Src/stm32f4xx_hal_dma.c.obj
 *fill*         0x08003c6a        0x2 
 .text.HAL_DMA_Init
                0x08003c6c       0xcc CMakeFiles/kosann_UAVGimbal.elf.dir/Drivers/STM32F4xx_HAL_Driver/Src/stm32f4xx_hal_dma.c.obj
                0x08003c6c                HAL_DMA_Init
 .text.HAL_DMA_Start_IT
                0x08003d38       0x6a CMakeFiles/kosann_UAVGimbal.elf.dir/Drivers/STM32F4xx_HAL_Driver/Src/stm32f4xx_hal_dma.c.obj
                0x08003d38                HAL_DMA_Start_IT
 .text.HAL_DMA_Abort
                0x08003da2       0x94 CMakeFiles/kosann_UAVGimbal.elf.dir/Drivers/STM32F4xx_HAL_Driver/Src/stm32f4xx_hal_dma.c.obj
                0x08003da2                HAL_DMA_Abort
 .text.HAL_DMA_Abort_IT
                0x08003e36       0x26 CMakeFiles/kosann_UAVGimbal.elf.dir/Drivers/STM32F4xx_HAL_Driver/Src/stm32f4xx_hal_dma.c.obj
                0x08003e36                HAL_DMA_Abort_IT
 .text.HAL_DMA_IRQHandler
                0x08003e5c      0x1dc CMakeFiles/kosann_UAVGimbal.elf.dir/Drivers/STM32F4xx_HAL_Driver/Src/stm32f4xx_hal_dma.c.obj
                0x08003e5c                HAL_DMA_IRQHandler
 .text.HAL_GPIO_Init
                0x08004038      0x1e4 CMakeFiles/kosann_UAVGimbal.elf.dir/Drivers/STM32F4xx_HAL_Driver/Src/stm32f4xx_hal_gpio.c.obj
                0x08004038                HAL_GPIO_Init
 .text.HAL_GPIO_WritePin
                0x0800421c        0xc CMakeFiles/kosann_UAVGimbal.elf.dir/Drivers/STM32F4xx_HAL_Driver/Src/stm32f4xx_hal_gpio.c.obj
                0x0800421c                HAL_GPIO_WritePin
 .text.HAL_I2C_Init
                0x08004228      0x1bc CMakeFiles/kosann_UAVGimbal.elf.dir/Drivers/STM32F4xx_HAL_Driver/Src/stm32f4xx_hal_i2c.c.obj
                0x08004228                HAL_I2C_Init
 .text.HAL_IWDG_Init
                0x080043e4       0x58 CMakeFiles/kosann_UAVGimbal.elf.dir/Drivers/STM32F4xx_HAL_Driver/Src/stm32f4xx_hal_iwdg.c.obj
                0x080043e4                HAL_IWDG_Init
 .text.HAL_IWDG_Refresh
                0x0800443c        0xc CMakeFiles/kosann_UAVGimbal.elf.dir/Drivers/STM32F4xx_HAL_Driver/Src/stm32f4xx_hal_iwdg.c.obj
                0x0800443c                HAL_IWDG_Refresh
 .text.PCD_WriteEmptyTxFifo
                0x08004448       0xd0 CMakeFiles/kosann_UAVGimbal.elf.dir/Drivers/STM32F4xx_HAL_Driver/Src/stm32f4xx_hal_pcd.c.obj
 .text.HAL_PCD_Init
                0x08004518      0x12e CMakeFiles/kosann_UAVGimbal.elf.dir/Drivers/STM32F4xx_HAL_Driver/Src/stm32f4xx_hal_pcd.c.obj
                0x08004518                HAL_PCD_Init
 .text.HAL_PCD_Start
                0x08004646       0x42 CMakeFiles/kosann_UAVGimbal.elf.dir/Drivers/STM32F4xx_HAL_Driver/Src/stm32f4xx_hal_pcd.c.obj
                0x08004646                HAL_PCD_Start
 .text.PCD_EP_OutXfrComplete_int
                0x08004688      0x104 CMakeFiles/kosann_UAVGimbal.elf.dir/Drivers/STM32F4xx_HAL_Driver/Src/stm32f4xx_hal_pcd.c.obj
 .text.PCD_EP_OutSetupPacket_int
                0x0800478c       0x50 CMakeFiles/kosann_UAVGimbal.elf.dir/Drivers/STM32F4xx_HAL_Driver/Src/stm32f4xx_hal_pcd.c.obj
 .text.HAL_PCD_SetAddress
                0x080047dc       0x28 CMakeFiles/kosann_UAVGimbal.elf.dir/Drivers/STM32F4xx_HAL_Driver/Src/stm32f4xx_hal_pcd.c.obj
                0x080047dc                HAL_PCD_SetAddress
 .text.HAL_PCD_EP_Open
                0x08004804       0x8a CMakeFiles/kosann_UAVGimbal.elf.dir/Drivers/STM32F4xx_HAL_Driver/Src/stm32f4xx_hal_pcd.c.obj
                0x08004804                HAL_PCD_EP_Open
 .text.HAL_PCD_EP_Close
                0x0800488e       0x72 CMakeFiles/kosann_UAVGimbal.elf.dir/Drivers/STM32F4xx_HAL_Driver/Src/stm32f4xx_hal_pcd.c.obj
                0x0800488e                HAL_PCD_EP_Close
 .text.HAL_PCD_EP_Receive
                0x08004900       0x5e CMakeFiles/kosann_UAVGimbal.elf.dir/Drivers/STM32F4xx_HAL_Driver/Src/stm32f4xx_hal_pcd.c.obj
                0x08004900                HAL_PCD_EP_Receive
 .text.HAL_PCD_EP_GetRxCount
                0x0800495e       0x12 CMakeFiles/kosann_UAVGimbal.elf.dir/Drivers/STM32F4xx_HAL_Driver/Src/stm32f4xx_hal_pcd.c.obj
                0x0800495e                HAL_PCD_EP_GetRxCount
 .text.HAL_PCD_EP_Transmit
                0x08004970       0x5e CMakeFiles/kosann_UAVGimbal.elf.dir/Drivers/STM32F4xx_HAL_Driver/Src/stm32f4xx_hal_pcd.c.obj
                0x08004970                HAL_PCD_EP_Transmit
 .text.HAL_PCD_EP_SetStall
                0x080049ce       0x88 CMakeFiles/kosann_UAVGimbal.elf.dir/Drivers/STM32F4xx_HAL_Driver/Src/stm32f4xx_hal_pcd.c.obj
                0x080049ce                HAL_PCD_EP_SetStall
 .text.HAL_PCD_EP_ClrStall
                0x08004a56       0x76 CMakeFiles/kosann_UAVGimbal.elf.dir/Drivers/STM32F4xx_HAL_Driver/Src/stm32f4xx_hal_pcd.c.obj
                0x08004a56                HAL_PCD_EP_ClrStall
 .text.HAL_PCD_EP_Abort
                0x08004acc       0x34 CMakeFiles/kosann_UAVGimbal.elf.dir/Drivers/STM32F4xx_HAL_Driver/Src/stm32f4xx_hal_pcd.c.obj
                0x08004acc                HAL_PCD_EP_Abort
 .text.HAL_PCD_IRQHandler
                0x08004b00      0x5c4 CMakeFiles/kosann_UAVGimbal.elf.dir/Drivers/STM32F4xx_HAL_Driver/Src/stm32f4xx_hal_pcd.c.obj
                0x08004b00                HAL_PCD_IRQHandler
 .text.HAL_PCDEx_SetTxFiFo
                0x080050c4       0x4c CMakeFiles/kosann_UAVGimbal.elf.dir/Drivers/STM32F4xx_HAL_Driver/Src/stm32f4xx_hal_pcd_ex.c.obj
                0x080050c4                HAL_PCDEx_SetTxFiFo
 .text.HAL_PCDEx_SetRxFiFo
                0x08005110        0x8 CMakeFiles/kosann_UAVGimbal.elf.dir/Drivers/STM32F4xx_HAL_Driver/Src/stm32f4xx_hal_pcd_ex.c.obj
                0x08005110                HAL_PCDEx_SetRxFiFo
 .text.HAL_PCDEx_LPM_Callback
                0x08005118        0x2 CMakeFiles/kosann_UAVGimbal.elf.dir/Drivers/STM32F4xx_HAL_Driver/Src/stm32f4xx_hal_pcd_ex.c.obj
                0x08005118                HAL_PCDEx_LPM_Callback
 *fill*         0x0800511a        0x2 
 .text.HAL_RCC_OscConfig
                0x0800511c      0x3f8 CMakeFiles/kosann_UAVGimbal.elf.dir/Drivers/STM32F4xx_HAL_Driver/Src/stm32f4xx_hal_rcc.c.obj
                0x0800511c                HAL_RCC_OscConfig
 .text.HAL_RCC_GetSysClockFreq
                0x08005514       0xa4 CMakeFiles/kosann_UAVGimbal.elf.dir/Drivers/STM32F4xx_HAL_Driver/Src/stm32f4xx_hal_rcc.c.obj
                0x08005514                HAL_RCC_GetSysClockFreq
 .text.HAL_RCC_ClockConfig
                0x080055b8      0x160 CMakeFiles/kosann_UAVGimbal.elf.dir/Drivers/STM32F4xx_HAL_Driver/Src/stm32f4xx_hal_rcc.c.obj
                0x080055b8                HAL_RCC_ClockConfig
 .text.HAL_RCC_GetHCLKFreq
                0x08005718        0xc CMakeFiles/kosann_UAVGimbal.elf.dir/Drivers/STM32F4xx_HAL_Driver/Src/stm32f4xx_hal_rcc.c.obj
                0x08005718                HAL_RCC_GetHCLKFreq
 .text.HAL_RCC_GetPCLK1Freq
                0x08005724       0x20 CMakeFiles/kosann_UAVGimbal.elf.dir/Drivers/STM32F4xx_HAL_Driver/Src/stm32f4xx_hal_rcc.c.obj
                0x08005724                HAL_RCC_GetPCLK1Freq
 .text.HAL_RCC_GetPCLK2Freq
                0x08005744       0x20 CMakeFiles/kosann_UAVGimbal.elf.dir/Drivers/STM32F4xx_HAL_Driver/Src/stm32f4xx_hal_rcc.c.obj
                0x08005744                HAL_RCC_GetPCLK2Freq
 .text.HAL_RCC_GetClockConfig
                0x08005764       0x3c CMakeFiles/kosann_UAVGimbal.elf.dir/Drivers/STM32F4xx_HAL_Driver/Src/stm32f4xx_hal_rcc.c.obj
                0x08005764                HAL_RCC_GetClockConfig
 .text.HAL_SPI_Init
                0x080057a0       0xbe CMakeFiles/kosann_UAVGimbal.elf.dir/Drivers/STM32F4xx_HAL_Driver/Src/stm32f4xx_hal_spi.c.obj
                0x080057a0                HAL_SPI_Init
 *fill*         0x0800585e        0x2 
 .text.TIM_OC1_SetConfig
                0x08005860       0x68 CMakeFiles/kosann_UAVGimbal.elf.dir/Drivers/STM32F4xx_HAL_Driver/Src/stm32f4xx_hal_tim.c.obj
 .text.TIM_OC3_SetConfig
                0x080058c8       0x70 CMakeFiles/kosann_UAVGimbal.elf.dir/Drivers/STM32F4xx_HAL_Driver/Src/stm32f4xx_hal_tim.c.obj
 .text.TIM_OC4_SetConfig
                0x08005938       0x50 CMakeFiles/kosann_UAVGimbal.elf.dir/Drivers/STM32F4xx_HAL_Driver/Src/stm32f4xx_hal_tim.c.obj
 .text.HAL_TIM_Base_Start
                0x08005988       0x7c CMakeFiles/kosann_UAVGimbal.elf.dir/Drivers/STM32F4xx_HAL_Driver/Src/stm32f4xx_hal_tim.c.obj
                0x08005988                HAL_TIM_Base_Start
 .text.HAL_TIM_Base_Start_IT
                0x08005a04       0x88 CMakeFiles/kosann_UAVGimbal.elf.dir/Drivers/STM32F4xx_HAL_Driver/Src/stm32f4xx_hal_tim.c.obj
                0x08005a04                HAL_TIM_Base_Start_IT
 .text.HAL_TIM_OC_DelayElapsedCallback
                0x08005a8c        0x2 CMakeFiles/kosann_UAVGimbal.elf.dir/Drivers/STM32F4xx_HAL_Driver/Src/stm32f4xx_hal_tim.c.obj
                0x08005a8c                HAL_TIM_OC_DelayElapsedCallback
 .text.HAL_TIM_IC_CaptureCallback
                0x08005a8e        0x2 CMakeFiles/kosann_UAVGimbal.elf.dir/Drivers/STM32F4xx_HAL_Driver/Src/stm32f4xx_hal_tim.c.obj
                0x08005a8e                HAL_TIM_IC_CaptureCallback
 .text.HAL_TIM_PWM_PulseFinishedCallback
                0x08005a90        0x2 CMakeFiles/kosann_UAVGimbal.elf.dir/Drivers/STM32F4xx_HAL_Driver/Src/stm32f4xx_hal_tim.c.obj
                0x08005a90                HAL_TIM_PWM_PulseFinishedCallback
 .text.HAL_TIM_TriggerCallback
                0x08005a92        0x2 CMakeFiles/kosann_UAVGimbal.elf.dir/Drivers/STM32F4xx_HAL_Driver/Src/stm32f4xx_hal_tim.c.obj
                0x08005a92                HAL_TIM_TriggerCallback
 .text.HAL_TIM_IRQHandler
                0x08005a94      0x17a CMakeFiles/kosann_UAVGimbal.elf.dir/Drivers/STM32F4xx_HAL_Driver/Src/stm32f4xx_hal_tim.c.obj
                0x08005a94                HAL_TIM_IRQHandler
 *fill*         0x08005c0e        0x2 
 .text.TIM_Base_SetConfig
                0x08005c10       0xc8 CMakeFiles/kosann_UAVGimbal.elf.dir/Drivers/STM32F4xx_HAL_Driver/Src/stm32f4xx_hal_tim.c.obj
                0x08005c10                TIM_Base_SetConfig
 .text.HAL_TIM_Base_Init
                0x08005cd8       0x58 CMakeFiles/kosann_UAVGimbal.elf.dir/Drivers/STM32F4xx_HAL_Driver/Src/stm32f4xx_hal_tim.c.obj
                0x08005cd8                HAL_TIM_Base_Init
 .text.HAL_TIM_PWM_Init
                0x08005d30       0x58 CMakeFiles/kosann_UAVGimbal.elf.dir/Drivers/STM32F4xx_HAL_Driver/Src/stm32f4xx_hal_tim.c.obj
                0x08005d30                HAL_TIM_PWM_Init
 .text.TIM_OC2_SetConfig
                0x08005d88       0x70 CMakeFiles/kosann_UAVGimbal.elf.dir/Drivers/STM32F4xx_HAL_Driver/Src/stm32f4xx_hal_tim.c.obj
                0x08005d88                TIM_OC2_SetConfig
 .text.HAL_TIM_PWM_ConfigChannel
                0x08005df8       0xdc CMakeFiles/kosann_UAVGimbal.elf.dir/Drivers/STM32F4xx_HAL_Driver/Src/stm32f4xx_hal_tim.c.obj
                0x08005df8                HAL_TIM_PWM_ConfigChannel
 .text.TIM_CCxChannelCmd
                0x08005ed4       0x1e CMakeFiles/kosann_UAVGimbal.elf.dir/Drivers/STM32F4xx_HAL_Driver/Src/stm32f4xx_hal_tim.c.obj
                0x08005ed4                TIM_CCxChannelCmd
 *fill*         0x08005ef2        0x2 
 .text.HAL_TIM_PWM_Start
                0x08005ef4      0x104 CMakeFiles/kosann_UAVGimbal.elf.dir/Drivers/STM32F4xx_HAL_Driver/Src/stm32f4xx_hal_tim.c.obj
                0x08005ef4                HAL_TIM_PWM_Start
 .text.HAL_TIMEx_MasterConfigSynchronization
                0x08005ff8       0x8c CMakeFiles/kosann_UAVGimbal.elf.dir/Drivers/STM32F4xx_HAL_Driver/Src/stm32f4xx_hal_tim_ex.c.obj
                0x08005ff8                HAL_TIMEx_MasterConfigSynchronization
 .text.HAL_TIMEx_ConfigBreakDeadTime
                0x08006084       0x52 CMakeFiles/kosann_UAVGimbal.elf.dir/Drivers/STM32F4xx_HAL_Driver/Src/stm32f4xx_hal_tim_ex.c.obj
                0x08006084                HAL_TIMEx_ConfigBreakDeadTime
 .text.HAL_TIMEx_CommutCallback
                0x080060d6        0x2 CMakeFiles/kosann_UAVGimbal.elf.dir/Drivers/STM32F4xx_HAL_Driver/Src/stm32f4xx_hal_tim_ex.c.obj
                0x080060d6                HAL_TIMEx_CommutCallback
 .text.HAL_TIMEx_BreakCallback
                0x080060d8        0x2 CMakeFiles/kosann_UAVGimbal.elf.dir/Drivers/STM32F4xx_HAL_Driver/Src/stm32f4xx_hal_tim_ex.c.obj
                0x080060d8                HAL_TIMEx_BreakCallback
 .text.UART_EndTxTransfer
                0x080060da       0x20 CMakeFiles/kosann_UAVGimbal.elf.dir/Drivers/STM32F4xx_HAL_Driver/Src/stm32f4xx_hal_uart.c.obj
 .text.UART_EndRxTransfer
                0x080060fa       0x5c CMakeFiles/kosann_UAVGimbal.elf.dir/Drivers/STM32F4xx_HAL_Driver/Src/stm32f4xx_hal_uart.c.obj
 .text.UART_Transmit_IT
                0x08006156       0x60 CMakeFiles/kosann_UAVGimbal.elf.dir/Drivers/STM32F4xx_HAL_Driver/Src/stm32f4xx_hal_uart.c.obj
 *fill*         0x080061b6        0x2 
 .text.UART_SetConfig
                0x080061b8      0x110 CMakeFiles/kosann_UAVGimbal.elf.dir/Drivers/STM32F4xx_HAL_Driver/Src/stm32f4xx_hal_uart.c.obj
 .text.HAL_UART_Init
                0x080062c8       0x5e CMakeFiles/kosann_UAVGimbal.elf.dir/Drivers/STM32F4xx_HAL_Driver/Src/stm32f4xx_hal_uart.c.obj
                0x080062c8                HAL_UART_Init
 .text.HAL_UART_DMAStop
                0x08006326       0x84 CMakeFiles/kosann_UAVGimbal.elf.dir/Drivers/STM32F4xx_HAL_Driver/Src/stm32f4xx_hal_uart.c.obj
                0x08006326                HAL_UART_DMAStop
 .text.HAL_UART_TxCpltCallback
                0x080063aa        0x2 CMakeFiles/kosann_UAVGimbal.elf.dir/Drivers/STM32F4xx_HAL_Driver/Src/stm32f4xx_hal_uart.c.obj
                0x080063aa                HAL_UART_TxCpltCallback
 .text.UART_EndTransmit_IT
                0x080063ac       0x1a CMakeFiles/kosann_UAVGimbal.elf.dir/Drivers/STM32F4xx_HAL_Driver/Src/stm32f4xx_hal_uart.c.obj
 .text.HAL_UART_RxCpltCallback
                0x080063c6        0x2 CMakeFiles/kosann_UAVGimbal.elf.dir/Drivers/STM32F4xx_HAL_Driver/Src/stm32f4xx_hal_uart.c.obj
                0x080063c6                HAL_UART_RxCpltCallback
 .text.HAL_UART_RxHalfCpltCallback
                0x080063c8        0x2 CMakeFiles/kosann_UAVGimbal.elf.dir/Drivers/STM32F4xx_HAL_Driver/Src/stm32f4xx_hal_uart.c.obj
                0x080063c8                HAL_UART_RxHalfCpltCallback
 .text.HAL_UART_ErrorCallback
                0x080063ca        0x2 CMakeFiles/kosann_UAVGimbal.elf.dir/Drivers/STM32F4xx_HAL_Driver/Src/stm32f4xx_hal_uart.c.obj
                0x080063ca                HAL_UART_ErrorCallback
 .text.UART_DMAError
                0x080063cc       0x58 CMakeFiles/kosann_UAVGimbal.elf.dir/Drivers/STM32F4xx_HAL_Driver/Src/stm32f4xx_hal_uart.c.obj
 .text.UART_DMAAbortOnError
                0x08006424       0x10 CMakeFiles/kosann_UAVGimbal.elf.dir/Drivers/STM32F4xx_HAL_Driver/Src/stm32f4xx_hal_uart.c.obj
 .text.HAL_UARTEx_RxEventCallback
                0x08006434        0x2 CMakeFiles/kosann_UAVGimbal.elf.dir/Drivers/STM32F4xx_HAL_Driver/Src/stm32f4xx_hal_uart.c.obj
                0x08006434                HAL_UARTEx_RxEventCallback
 .text.UART_Receive_IT
                0x08006436       0xe2 CMakeFiles/kosann_UAVGimbal.elf.dir/Drivers/STM32F4xx_HAL_Driver/Src/stm32f4xx_hal_uart.c.obj
 .text.HAL_UART_IRQHandler
                0x08006518      0x280 CMakeFiles/kosann_UAVGimbal.elf.dir/Drivers/STM32F4xx_HAL_Driver/Src/stm32f4xx_hal_uart.c.obj
                0x08006518                HAL_UART_IRQHandler
 .text.UART_DMARxHalfCplt
                0x08006798       0x1a CMakeFiles/kosann_UAVGimbal.elf.dir/Drivers/STM32F4xx_HAL_Driver/Src/stm32f4xx_hal_uart.c.obj
 .text.UART_DMAReceiveCplt
                0x080067b2       0x96 CMakeFiles/kosann_UAVGimbal.elf.dir/Drivers/STM32F4xx_HAL_Driver/Src/stm32f4xx_hal_uart.c.obj
 .text.UART_Start_Receive_DMA
                0x08006848       0xa8 CMakeFiles/kosann_UAVGimbal.elf.dir/Drivers/STM32F4xx_HAL_Driver/Src/stm32f4xx_hal_uart.c.obj
                0x08006848                UART_Start_Receive_DMA
 .text.HAL_UART_Receive_DMA
                0x080068f0       0x38 CMakeFiles/kosann_UAVGimbal.elf.dir/Drivers/STM32F4xx_HAL_Driver/Src/stm32f4xx_hal_uart.c.obj
                0x080068f0                HAL_UART_Receive_DMA
 .text.USB_CoreReset
                0x08006928       0x50 CMakeFiles/kosann_UAVGimbal.elf.dir/Drivers/STM32F4xx_HAL_Driver/Src/stm32f4xx_ll_usb.c.obj
 .text.USB_CoreInit
                0x08006978       0x8a CMakeFiles/kosann_UAVGimbal.elf.dir/Drivers/STM32F4xx_HAL_Driver/Src/stm32f4xx_ll_usb.c.obj
                0x08006978                USB_CoreInit
 *fill*         0x08006a02        0x2 
 .text.USB_SetTurnaroundTime
                0x08006a04       0xe4 CMakeFiles/kosann_UAVGimbal.elf.dir/Drivers/STM32F4xx_HAL_Driver/Src/stm32f4xx_ll_usb.c.obj
                0x08006a04                USB_SetTurnaroundTime
 .text.USB_EnableGlobalInt
                0x08006ae8        0xc CMakeFiles/kosann_UAVGimbal.elf.dir/Drivers/STM32F4xx_HAL_Driver/Src/stm32f4xx_ll_usb.c.obj
                0x08006ae8                USB_EnableGlobalInt
 .text.USB_DisableGlobalInt
                0x08006af4        0xc CMakeFiles/kosann_UAVGimbal.elf.dir/Drivers/STM32F4xx_HAL_Driver/Src/stm32f4xx_ll_usb.c.obj
                0x08006af4                USB_DisableGlobalInt
 .text.USB_FlushTxFifo
                0x08006b00       0x50 CMakeFiles/kosann_UAVGimbal.elf.dir/Drivers/STM32F4xx_HAL_Driver/Src/stm32f4xx_ll_usb.c.obj
                0x08006b00                USB_FlushTxFifo
 .text.USB_FlushRxFifo
                0x08006b50       0x4c CMakeFiles/kosann_UAVGimbal.elf.dir/Drivers/STM32F4xx_HAL_Driver/Src/stm32f4xx_ll_usb.c.obj
                0x08006b50                USB_FlushRxFifo
 .text.USB_SetDevSpeed
                0x08006b9c        0xe CMakeFiles/kosann_UAVGimbal.elf.dir/Drivers/STM32F4xx_HAL_Driver/Src/stm32f4xx_ll_usb.c.obj
                0x08006b9c                USB_SetDevSpeed
 *fill*         0x08006baa        0x2 
 .text.USB_DevInit
                0x08006bac      0x190 CMakeFiles/kosann_UAVGimbal.elf.dir/Drivers/STM32F4xx_HAL_Driver/Src/stm32f4xx_ll_usb.c.obj
                0x08006bac                USB_DevInit
 .text.USB_GetDevSpeed
                0x08006d3c       0x22 CMakeFiles/kosann_UAVGimbal.elf.dir/Drivers/STM32F4xx_HAL_Driver/Src/stm32f4xx_ll_usb.c.obj
                0x08006d3c                USB_GetDevSpeed
 .text.USB_ActivateEndpoint
                0x08006d5e       0x9c CMakeFiles/kosann_UAVGimbal.elf.dir/Drivers/STM32F4xx_HAL_Driver/Src/stm32f4xx_ll_usb.c.obj
                0x08006d5e                USB_ActivateEndpoint
 *fill*         0x08006dfa        0x2 
 .text.USB_DeactivateEndpoint
                0x08006dfc       0xe0 CMakeFiles/kosann_UAVGimbal.elf.dir/Drivers/STM32F4xx_HAL_Driver/Src/stm32f4xx_ll_usb.c.obj
                0x08006dfc                USB_DeactivateEndpoint
 .text.USB_EP0StartXfer
                0x08006edc      0x124 CMakeFiles/kosann_UAVGimbal.elf.dir/Drivers/STM32F4xx_HAL_Driver/Src/stm32f4xx_ll_usb.c.obj
                0x08006edc                USB_EP0StartXfer
 .text.USB_EPStopXfer
                0x08007000       0xbe CMakeFiles/kosann_UAVGimbal.elf.dir/Drivers/STM32F4xx_HAL_Driver/Src/stm32f4xx_ll_usb.c.obj
                0x08007000                USB_EPStopXfer
 .text.USB_WritePacket
                0x080070be       0x2e CMakeFiles/kosann_UAVGimbal.elf.dir/Drivers/STM32F4xx_HAL_Driver/Src/stm32f4xx_ll_usb.c.obj
                0x080070be                USB_WritePacket
 .text.USB_EPStartXfer
                0x080070ec      0x234 CMakeFiles/kosann_UAVGimbal.elf.dir/Drivers/STM32F4xx_HAL_Driver/Src/stm32f4xx_ll_usb.c.obj
                0x080070ec                USB_EPStartXfer
 .text.USB_ReadPacket
                0x08007320       0x54 CMakeFiles/kosann_UAVGimbal.elf.dir/Drivers/STM32F4xx_HAL_Driver/Src/stm32f4xx_ll_usb.c.obj
                0x08007320                USB_ReadPacket
 .text.USB_EPSetStall
                0x08007374       0x5a CMakeFiles/kosann_UAVGimbal.elf.dir/Drivers/STM32F4xx_HAL_Driver/Src/stm32f4xx_ll_usb.c.obj
                0x08007374                USB_EPSetStall
 .text.USB_EPClearStall
                0x080073ce       0x5c CMakeFiles/kosann_UAVGimbal.elf.dir/Drivers/STM32F4xx_HAL_Driver/Src/stm32f4xx_ll_usb.c.obj
                0x080073ce                USB_EPClearStall
 .text.USB_SetDevAddress
                0x0800742a       0x20 CMakeFiles/kosann_UAVGimbal.elf.dir/Drivers/STM32F4xx_HAL_Driver/Src/stm32f4xx_ll_usb.c.obj
                0x0800742a                USB_SetDevAddress
 .text.USB_DevConnect
                0x0800744a       0x1c CMakeFiles/kosann_UAVGimbal.elf.dir/Drivers/STM32F4xx_HAL_Driver/Src/stm32f4xx_ll_usb.c.obj
                0x0800744a                USB_DevConnect
 .text.USB_DevDisconnect
                0x08007466       0x1c CMakeFiles/kosann_UAVGimbal.elf.dir/Drivers/STM32F4xx_HAL_Driver/Src/stm32f4xx_ll_usb.c.obj
                0x08007466                USB_DevDisconnect
 .text.USB_ReadInterrupts
                0x08007482        0x8 CMakeFiles/kosann_UAVGimbal.elf.dir/Drivers/STM32F4xx_HAL_Driver/Src/stm32f4xx_ll_usb.c.obj
                0x08007482                USB_ReadInterrupts
 .text.USB_ReadDevAllOutEpInterrupt
                0x0800748a       0x10 CMakeFiles/kosann_UAVGimbal.elf.dir/Drivers/STM32F4xx_HAL_Driver/Src/stm32f4xx_ll_usb.c.obj
                0x0800748a                USB_ReadDevAllOutEpInterrupt
 .text.USB_ReadDevAllInEpInterrupt
                0x0800749a       0x10 CMakeFiles/kosann_UAVGimbal.elf.dir/Drivers/STM32F4xx_HAL_Driver/Src/stm32f4xx_ll_usb.c.obj
                0x0800749a                USB_ReadDevAllInEpInterrupt
 .text.USB_ReadDevOutEPInterrupt
                0x080074aa       0x12 CMakeFiles/kosann_UAVGimbal.elf.dir/Drivers/STM32F4xx_HAL_Driver/Src/stm32f4xx_ll_usb.c.obj
                0x080074aa                USB_ReadDevOutEPInterrupt
 .text.USB_ReadDevInEPInterrupt
                0x080074bc       0x28 CMakeFiles/kosann_UAVGimbal.elf.dir/Drivers/STM32F4xx_HAL_Driver/Src/stm32f4xx_ll_usb.c.obj
                0x080074bc                USB_ReadDevInEPInterrupt
 .text.USB_GetMode
                0x080074e4        0x8 CMakeFiles/kosann_UAVGimbal.elf.dir/Drivers/STM32F4xx_HAL_Driver/Src/stm32f4xx_ll_usb.c.obj
                0x080074e4                USB_GetMode
 .text.USB_SetCurrentMode
                0x080074ec       0x62 CMakeFiles/kosann_UAVGimbal.elf.dir/Drivers/STM32F4xx_HAL_Driver/Src/stm32f4xx_ll_usb.c.obj
                0x080074ec                USB_SetCurrentMode
 .text.USB_ActivateSetup
                0x0800754e       0x20 CMakeFiles/kosann_UAVGimbal.elf.dir/Drivers/STM32F4xx_HAL_Driver/Src/stm32f4xx_ll_usb.c.obj
                0x0800754e                USB_ActivateSetup
 *fill*         0x0800756e        0x2 
 .text.USB_EP0_OutStart
                0x08007570       0x60 CMakeFiles/kosann_UAVGimbal.elf.dir/Drivers/STM32F4xx_HAL_Driver/Src/stm32f4xx_ll_usb.c.obj
                0x08007570                USB_EP0_OutStart
 .text.MX_FATFS_Init
                0x080075d0       0x1c CMakeFiles/kosann_UAVGimbal.elf.dir/FATFS/App/fatfs.c.obj
                0x080075d0                MX_FATFS_Init
 .text.USER_initialize
                0x080075ec       0x10 CMakeFiles/kosann_UAVGimbal.elf.dir/FATFS/Target/user_diskio.c.obj
                0x080075ec                USER_initialize
 .text.USER_status
                0x080075fc       0x10 CMakeFiles/kosann_UAVGimbal.elf.dir/FATFS/Target/user_diskio.c.obj
                0x080075fc                USER_status
 .text.USER_read
                0x0800760c        0x4 CMakeFiles/kosann_UAVGimbal.elf.dir/FATFS/Target/user_diskio.c.obj
                0x0800760c                USER_read
 .text.USER_write
                0x08007610        0x4 CMakeFiles/kosann_UAVGimbal.elf.dir/FATFS/Target/user_diskio.c.obj
                0x08007610                USER_write
 .text.USER_ioctl
                0x08007614        0x4 CMakeFiles/kosann_UAVGimbal.elf.dir/FATFS/Target/user_diskio.c.obj
                0x08007614                USER_ioctl
 .text.USBD_CDC_EP0_RxReady
                0x08007618       0x40 CMakeFiles/kosann_UAVGimbal.elf.dir/Middlewares/ST/STM32_USB_Device_Library/Class/CDC/Src/usbd_cdc.c.obj
 .text.USBD_CDC_GetDeviceQualifierDescriptor
                0x08007658        0xc CMakeFiles/kosann_UAVGimbal.elf.dir/Middlewares/ST/STM32_USB_Device_Library/Class/CDC/Src/usbd_cdc.c.obj
                0x08007658                USBD_CDC_GetDeviceQualifierDescriptor
 .text.USBD_CDC_GetOtherSpeedCfgDesc
                0x08007664       0x48 CMakeFiles/kosann_UAVGimbal.elf.dir/Middlewares/ST/STM32_USB_Device_Library/Class/CDC/Src/usbd_cdc.c.obj
 .text.USBD_CDC_GetFSCfgDesc
                0x080076ac       0x48 CMakeFiles/kosann_UAVGimbal.elf.dir/Middlewares/ST/STM32_USB_Device_Library/Class/CDC/Src/usbd_cdc.c.obj
 .text.USBD_CDC_GetHSCfgDesc
                0x080076f4       0x48 CMakeFiles/kosann_UAVGimbal.elf.dir/Middlewares/ST/STM32_USB_Device_Library/Class/CDC/Src/usbd_cdc.c.obj
 .text.USBD_CDC_DataOut
                0x0800773c       0x38 CMakeFiles/kosann_UAVGimbal.elf.dir/Middlewares/ST/STM32_USB_Device_Library/Class/CDC/Src/usbd_cdc.c.obj
 .text.USBD_CDC_DataIn
                0x08007774       0x7c CMakeFiles/kosann_UAVGimbal.elf.dir/Middlewares/ST/STM32_USB_Device_Library/Class/CDC/Src/usbd_cdc.c.obj
 .text.USBD_CDC_Setup
                0x080077f0      0x11a CMakeFiles/kosann_UAVGimbal.elf.dir/Middlewares/ST/STM32_USB_Device_Library/Class/CDC/Src/usbd_cdc.c.obj
 .text.USBD_CDC_DeInit
                0x0800790a       0x64 CMakeFiles/kosann_UAVGimbal.elf.dir/Middlewares/ST/STM32_USB_Device_Library/Class/CDC/Src/usbd_cdc.c.obj
 .text.USBD_CDC_Init
                0x0800796e       0xee CMakeFiles/kosann_UAVGimbal.elf.dir/Middlewares/ST/STM32_USB_Device_Library/Class/CDC/Src/usbd_cdc.c.obj
 .text.USBD_CDC_RegisterInterface
                0x08007a5c       0x16 CMakeFiles/kosann_UAVGimbal.elf.dir/Middlewares/ST/STM32_USB_Device_Library/Class/CDC/Src/usbd_cdc.c.obj
                0x08007a5c                USBD_CDC_RegisterInterface
 .text.USBD_CDC_SetTxBuffer
                0x08007a72       0x1c CMakeFiles/kosann_UAVGimbal.elf.dir/Middlewares/ST/STM32_USB_Device_Library/Class/CDC/Src/usbd_cdc.c.obj
                0x08007a72                USBD_CDC_SetTxBuffer
 .text.USBD_CDC_SetRxBuffer
                0x08007a8e       0x18 CMakeFiles/kosann_UAVGimbal.elf.dir/Middlewares/ST/STM32_USB_Device_Library/Class/CDC/Src/usbd_cdc.c.obj
                0x08007a8e                USBD_CDC_SetRxBuffer
 .text.USBD_CDC_ReceivePacket
                0x08007aa6       0x38 CMakeFiles/kosann_UAVGimbal.elf.dir/Middlewares/ST/STM32_USB_Device_Library/Class/CDC/Src/usbd_cdc.c.obj
                0x08007aa6                USBD_CDC_ReceivePacket
 .text.USBD_Init
                0x08007ade       0x2e CMakeFiles/kosann_UAVGimbal.elf.dir/Middlewares/ST/STM32_USB_Device_Library/Core/Src/usbd_core.c.obj
                0x08007ade                USBD_Init
 .text.USBD_RegisterClass
                0x08007b0c       0x34 CMakeFiles/kosann_UAVGimbal.elf.dir/Middlewares/ST/STM32_USB_Device_Library/Core/Src/usbd_core.c.obj
                0x08007b0c                USBD_RegisterClass
 .text.USBD_Start
                0x08007b40        0x8 CMakeFiles/kosann_UAVGimbal.elf.dir/Middlewares/ST/STM32_USB_Device_Library/Core/Src/usbd_core.c.obj
                0x08007b40                USBD_Start
 .text.USBD_SetClassConfig
                0x08007b48       0x12 CMakeFiles/kosann_UAVGimbal.elf.dir/Middlewares/ST/STM32_USB_Device_Library/Core/Src/usbd_core.c.obj
                0x08007b48                USBD_SetClassConfig
 .text.USBD_ClrClassConfig
                0x08007b5a       0x12 CMakeFiles/kosann_UAVGimbal.elf.dir/Middlewares/ST/STM32_USB_Device_Library/Core/Src/usbd_core.c.obj
                0x08007b5a                USBD_ClrClassConfig
 .text.USBD_LL_SetupStage
                0x08007b6c       0x58 CMakeFiles/kosann_UAVGimbal.elf.dir/Middlewares/ST/STM32_USB_Device_Library/Core/Src/usbd_core.c.obj
                0x08007b6c                USBD_LL_SetupStage
 .text.USBD_LL_Reset
                0x08007bc4       0x64 CMakeFiles/kosann_UAVGimbal.elf.dir/Middlewares/ST/STM32_USB_Device_Library/Core/Src/usbd_core.c.obj
                0x08007bc4                USBD_LL_Reset
 .text.USBD_LL_SetSpeed
                0x08007c28        0x6 CMakeFiles/kosann_UAVGimbal.elf.dir/Middlewares/ST/STM32_USB_Device_Library/Core/Src/usbd_core.c.obj
                0x08007c28                USBD_LL_SetSpeed
 .text.USBD_LL_Suspend
                0x08007c2e       0x14 CMakeFiles/kosann_UAVGimbal.elf.dir/Middlewares/ST/STM32_USB_Device_Library/Core/Src/usbd_core.c.obj
                0x08007c2e                USBD_LL_Suspend
 .text.USBD_LL_Resume
                0x08007c42       0x1a CMakeFiles/kosann_UAVGimbal.elf.dir/Middlewares/ST/STM32_USB_Device_Library/Core/Src/usbd_core.c.obj
                0x08007c42                USBD_LL_Resume
 .text.USBD_LL_SOF
                0x08007c5c       0x22 CMakeFiles/kosann_UAVGimbal.elf.dir/Middlewares/ST/STM32_USB_Device_Library/Core/Src/usbd_core.c.obj
                0x08007c5c                USBD_LL_SOF
 .text.USBD_LL_IsoINIncomplete
                0x08007c7e       0x2e CMakeFiles/kosann_UAVGimbal.elf.dir/Middlewares/ST/STM32_USB_Device_Library/Core/Src/usbd_core.c.obj
                0x08007c7e                USBD_LL_IsoINIncomplete
 .text.USBD_LL_IsoOUTIncomplete
                0x08007cac       0x2e CMakeFiles/kosann_UAVGimbal.elf.dir/Middlewares/ST/STM32_USB_Device_Library/Core/Src/usbd_core.c.obj
                0x08007cac                USBD_LL_IsoOUTIncomplete
 .text.USBD_LL_DevConnected
                0x08007cda        0x4 CMakeFiles/kosann_UAVGimbal.elf.dir/Middlewares/ST/STM32_USB_Device_Library/Core/Src/usbd_core.c.obj
                0x08007cda                USBD_LL_DevConnected
 .text.USBD_LL_DevDisconnected
                0x08007cde       0x20 CMakeFiles/kosann_UAVGimbal.elf.dir/Middlewares/ST/STM32_USB_Device_Library/Core/Src/usbd_core.c.obj
                0x08007cde                USBD_LL_DevDisconnected
 .text.USBD_CoreFindIF
                0x08007cfe        0x4 CMakeFiles/kosann_UAVGimbal.elf.dir/Middlewares/ST/STM32_USB_Device_Library/Core/Src/usbd_core.c.obj
                0x08007cfe                USBD_CoreFindIF
 .text.USBD_CoreFindEP
                0x08007d02        0x4 CMakeFiles/kosann_UAVGimbal.elf.dir/Middlewares/ST/STM32_USB_Device_Library/Core/Src/usbd_core.c.obj
                0x08007d02                USBD_CoreFindEP
 .text.USBD_LL_DataOutStage
                0x08007d06       0xc6 CMakeFiles/kosann_UAVGimbal.elf.dir/Middlewares/ST/STM32_USB_Device_Library/Core/Src/usbd_core.c.obj
                0x08007d06                USBD_LL_DataOutStage
 .text.USBD_LL_DataInStage
                0x08007dcc       0xd6 CMakeFiles/kosann_UAVGimbal.elf.dir/Middlewares/ST/STM32_USB_Device_Library/Core/Src/usbd_core.c.obj
                0x08007dcc                USBD_LL_DataInStage
 .text.USBD_GetNextDesc
                0x08007ea2        0xe CMakeFiles/kosann_UAVGimbal.elf.dir/Middlewares/ST/STM32_USB_Device_Library/Core/Src/usbd_core.c.obj
                0x08007ea2                USBD_GetNextDesc
 .text.USBD_GetEpDesc
                0x08007eb0       0x3e CMakeFiles/kosann_UAVGimbal.elf.dir/Middlewares/ST/STM32_USB_Device_Library/Core/Src/usbd_core.c.obj
                0x08007eb0                USBD_GetEpDesc
 .text.USBD_GetLen
                0x08007eee       0x14 CMakeFiles/kosann_UAVGimbal.elf.dir/Middlewares/ST/STM32_USB_Device_Library/Core/Src/usbd_ctlreq.c.obj
 .text.USBD_ParseSetupRequest
                0x08007f02       0x28 CMakeFiles/kosann_UAVGimbal.elf.dir/Middlewares/ST/STM32_USB_Device_Library/Core/Src/usbd_ctlreq.c.obj
                0x08007f02                USBD_ParseSetupRequest
 .text.USBD_CtlError
                0x08007f2a       0x14 CMakeFiles/kosann_UAVGimbal.elf.dir/Middlewares/ST/STM32_USB_Device_Library/Core/Src/usbd_ctlreq.c.obj
                0x08007f2a                USBD_CtlError
 .text.USBD_GetDescriptor
                0x08007f3e      0x18a CMakeFiles/kosann_UAVGimbal.elf.dir/Middlewares/ST/STM32_USB_Device_Library/Core/Src/usbd_ctlreq.c.obj
 .text.USBD_SetAddress
                0x080080c8       0x50 CMakeFiles/kosann_UAVGimbal.elf.dir/Middlewares/ST/STM32_USB_Device_Library/Core/Src/usbd_ctlreq.c.obj
 .text.USBD_SetConfig
                0x08008118       0xcc CMakeFiles/kosann_UAVGimbal.elf.dir/Middlewares/ST/STM32_USB_Device_Library/Core/Src/usbd_ctlreq.c.obj
 .text.USBD_GetConfig
                0x080081e4       0x40 CMakeFiles/kosann_UAVGimbal.elf.dir/Middlewares/ST/STM32_USB_Device_Library/Core/Src/usbd_ctlreq.c.obj
 .text.USBD_GetStatus
                0x08008224       0x38 CMakeFiles/kosann_UAVGimbal.elf.dir/Middlewares/ST/STM32_USB_Device_Library/Core/Src/usbd_ctlreq.c.obj
 .text.USBD_SetFeature
                0x0800825c       0x2a CMakeFiles/kosann_UAVGimbal.elf.dir/Middlewares/ST/STM32_USB_Device_Library/Core/Src/usbd_ctlreq.c.obj
 .text.USBD_ClrFeature
                0x08008286       0x26 CMakeFiles/kosann_UAVGimbal.elf.dir/Middlewares/ST/STM32_USB_Device_Library/Core/Src/usbd_ctlreq.c.obj
 .text.USBD_StdDevReq
                0x080082ac       0x76 CMakeFiles/kosann_UAVGimbal.elf.dir/Middlewares/ST/STM32_USB_Device_Library/Core/Src/usbd_ctlreq.c.obj
                0x080082ac                USBD_StdDevReq
 .text.USBD_StdItfReq
                0x08008322       0x84 CMakeFiles/kosann_UAVGimbal.elf.dir/Middlewares/ST/STM32_USB_Device_Library/Core/Src/usbd_ctlreq.c.obj
                0x08008322                USBD_StdItfReq
 .text.USBD_StdEPReq
                0x080083a6      0x230 CMakeFiles/kosann_UAVGimbal.elf.dir/Middlewares/ST/STM32_USB_Device_Library/Core/Src/usbd_ctlreq.c.obj
                0x080083a6                USBD_StdEPReq
 .text.USBD_GetString
                0x080085d6       0x3a CMakeFiles/kosann_UAVGimbal.elf.dir/Middlewares/ST/STM32_USB_Device_Library/Core/Src/usbd_ctlreq.c.obj
                0x080085d6                USBD_GetString
 .text.USBD_CtlSendData
                0x08008610       0x1a CMakeFiles/kosann_UAVGimbal.elf.dir/Middlewares/ST/STM32_USB_Device_Library/Core/Src/usbd_ioreq.c.obj
                0x08008610                USBD_CtlSendData
 .text.USBD_CtlContinueSendData
                0x0800862a       0x10 CMakeFiles/kosann_UAVGimbal.elf.dir/Middlewares/ST/STM32_USB_Device_Library/Core/Src/usbd_ioreq.c.obj
                0x0800862a                USBD_CtlContinueSendData
 .text.USBD_CtlPrepareRx
                0x0800863a       0x1e CMakeFiles/kosann_UAVGimbal.elf.dir/Middlewares/ST/STM32_USB_Device_Library/Core/Src/usbd_ioreq.c.obj
                0x0800863a                USBD_CtlPrepareRx
 .text.USBD_CtlContinueRx
                0x08008658       0x10 CMakeFiles/kosann_UAVGimbal.elf.dir/Middlewares/ST/STM32_USB_Device_Library/Core/Src/usbd_ioreq.c.obj
                0x08008658                USBD_CtlContinueRx
 .text.USBD_CtlSendStatus
                0x08008668       0x16 CMakeFiles/kosann_UAVGimbal.elf.dir/Middlewares/ST/STM32_USB_Device_Library/Core/Src/usbd_ioreq.c.obj
                0x08008668                USBD_CtlSendStatus
 .text.USBD_CtlReceiveStatus
                0x0800867e       0x16 CMakeFiles/kosann_UAVGimbal.elf.dir/Middlewares/ST/STM32_USB_Device_Library/Core/Src/usbd_ioreq.c.obj
                0x0800867e                USBD_CtlReceiveStatus
 .text.FATFS_LinkDriverEx
                0x08008694       0x54 CMakeFiles/kosann_UAVGimbal.elf.dir/Middlewares/Third_Party/FatFs/src/ff_gen_drv.c.obj
                0x08008694                FATFS_LinkDriverEx
 .text.FATFS_LinkDriver
                0x080086e8        0xa CMakeFiles/kosann_UAVGimbal.elf.dir/Middlewares/Third_Party/FatFs/src/ff_gen_drv.c.obj
                0x080086e8                FATFS_LinkDriver
 .text.makeFreeRtosPriority
                0x080086f2        0xc CMakeFiles/kosann_UAVGimbal.elf.dir/Middlewares/Third_Party/FreeRTOS/Source/CMSIS_RTOS/cmsis_os.c.obj
 .text.osKernelStart
                0x080086fe        0xa CMakeFiles/kosann_UAVGimbal.elf.dir/Middlewares/Third_Party/FreeRTOS/Source/CMSIS_RTOS/cmsis_os.c.obj
                0x080086fe                osKernelStart
 .text.osThreadCreate
                0x08008708       0x6a CMakeFiles/kosann_UAVGimbal.elf.dir/Middlewares/Third_Party/FreeRTOS/Source/CMSIS_RTOS/cmsis_os.c.obj
                0x08008708                osThreadCreate
 .text.osDelay  0x08008772        0xe CMakeFiles/kosann_UAVGimbal.elf.dir/Middlewares/Third_Party/FreeRTOS/Source/CMSIS_RTOS/cmsis_os.c.obj
                0x08008772                osDelay
 .text.osTimerCreate
                0x08008780       0x44 CMakeFiles/kosann_UAVGimbal.elf.dir/Middlewares/Third_Party/FreeRTOS/Source/CMSIS_RTOS/cmsis_os.c.obj
                0x08008780                osTimerCreate
 .text.vListInitialise
                0x080087c4       0x16 CMakeFiles/kosann_UAVGimbal.elf.dir/Middlewares/Third_Party/FreeRTOS/Source/list.c.obj
                0x080087c4                vListInitialise
 .text.vListInitialiseItem
                0x080087da        0x6 CMakeFiles/kosann_UAVGimbal.elf.dir/Middlewares/Third_Party/FreeRTOS/Source/list.c.obj
                0x080087da                vListInitialiseItem
 .text.vListInsertEnd
                0x080087e0       0x16 CMakeFiles/kosann_UAVGimbal.elf.dir/Middlewares/Third_Party/FreeRTOS/Source/list.c.obj
                0x080087e0                vListInsertEnd
 .text.vListInsert
                0x080087f6       0x32 CMakeFiles/kosann_UAVGimbal.elf.dir/Middlewares/Third_Party/FreeRTOS/Source/list.c.obj
                0x080087f6                vListInsert
 .text.uxListRemove
                0x08008828       0x26 CMakeFiles/kosann_UAVGimbal.elf.dir/Middlewares/Third_Party/FreeRTOS/Source/list.c.obj
                0x08008828                uxListRemove
 *fill*         0x0800884e        0x2 
 .text.prvTaskExitError
                0x08008850       0x40 CMakeFiles/kosann_UAVGimbal.elf.dir/Middlewares/Third_Party/FreeRTOS/Source/portable/GCC/ARM_CM4F/port.c.obj
 .text.prvPortStartFirstTask
                0x08008890       0x28 CMakeFiles/kosann_UAVGimbal.elf.dir/Middlewares/Third_Party/FreeRTOS/Source/portable/GCC/ARM_CM4F/port.c.obj
 .text.vPortEnableVFP
                0x080088b8       0x14 CMakeFiles/kosann_UAVGimbal.elf.dir/Middlewares/Third_Party/FreeRTOS/Source/portable/GCC/ARM_CM4F/port.c.obj
 .text.pxPortInitialiseStack
                0x080088cc       0x2c CMakeFiles/kosann_UAVGimbal.elf.dir/Middlewares/Third_Party/FreeRTOS/Source/portable/GCC/ARM_CM4F/port.c.obj
                0x080088cc                pxPortInitialiseStack
 *fill*         0x080088f8        0x8 
 .text.SVC_Handler
                0x08008900       0x24 CMakeFiles/kosann_UAVGimbal.elf.dir/Middlewares/Third_Party/FreeRTOS/Source/portable/GCC/ARM_CM4F/port.c.obj
                0x08008900                SVC_Handler
 .text.vPortEnterCritical
                0x08008924       0x44 CMakeFiles/kosann_UAVGimbal.elf.dir/Middlewares/Third_Party/FreeRTOS/Source/portable/GCC/ARM_CM4F/port.c.obj
                0x08008924                vPortEnterCritical
 .text.vPortExitCritical
                0x08008968       0x2c CMakeFiles/kosann_UAVGimbal.elf.dir/Middlewares/Third_Party/FreeRTOS/Source/portable/GCC/ARM_CM4F/port.c.obj
                0x08008968                vPortExitCritical
 *fill*         0x08008994        0xc 
 .text.PendSV_Handler
                0x080089a0       0x64 CMakeFiles/kosann_UAVGimbal.elf.dir/Middlewares/Third_Party/FreeRTOS/Source/portable/GCC/ARM_CM4F/port.c.obj
                0x080089a0                PendSV_Handler
 .text.SysTick_Handler
                0x08008a04       0x2c CMakeFiles/kosann_UAVGimbal.elf.dir/Middlewares/Third_Party/FreeRTOS/Source/portable/GCC/ARM_CM4F/port.c.obj
                0x08008a04                SysTick_Handler
 .text.vPortSetupTimerInterrupt
                0x08008a30       0x28 CMakeFiles/kosann_UAVGimbal.elf.dir/Middlewares/Third_Party/FreeRTOS/Source/portable/GCC/ARM_CM4F/port.c.obj
                0x08008a30                vPortSetupTimerInterrupt
 .text.xPortStartScheduler
                0x08008a58      0x118 CMakeFiles/kosann_UAVGimbal.elf.dir/Middlewares/Third_Party/FreeRTOS/Source/portable/GCC/ARM_CM4F/port.c.obj
                0x08008a58                xPortStartScheduler
 .text.vPortValidateInterruptPriority
                0x08008b70       0x5c CMakeFiles/kosann_UAVGimbal.elf.dir/Middlewares/Third_Party/FreeRTOS/Source/portable/GCC/ARM_CM4F/port.c.obj
                0x08008b70                vPortValidateInterruptPriority
 .text.prvHeapInit
                0x08008bcc       0x64 CMakeFiles/kosann_UAVGimbal.elf.dir/Middlewares/Third_Party/FreeRTOS/Source/portable/MemMang/heap_4.c.obj
 .text.prvInsertBlockIntoFreeList
                0x08008c30       0x64 CMakeFiles/kosann_UAVGimbal.elf.dir/Middlewares/Third_Party/FreeRTOS/Source/portable/MemMang/heap_4.c.obj
 .text.pvPortMalloc
                0x08008c94       0xfc CMakeFiles/kosann_UAVGimbal.elf.dir/Middlewares/Third_Party/FreeRTOS/Source/portable/MemMang/heap_4.c.obj
                0x08008c94                pvPortMalloc
 .text.vPortFree
                0x08008d90       0x7c CMakeFiles/kosann_UAVGimbal.elf.dir/Middlewares/Third_Party/FreeRTOS/Source/portable/MemMang/heap_4.c.obj
                0x08008d90                vPortFree
 .text.prvIsQueueFull
                0x08008e0c       0x1e CMakeFiles/kosann_UAVGimbal.elf.dir/Middlewares/Third_Party/FreeRTOS/Source/queue.c.obj
 .text.prvIsQueueEmpty
                0x08008e2a       0x1a CMakeFiles/kosann_UAVGimbal.elf.dir/Middlewares/Third_Party/FreeRTOS/Source/queue.c.obj
 .text.prvCopyDataToQueue
                0x08008e44       0x76 CMakeFiles/kosann_UAVGimbal.elf.dir/Middlewares/Third_Party/FreeRTOS/Source/queue.c.obj
 .text.prvCopyDataFromQueue
                0x08008eba       0x24 CMakeFiles/kosann_UAVGimbal.elf.dir/Middlewares/Third_Party/FreeRTOS/Source/queue.c.obj
 .text.prvUnlockQueue
                0x08008ede       0x6e CMakeFiles/kosann_UAVGimbal.elf.dir/Middlewares/Third_Party/FreeRTOS/Source/queue.c.obj
 .text.xQueueGenericReset
                0x08008f4c       0x84 CMakeFiles/kosann_UAVGimbal.elf.dir/Middlewares/Third_Party/FreeRTOS/Source/queue.c.obj
                0x08008f4c                xQueueGenericReset
 .text.prvInitialiseNewQueue
                0x08008fd0       0x1c CMakeFiles/kosann_UAVGimbal.elf.dir/Middlewares/Third_Party/FreeRTOS/Source/queue.c.obj
 .text.xQueueGenericCreateStatic
                0x08008fec       0x94 CMakeFiles/kosann_UAVGimbal.elf.dir/Middlewares/Third_Party/FreeRTOS/Source/queue.c.obj
                0x08008fec                xQueueGenericCreateStatic
 .text.xQueueGenericSend
                0x08009080      0x188 CMakeFiles/kosann_UAVGimbal.elf.dir/Middlewares/Third_Party/FreeRTOS/Source/queue.c.obj
                0x08009080                xQueueGenericSend
 .text.xQueueGenericSendFromISR
                0x08009208       0xce CMakeFiles/kosann_UAVGimbal.elf.dir/Middlewares/Third_Party/FreeRTOS/Source/queue.c.obj
                0x08009208                xQueueGenericSendFromISR
 .text.xQueueReceive
                0x080092d6      0x15e CMakeFiles/kosann_UAVGimbal.elf.dir/Middlewares/Third_Party/FreeRTOS/Source/queue.c.obj
                0x080092d6                xQueueReceive
 .text.vQueueAddToRegistry
                0x08009434       0x28 CMakeFiles/kosann_UAVGimbal.elf.dir/Middlewares/Third_Party/FreeRTOS/Source/queue.c.obj
                0x08009434                vQueueAddToRegistry
 .text.vQueueWaitForMessageRestricted
                0x0800945c       0x52 CMakeFiles/kosann_UAVGimbal.elf.dir/Middlewares/Third_Party/FreeRTOS/Source/queue.c.obj
                0x0800945c                vQueueWaitForMessageRestricted
 *fill*         0x080094ae        0x2 
 .text.prvResetNextTaskUnblockTime
                0x080094b0       0x2c CMakeFiles/kosann_UAVGimbal.elf.dir/Middlewares/Third_Party/FreeRTOS/Source/tasks.c.obj
 .text.prvInitialiseNewTask
                0x080094dc       0xfe CMakeFiles/kosann_UAVGimbal.elf.dir/Middlewares/Third_Party/FreeRTOS/Source/tasks.c.obj
 *fill*         0x080095da        0x2 
 .text.prvInitialiseTaskLists
                0x080095dc       0x68 CMakeFiles/kosann_UAVGimbal.elf.dir/Middlewares/Third_Party/FreeRTOS/Source/tasks.c.obj
 .text.prvAddNewTaskToReadyList
                0x08009644       0xa8 CMakeFiles/kosann_UAVGimbal.elf.dir/Middlewares/Third_Party/FreeRTOS/Source/tasks.c.obj
 .text.prvDeleteTCB
                0x080096ec       0x40 CMakeFiles/kosann_UAVGimbal.elf.dir/Middlewares/Third_Party/FreeRTOS/Source/tasks.c.obj
 .text.prvCheckTasksWaitingTermination
                0x0800972c       0x4c CMakeFiles/kosann_UAVGimbal.elf.dir/Middlewares/Third_Party/FreeRTOS/Source/tasks.c.obj
 .text.prvIdleTask
                0x08009778       0x28 CMakeFiles/kosann_UAVGimbal.elf.dir/Middlewares/Third_Party/FreeRTOS/Source/tasks.c.obj
 .text.prvAddCurrentTaskToDelayedList
                0x080097a0       0x98 CMakeFiles/kosann_UAVGimbal.elf.dir/Middlewares/Third_Party/FreeRTOS/Source/tasks.c.obj
 .text.xTaskCreateStatic
                0x08009838       0x7a CMakeFiles/kosann_UAVGimbal.elf.dir/Middlewares/Third_Party/FreeRTOS/Source/tasks.c.obj
                0x08009838                xTaskCreateStatic
 .text.xTaskCreate
                0x080098b2       0x6a CMakeFiles/kosann_UAVGimbal.elf.dir/Middlewares/Third_Party/FreeRTOS/Source/tasks.c.obj
                0x080098b2                xTaskCreate
 .text.vTaskStartScheduler
                0x0800991c       0xac CMakeFiles/kosann_UAVGimbal.elf.dir/Middlewares/Third_Party/FreeRTOS/Source/tasks.c.obj
                0x0800991c                vTaskStartScheduler
 .text.vTaskSuspendAll
                0x080099c8       0x10 CMakeFiles/kosann_UAVGimbal.elf.dir/Middlewares/Third_Party/FreeRTOS/Source/tasks.c.obj
                0x080099c8                vTaskSuspendAll
 .text.xTaskGetTickCount
                0x080099d8        0xc CMakeFiles/kosann_UAVGimbal.elf.dir/Middlewares/Third_Party/FreeRTOS/Source/tasks.c.obj
                0x080099d8                xTaskGetTickCount
 .text.xTaskIncrementTick
                0x080099e4      0x118 CMakeFiles/kosann_UAVGimbal.elf.dir/Middlewares/Third_Party/FreeRTOS/Source/tasks.c.obj
                0x080099e4                xTaskIncrementTick
 .text.xTaskResumeAll
                0x08009afc       0xf8 CMakeFiles/kosann_UAVGimbal.elf.dir/Middlewares/Third_Party/FreeRTOS/Source/tasks.c.obj
                0x08009afc                xTaskResumeAll
 .text.vTaskDelayUntil
                0x08009bf4       0xa4 CMakeFiles/kosann_UAVGimbal.elf.dir/Middlewares/Third_Party/FreeRTOS/Source/tasks.c.obj
                0x08009bf4                vTaskDelayUntil
 .text.vTaskDelay
                0x08009c98       0x4c CMakeFiles/kosann_UAVGimbal.elf.dir/Middlewares/Third_Party/FreeRTOS/Source/tasks.c.obj
                0x08009c98                vTaskDelay
 .text.vTaskSwitchContext
                0x08009ce4       0xa4 CMakeFiles/kosann_UAVGimbal.elf.dir/Middlewares/Third_Party/FreeRTOS/Source/tasks.c.obj
                0x08009ce4                vTaskSwitchContext
 .text.vTaskPlaceOnEventList
                0x08009d88       0x30 CMakeFiles/kosann_UAVGimbal.elf.dir/Middlewares/Third_Party/FreeRTOS/Source/tasks.c.obj
                0x08009d88                vTaskPlaceOnEventList
 .text.vTaskPlaceOnEventListRestricted
                0x08009db8       0x38 CMakeFiles/kosann_UAVGimbal.elf.dir/Middlewares/Third_Party/FreeRTOS/Source/tasks.c.obj
                0x08009db8                vTaskPlaceOnEventListRestricted
 .text.xTaskRemoveFromEventList
                0x08009df0       0x8c CMakeFiles/kosann_UAVGimbal.elf.dir/Middlewares/Third_Party/FreeRTOS/Source/tasks.c.obj
                0x08009df0                xTaskRemoveFromEventList
 .text.vTaskInternalSetTimeOutState
                0x08009e7c       0x18 CMakeFiles/kosann_UAVGimbal.elf.dir/Middlewares/Third_Party/FreeRTOS/Source/tasks.c.obj
                0x08009e7c                vTaskInternalSetTimeOutState
 .text.xTaskCheckForTimeOut
                0x08009e94       0x84 CMakeFiles/kosann_UAVGimbal.elf.dir/Middlewares/Third_Party/FreeRTOS/Source/tasks.c.obj
                0x08009e94                xTaskCheckForTimeOut
 .text.vTaskMissedYield
                0x08009f18        0xc CMakeFiles/kosann_UAVGimbal.elf.dir/Middlewares/Third_Party/FreeRTOS/Source/tasks.c.obj
                0x08009f18                vTaskMissedYield
 .text.xTaskGetSchedulerState
                0x08009f24       0x20 CMakeFiles/kosann_UAVGimbal.elf.dir/Middlewares/Third_Party/FreeRTOS/Source/tasks.c.obj
                0x08009f24                xTaskGetSchedulerState
 .text.xTaskPriorityDisinherit
                0x08009f44       0xb4 CMakeFiles/kosann_UAVGimbal.elf.dir/Middlewares/Third_Party/FreeRTOS/Source/tasks.c.obj
                0x08009f44                xTaskPriorityDisinherit
 .text.prvGetNextExpireTime
                0x08009ff8       0x20 CMakeFiles/kosann_UAVGimbal.elf.dir/Middlewares/Third_Party/FreeRTOS/Source/timers.c.obj
 .text.prvInsertTimerInActiveList
                0x0800a018       0x48 CMakeFiles/kosann_UAVGimbal.elf.dir/Middlewares/Third_Party/FreeRTOS/Source/timers.c.obj
 .text.prvCheckForValidListAndQueue
                0x0800a060       0x70 CMakeFiles/kosann_UAVGimbal.elf.dir/Middlewares/Third_Party/FreeRTOS/Source/timers.c.obj
 .text.prvInitialiseNewTimer
                0x0800a0d0       0x4c CMakeFiles/kosann_UAVGimbal.elf.dir/Middlewares/Third_Party/FreeRTOS/Source/timers.c.obj
 .text.xTimerCreateTimerTask
                0x0800a11c       0x64 CMakeFiles/kosann_UAVGimbal.elf.dir/Middlewares/Third_Party/FreeRTOS/Source/timers.c.obj
                0x0800a11c                xTimerCreateTimerTask
 .text.xTimerCreate
                0x0800a180       0x38 CMakeFiles/kosann_UAVGimbal.elf.dir/Middlewares/Third_Party/FreeRTOS/Source/timers.c.obj
                0x0800a180                xTimerCreate
 .text.xTimerCreateStatic
                0x0800a1b8       0x54 CMakeFiles/kosann_UAVGimbal.elf.dir/Middlewares/Third_Party/FreeRTOS/Source/timers.c.obj
                0x0800a1b8                xTimerCreateStatic
 .text.xTimerGenericCommand
                0x0800a20c       0x6c CMakeFiles/kosann_UAVGimbal.elf.dir/Middlewares/Third_Party/FreeRTOS/Source/timers.c.obj
                0x0800a20c                xTimerGenericCommand
 .text.prvSwitchTimerLists
                0x0800a278       0x7c CMakeFiles/kosann_UAVGimbal.elf.dir/Middlewares/Third_Party/FreeRTOS/Source/timers.c.obj
 .text.prvSampleTimeNow
                0x0800a2f4       0x2c CMakeFiles/kosann_UAVGimbal.elf.dir/Middlewares/Third_Party/FreeRTOS/Source/timers.c.obj
 .text.prvProcessExpiredTimer
                0x0800a320       0x6c CMakeFiles/kosann_UAVGimbal.elf.dir/Middlewares/Third_Party/FreeRTOS/Source/timers.c.obj
 .text.prvProcessTimerOrBlockTask
                0x0800a38c       0x74 CMakeFiles/kosann_UAVGimbal.elf.dir/Middlewares/Third_Party/FreeRTOS/Source/timers.c.obj
 .text.prvProcessReceivedCommands
                0x0800a400       0xfc CMakeFiles/kosann_UAVGimbal.elf.dir/Middlewares/Third_Party/FreeRTOS/Source/timers.c.obj
 .text.prvTimerTask
                0x0800a4fc       0x16 CMakeFiles/kosann_UAVGimbal.elf.dir/Middlewares/Third_Party/FreeRTOS/Source/timers.c.obj
 *fill*         0x0800a512        0x2 
 .text.MX_USB_DEVICE_Init
                0x0800a514       0x54 CMakeFiles/kosann_UAVGimbal.elf.dir/USB_DEVICE/App/usb_device.c.obj
                0x0800a514                MX_USB_DEVICE_Init
 .text.CDC_DeInit_FS
                0x0800a568        0x4 CMakeFiles/kosann_UAVGimbal.elf.dir/USB_DEVICE/App/usbd_cdc_if.c.obj
 .text.CDC_Control_FS
                0x0800a56c        0x4 CMakeFiles/kosann_UAVGimbal.elf.dir/USB_DEVICE/App/usbd_cdc_if.c.obj
 .text.CDC_TransmitCplt_FS
                0x0800a570        0x4 CMakeFiles/kosann_UAVGimbal.elf.dir/USB_DEVICE/App/usbd_cdc_if.c.obj
 .text.CDC_Receive_FS
                0x0800a574       0x1c CMakeFiles/kosann_UAVGimbal.elf.dir/USB_DEVICE/App/usbd_cdc_if.c.obj
 .text.CDC_Init_FS
                0x0800a590       0x28 CMakeFiles/kosann_UAVGimbal.elf.dir/USB_DEVICE/App/usbd_cdc_if.c.obj
 .text.USBD_FS_DeviceDescriptor
                0x0800a5b8        0xc CMakeFiles/kosann_UAVGimbal.elf.dir/USB_DEVICE/App/usbd_desc.c.obj
                0x0800a5b8                USBD_FS_DeviceDescriptor
 .text.USBD_FS_LangIDStrDescriptor
                0x0800a5c4        0xc CMakeFiles/kosann_UAVGimbal.elf.dir/USB_DEVICE/App/usbd_desc.c.obj
                0x0800a5c4                USBD_FS_LangIDStrDescriptor
 .text.IntToUnicode
                0x0800a5d0       0x46 CMakeFiles/kosann_UAVGimbal.elf.dir/USB_DEVICE/App/usbd_desc.c.obj
 *fill*         0x0800a616        0x2 
 .text.Get_SerialNum
                0x0800a618       0x38 CMakeFiles/kosann_UAVGimbal.elf.dir/USB_DEVICE/App/usbd_desc.c.obj
 .text.USBD_FS_SerialStrDescriptor
                0x0800a650       0x14 CMakeFiles/kosann_UAVGimbal.elf.dir/USB_DEVICE/App/usbd_desc.c.obj
                0x0800a650                USBD_FS_SerialStrDescriptor
 .text.USBD_FS_ProductStrDescriptor
                0x0800a664       0x24 CMakeFiles/kosann_UAVGimbal.elf.dir/USB_DEVICE/App/usbd_desc.c.obj
                0x0800a664                USBD_FS_ProductStrDescriptor
 .text.USBD_FS_ManufacturerStrDescriptor
                0x0800a688       0x1c CMakeFiles/kosann_UAVGimbal.elf.dir/USB_DEVICE/App/usbd_desc.c.obj
                0x0800a688                USBD_FS_ManufacturerStrDescriptor
 .text.USBD_FS_ConfigStrDescriptor
                0x0800a6a4       0x24 CMakeFiles/kosann_UAVGimbal.elf.dir/USB_DEVICE/App/usbd_desc.c.obj
                0x0800a6a4                USBD_FS_ConfigStrDescriptor
 .text.USBD_FS_InterfaceStrDescriptor
                0x0800a6c8       0x24 CMakeFiles/kosann_UAVGimbal.elf.dir/USB_DEVICE/App/usbd_desc.c.obj
                0x0800a6c8                USBD_FS_InterfaceStrDescriptor
 .text.HAL_PCD_MspInit
                0x0800a6ec       0x84 CMakeFiles/kosann_UAVGimbal.elf.dir/USB_DEVICE/Target/usbd_conf.c.obj
                0x0800a6ec                HAL_PCD_MspInit
 .text.HAL_PCD_SetupStageCallback
                0x0800a770       0x10 CMakeFiles/kosann_UAVGimbal.elf.dir/USB_DEVICE/Target/usbd_conf.c.obj
                0x0800a770                HAL_PCD_SetupStageCallback
 .text.HAL_PCD_DataOutStageCallback
                0x0800a780       0x18 CMakeFiles/kosann_UAVGimbal.elf.dir/USB_DEVICE/Target/usbd_conf.c.obj
                0x0800a780                HAL_PCD_DataOutStageCallback
 .text.HAL_PCD_DataInStageCallback
                0x0800a798       0x16 CMakeFiles/kosann_UAVGimbal.elf.dir/USB_DEVICE/Target/usbd_conf.c.obj
                0x0800a798                HAL_PCD_DataInStageCallback
 .text.HAL_PCD_SOFCallback
                0x0800a7ae        0xc CMakeFiles/kosann_UAVGimbal.elf.dir/USB_DEVICE/Target/usbd_conf.c.obj
                0x0800a7ae                HAL_PCD_SOFCallback